Component: ARM Compiler 5.06 update 6 (build 750) Tool: armlink [4d35ed]

==============================================================================

Section Cross References

    startup_stm32f103xb.o(STACK) refers (Special) to heapauxi.o(.text) for __use_two_region_memory
    startup_stm32f103xb.o(HEAP) refers (Special) to heapauxi.o(.text) for __use_two_region_memory
    startup_stm32f103xb.o(RESET) refers (Special) to heapauxi.o(.text) for __use_two_region_memory
    startup_stm32f103xb.o(RESET) refers to startup_stm32f103xb.o(STACK) for __initial_sp
    startup_stm32f103xb.o(RESET) refers to startup_stm32f103xb.o(.text) for Reset_Handler
    startup_stm32f103xb.o(RESET) refers to stm32f1xx_it.o(i.NMI_Handler) for NMI_Handler
    startup_stm32f103xb.o(RESET) refers to stm32f1xx_it.o(i.HardFault_Handler) for HardFault_Handler
    startup_stm32f103xb.o(RESET) refers to stm32f1xx_it.o(i.MemManage_Handler) for MemManage_Handler
    startup_stm32f103xb.o(RESET) refers to stm32f1xx_it.o(i.BusFault_Handler) for BusFault_Handler
    startup_stm32f103xb.o(RESET) refers to stm32f1xx_it.o(i.UsageFault_Handler) for UsageFault_Handler
    startup_stm32f103xb.o(RESET) refers to stm32f1xx_it.o(i.SVC_Handler) for SVC_Handler
    startup_stm32f103xb.o(RESET) refers to stm32f1xx_it.o(i.DebugMon_Handler) for DebugMon_Handler
    startup_stm32f103xb.o(RESET) refers to stm32f1xx_it.o(i.PendSV_Handler) for PendSV_Handler
    startup_stm32f103xb.o(RESET) refers to stm32f1xx_it.o(i.SysTick_Handler) for SysTick_Handler
    startup_stm32f103xb.o(RESET) refers to stm32f1xx_it.o(i.DMA1_Channel1_IRQHandler) for DMA1_Channel1_IRQHandler
    startup_stm32f103xb.o(RESET) refers to stm32f1xx_it.o(i.DMA1_Channel3_IRQHandler) for DMA1_Channel3_IRQHandler
    startup_stm32f103xb.o(RESET) refers to stm32f1xx_it.o(i.DMA1_Channel5_IRQHandler) for DMA1_Channel5_IRQHandler
    startup_stm32f103xb.o(RESET) refers to stm32f1xx_it.o(i.TIM2_IRQHandler) for TIM2_IRQHandler
    startup_stm32f103xb.o(RESET) refers to stm32f1xx_it.o(i.USART1_IRQHandler) for USART1_IRQHandler
    startup_stm32f103xb.o(RESET) refers to stm32f1xx_it.o(i.USART3_IRQHandler) for USART3_IRQHandler
    startup_stm32f103xb.o(.text) refers (Special) to heapauxi.o(.text) for __use_two_region_memory
    startup_stm32f103xb.o(.text) refers to system_stm32f1xx.o(i.SystemInit) for SystemInit
    startup_stm32f103xb.o(.text) refers to __main.o(!!!main) for __main
    startup_stm32f103xb.o(.text) refers to startup_stm32f103xb.o(HEAP) for Heap_Mem
    startup_stm32f103xb.o(.text) refers to startup_stm32f103xb.o(STACK) for Stack_Mem
    log_printf.o(.rev16_text) refers (Special) to use_no_semi_2.o(.text) for __use_no_semihosting
    log_printf.o(.revsh_text) refers (Special) to use_no_semi_2.o(.text) for __use_no_semihosting
    log_printf.o(.rrx_text) refers (Special) to use_no_semi_2.o(.text) for __use_no_semihosting
    log_printf.o(i._sys_exit) refers (Special) to use_no_semi_2.o(.text) for __use_no_semihosting
    log_printf.o(i.fputc) refers (Special) to use_no_semi_2.o(.text) for __use_no_semihosting
    log_printf.o(i.fputc) refers to stm32f1xx_hal_uart.o(i.HAL_UART_Transmit) for HAL_UART_Transmit
    log_printf.o(i.fputc) refers to main.o(.bss) for huart1
    log_printf.o(.data) refers (Special) to use_no_semi_2.o(.text) for __use_no_semihosting
    oled.o(i.IIC_Start) refers to stm32f1xx_hal_gpio.o(i.HAL_GPIO_WritePin) for HAL_GPIO_WritePin
    oled.o(i.IIC_Stop) refers to stm32f1xx_hal_gpio.o(i.HAL_GPIO_WritePin) for HAL_GPIO_WritePin
    oled.o(i.IIC_Wait_Ack) refers to stm32f1xx_hal_gpio.o(i.HAL_GPIO_WritePin) for HAL_GPIO_WritePin
    oled.o(i.OLED_Clear) refers to oled.o(i.OLED_WR_Byte) for OLED_WR_Byte
    oled.o(i.OLED_Display_Off) refers to oled.o(i.OLED_WR_Byte) for OLED_WR_Byte
    oled.o(i.OLED_Display_On) refers to oled.o(i.OLED_WR_Byte) for OLED_WR_Byte
    oled.o(i.OLED_DrawBMP) refers to oled.o(i.OLED_Set_Pos) for OLED_Set_Pos
    oled.o(i.OLED_DrawBMP) refers to oled.o(i.OLED_WR_Byte) for OLED_WR_Byte
    oled.o(i.OLED_Init) refers to stm32f1xx_hal_gpio.o(i.HAL_GPIO_WritePin) for HAL_GPIO_WritePin
    oled.o(i.OLED_Init) refers to stm32f1xx_hal.o(i.HAL_Delay) for HAL_Delay
    oled.o(i.OLED_Init) refers to oled.o(i.OLED_WR_Byte) for OLED_WR_Byte
    oled.o(i.OLED_On) refers to oled.o(i.OLED_WR_Byte) for OLED_WR_Byte
    oled.o(i.OLED_Set_Pos) refers to oled.o(i.OLED_WR_Byte) for OLED_WR_Byte
    oled.o(i.OLED_ShowCHinese) refers to oled.o(i.OLED_Set_Pos) for OLED_Set_Pos
    oled.o(i.OLED_ShowCHinese) refers to oled.o(i.OLED_WR_Byte) for OLED_WR_Byte
    oled.o(i.OLED_ShowCHinese) refers to oled.o(.data) for rebo
    oled.o(i.OLED_ShowChar) refers to oled.o(i.OLED_Set_Pos) for OLED_Set_Pos
    oled.o(i.OLED_ShowChar) refers to oled.o(i.OLED_WR_Byte) for OLED_WR_Byte
    oled.o(i.OLED_ShowChar) refers to oled.o(.constdata) for F8X16
    oled.o(i.OLED_ShowDateNum_x12) refers to oled.o(i.OLED_Set_Pos) for OLED_Set_Pos
[...]
    i.HAL_MspInit                            0x080024c4   Section        0  stm32f1xx_hal_msp.o(i.HAL_MspInit)
    i.HAL_NVIC_EnableIRQ                     0x08002518   Section        0  stm32f1xx_hal_cortex.o(i.HAL_NVIC_EnableIRQ)
    i.HAL_NVIC_SetPriority                   0x08002538   Section        0  stm32f1xx_hal_cortex.o(i.HAL_NVIC_SetPriority)
    i.HAL_NVIC_SetPriorityGrouping           0x080025b4   Section        0  stm32f1xx_hal_cortex.o(i.HAL_NVIC_SetPriorityGrouping)
    i.HAL_RCCEx_GetPeriphCLKFreq             0x080025dc   Section        0  stm32f1xx_hal_rcc_ex.o(i.HAL_RCCEx_GetPeriphCLKFreq)
    i.HAL_RCCEx_PeriphCLKConfig              0x080026f4   Section        0  stm32f1xx_hal_rcc_ex.o(i.HAL_RCCEx_PeriphCLKConfig)
    i.HAL_RCC_ClockConfig                    0x08002824   Section        0  stm32f1xx_hal_rcc.o(i.HAL_RCC_ClockConfig)
    i.HAL_RCC_GetHCLKFreq                    0x080029b0   Section        0  stm32f1xx_hal_rcc.o(i.HAL_RCC_GetHCLKFreq)
    i.HAL_RCC_GetPCLK1Freq                   0x080029bc   Section        0  stm32f1xx_hal_rcc.o(i.HAL_RCC_GetPCLK1Freq)
    i.HAL_RCC_GetPCLK2Freq                   0x080029dc   Section        0  stm32f1xx_hal_rcc.o(i.HAL_RCC_GetPCLK2Freq)
    i.HAL_RCC_GetSysClockFreq                0x080029fc   Section        0  stm32f1xx_hal_rcc.o(i.HAL_RCC_GetSysClockFreq)
    i.HAL_RCC_OscConfig                      0x08002a90   Section        0  stm32f1xx_hal_rcc.o(i.HAL_RCC_OscConfig)
    i.HAL_SYSTICK_Config                     0x08002ef4   Section        0  stm32f1xx_hal_cortex.o(i.HAL_SYSTICK_Config)
    i.HAL_TIMEx_BreakCallback                0x08002f28   Section        0  stm32f1xx_hal_tim_ex.o(i.HAL_TIMEx_BreakCallback)
    i.HAL_TIMEx_CommutCallback               0x08002f2a   Section        0  stm32f1xx_hal_tim_ex.o(i.HAL_TIMEx_CommutCallback)
    i.HAL_TIMEx_MasterConfigSynchronization  0x08002f2c   Section        0  stm32f1xx_hal_tim_ex.o(i.HAL_TIMEx_MasterConfigSynchronization)
    i.HAL_TIM_Base_Init                      0x08002fb0   Section        0  stm32f1xx_hal_tim.o(i.HAL_TIM_Base_Init)
    i.HAL_TIM_Base_MspInit                   0x08003018   Section        0  stm32f1xx_hal_msp.o(i.HAL_TIM_Base_MspInit)
    i.HAL_TIM_Base_Start_IT                  0x08003058   Section        0  stm32f1xx_hal_tim.o(i.HAL_TIM_Base_Start_IT)
    i.HAL_TIM_ConfigClockSource              0x080030d0   Section        0  stm32f1xx_hal_tim.o(i.HAL_TIM_ConfigClockSource)
    i.HAL_TIM_IC_CaptureCallback             0x080031d8   Section        0  stm32f1xx_hal_tim.o(i.HAL_TIM_IC_CaptureCallback)
    i.HAL_TIM_IRQHandler                     0x080031da   Section        0  stm32f1xx_hal_tim.o(i.HAL_TIM_IRQHandler)
    i.HAL_TIM_OC_DelayElapsedCallback        0x08003370   Section        0  stm32f1xx_hal_tim.o(i.HAL_TIM_OC_DelayElapsedCallback)
    i.HAL_TIM_PWM_PulseFinishedCallback      0x08003372   Section        0  stm32f1xx_hal_tim.o(i.HAL_TIM_PWM_PulseFinishedCallback)
    i.HAL_TIM_PeriodElapsedCallback          0x08003374   Section        0  lg_timer.o(i.HAL_TIM_PeriodElapsedCallback)
    i.HAL_TIM_TriggerCallback                0x0800340c   Section        0  stm32f1xx_hal_tim.o(i.HAL_TIM_TriggerCallback)
    i.HAL_UARTEx_RxEventCallback             0x0800340e   Section        0  stm32f1xx_hal_uart.o(i.HAL_UARTEx_RxEventCallback)
    i.HAL_UART_DMAStop                       0x08003410   Section        0  stm32f1xx_hal_uart.o(i.HAL_UART_DMAStop)
    i.HAL_UART_ErrorCallback                 0x08003476   Section        0  stm32f1xx_hal_uart.o(i.HAL_UART_ErrorCallback)
    i.HAL_UART_IRQHandler                    0x08003478   Section        0  stm32f1xx_hal_uart.o(i.HAL_UART_IRQHandler)
    i.HAL_UART_Init                          0x080036c4   Section        0  stm32f1xx_hal_uart.o(i.HAL_UART_Init)
    i.HAL_UART_MspInit                       0x08003738   Section        0  stm32f1xx_hal_msp.o(i.HAL_UART_MspInit)
    i.HAL_UART_Receive_DMA                   0x080038c4   Section        0  stm32f1xx_hal_uart.o(i.HAL_UART_Receive_DMA)
    i.HAL_UART_RxCpltCallback                0x08003906   Section        0  stm32f1xx_hal_uart.o(i.HAL_UART_RxCpltCallback)
    i.HAL_UART_RxHalfCpltCallback            0x08003908   Section        0  stm32f1xx_hal_uart.o(i.HAL_UART_RxHalfCpltCallback)
    i.HAL_UART_Transmit                      0x0800390a   Section        0  stm32f1xx_hal_uart.o(i.HAL_UART_Transmit)
    i.HAL_UART_TxCpltCallback                0x080039dc   Section        0  stm32f1xx_hal_uart.o(i.HAL_UART_TxCpltCallback)
    i.HardFault_Handler                      0x080039de   Section        0  stm32f1xx_it.o(i.HardFault_Handler)
    i.IIC_Start                              0x080039e4   Section        0  oled.o(i.IIC_Start)
    IIC_Start                                0x080039e5   Thumb Code    44  oled.o(i.IIC_Start)
    i.IIC_Stop                               0x08003a14   Section        0  oled.o(i.IIC_Stop)
    IIC_Stop                                 0x08003a15   Thumb Code    34  oled.o(i.IIC_Stop)
    i.IIC_Wait_Ack                           0x08003a3c   Section        0  oled.o(i.IIC_Wait_Ack)
    IIC_Wait_Ack                             0x08003a3d   Thumb Code    24  oled.o(i.IIC_Wait_Ack)
    i.MX_ADC1_Init                           0x08003a58   Section        0  main.o(i.MX_ADC1_Init)
    MX_ADC1_Init                             0x08003a59   Thumb Code   124  main.o(i.MX_ADC1_Init)
    i.MX_DMA_Init                            0x08003adc   Section        0  main.o(i.MX_DMA_Init)
    MX_DMA_Init                              0x08003add   Thumb Code    80  main.o(i.MX_DMA_Init)
    i.MX_GPIO_Init                           0x08003b30   Section        0  main.o(i.MX_GPIO_Init)
    MX_GPIO_Init                             0x08003b31   Thumb Code   186  main.o(i.MX_GPIO_Init)
    i.MX_TIM2_Init                           0x08003bf8   Section        0  main.o(i.MX_TIM2_Init)
    MX_TIM2_Init                             0x08003bf9   Thumb Code   102  main.o(i.MX_TIM2_Init)
    i.MX_USART1_UART_Init                    0x08003c64   Section        0  main.o(i.MX_USART1_UART_Init)
    MX_USART1_UART_Init                      0x08003c65   Thumb Code    46  main.o(i.MX_USART1_UART_Init)
    i.MX_USART3_UART_Init                    0x08003c9c   Section        0  main.o(i.MX_USART3_UART_Init)
    MX_USART3_UART_Init                      0x08003c9d   Thumb Code    46  main.o(i.MX_USART3_UART_Init)
    i.MemManage_Handler                      0x08003cd4   Section        0  stm32f1xx_it.o(i.MemManage_Handler)
    i.NMI_Handler                            0x08003cd8   Section        0  stm32f1xx_it.o(i.NMI_Handler)
    i.OLED_Clear                             0x08003cdc   Section        0  oled.o(i.OLED_Clear)
    i.OLED_Init                              0x08003d1c   Section        0  oled.o(i.OLED_Init)
    i.OLED_Set_Pos                           0x08003e3c   Section        0  oled.o(i.OLED_Set_Pos)
    i.OLED_ShowCHinese                       0x08003e64   Section        0  oled.o(i.OLED_ShowCHinese)
    i.OLED_ShowChar                          0x08003ec4   Section        0  oled.o(i.OLED_ShowChar)
    i.OLED_ShowString                        0x08003f68   Section        0  oled.o(i.OLED_ShowString)
    i.OLED_WR_Byte                           0x08003fae   Section        0  oled.o(i.OLED_WR_Byte)
    OLED_WR_Byte                             0x08003faf   Thumb Code    24  oled.o(i.OLED_WR_Byte)
    i.PendSV_Handler                         0x08003fc6   Section        0  stm32f1xx_it.o(i.PendSV_Handler)
    i.RCC_Delay                              0x08003fc8   Section        0  stm32f1xx_hal_rcc.o(i.RCC_Delay)
    RCC_Delay                                0x08003fc9   Thumb Code    36  stm32f1xx_hal_rcc.o(i.RCC_Delay)
    i.SVC_Handler                            0x08003ff0   Section        0  stm32f1xx_it.o(i.SVC_Handler)
    i.SysTick_Handler                        0x08003ff2   Section        0  stm32f1xx_it.o(i.SysTick_Handler)
    i.SystemClock_Config                     0x08003ffa   Section        0  main.o(i.SystemClock_Config)
    i.SystemInit                             0x0800407c   Section        0  system_stm32f1xx.o(i.SystemInit)
    i.TIM2_IRQHandler                        0x08004080   Section        0  stm32f1xx_it.o(i.TIM2_IRQHandler)
    i.TIM_Base_SetConfig                     0x08004090   Section        0  stm32f1xx_hal_tim.o(i.TIM_Base_SetConfig)
    i.TIM_ETR_SetConfig                      0x08004104   Section        0  stm32f1xx_hal_tim.o(i.TIM_ETR_SetConfig)
    i.TIM_ITRx_SetConfig                     0x0800411a   Section        0  stm32f1xx_hal_tim.o(i.TIM_ITRx_SetConfig)
    TIM_ITRx_SetConfig                       0x0800411b   Thumb Code    18  stm32f1xx_hal_tim.o(i.TIM_ITRx_SetConfig)
    i.TIM_TI1_ConfigInputStage               0x0800412c   Section        0  stm32f1xx_hal_tim.o(i.TIM_TI1_ConfigInputStage)
    TIM_TI1_ConfigInputStage                 0x0800412d   Thumb Code    38  stm32f1xx_hal_tim.o(i.TIM_TI1_ConfigInputStage)
    i.TIM_TI2_ConfigInputStage               0x08004152   Section        0  stm32f1xx_hal_tim.o(i.TIM_TI2_ConfigInputStage)
    TIM_TI2_ConfigInputStage                 0x08004153   Thumb Code    40  stm32f1xx_hal_tim.o(i.TIM_TI2_ConfigInputStage)
    i.UART1_IDLE_Callback                    0x0800417c   Section        0  logic.o(i.UART1_IDLE_Callback)
    i.UART3_IDLE_Callback                    0x080041f0   Section        0  logic.o(i.UART3_IDLE_Callback)
    i.UART_DMAAbortOnError                   0x08004264   Section        0  stm32f1xx_hal_uart.o(i.UART_DMAAbortOnError)
    UART_DMAAbortOnError                     0x08004265   Thumb Code    20  stm32f1xx_hal_uart.o(i.UART_DMAAbortOnError)
    i.UART_DMAError                          0x08004278   Section        0  stm32f1xx_hal_uart.o(i.UART_DMAError)
    UART_DMAError                            0x08004279   Thumb Code    80  stm32f1xx_hal_uart.o(i.UART_DMAError)
    i.UART_DMAReceiveCplt                    0x080042c8   Section        0  stm32f1xx_hal_uart.o(i.UART_DMAReceiveCplt)
    UART_DMAReceiveCplt                      0x080042c9   Thumb Code   104  stm32f1xx_hal_uart.o(i.UART_DMAReceiveCplt)
    i.UART_DMARxHalfCplt                     0x08004330   Section        0  stm32f1xx_hal_uart.o(i.UART_DMARxHalfCplt)
    UART_DMARxHalfCplt                       0x08004331   Thumb Code    32  stm32f1xx_hal_uart.o(i.UART_DMARxHalfCplt)
    i.UART_EndRxTransfer                     0x08004350   Section        0  stm32f1xx_hal_uart.o(i.UART_EndRxTransfer)
    UART_EndRxTransfer                       0x08004351   Thumb Code    54  stm32f1xx_hal_uart.o(i.UART_EndRxTransfer)
    i.UART_EndTransmit_IT                    0x08004386   Section        0  stm32f1xx_hal_uart.o(i.UART_EndTransmit_IT)
    UART_EndTransmit_IT                      0x08004387   Thumb Code    32  stm32f1xx_hal_uart.o(i.UART_EndTransmit_IT)
    i.UART_EndTxTransfer                     0x080043a6   Section        0  stm32f1xx_hal_uart.o(i.UART_EndTxTransfer)
    UART_EndTxTransfer                       0x080043a7   Thumb Code    20  stm32f1xx_hal_uart.o(i.UART_EndTxTransfer)
    i.UART_Receive_IT                        0x080043ba   Section        0  stm32f1xx_hal_uart.o(i.UART_Receive_IT)
    UART_Receive_IT                          0x080043bb   Thumb Code   228  stm32f1xx_hal_uart.o(i.UART_Receive_IT)
    i.UART_SetConfig                         0x080044a0   Section        0  stm32f1xx_hal_uart.o(i.UART_SetConfig)
    UART_SetConfig                           0x080044a1   Thumb Code   248  stm32f1xx_hal_uart.o(i.UART_SetConfig)
    i.UART_Start_Receive_DMA                 0x0800459c   Section        0  stm32f1xx_hal_uart.o(i.UART_Start_Receive_DMA)
    i.UART_Transmit_IT                       0x08004634   Section        0  stm32f1xx_hal_uart.o(i.UART_Transmit_IT)
    UART_Transmit_IT                         0x08004635   Thumb Code    96  stm32f1xx_hal_uart.o(i.UART_Transmit_IT)
    i.UART_WaitOnFlagUntilTimeout            0x08004694   Section        0  stm32f1xx_hal_uart.o(i.UART_WaitOnFlagUntilTimeout)
    UART_WaitOnFlagUntilTimeout              0x08004695   Thumb Code   108  stm32f1xx_hal_uart.o(i.UART_WaitOnFlagUntilTimeout)
    i.USART1_IRQHandler                      0x08004700   Section        0  stm32f1xx_it.o(i.USART1_IRQHandler)
    i.USART3_IRQHandler                      0x08004714   Section        0  stm32f1xx_it.o(i.USART3_IRQHandler)
    i.UsageFault_Handler                     0x08004728   Section        0  stm32f1xx_it.o(i.UsageFault_Handler)
    i.Voltage_Monitor                        0x0800472c   Section        0  main.o(i.Voltage_Monitor)
    i.Write_IIC_Byte                         0x080047d8   Section        0  oled.o(i.Write_IIC_Byte)
    Write_IIC_Byte                           0x080047d9   Thumb Code    90  oled.o(i.Write_IIC_Byte)
    i.Write_IIC_Command                      0x08004838   Section        0  oled.o(i.Write_IIC_Command)
    Write_IIC_Command                        0x08004839   Thumb Code    44  oled.o(i.Write_IIC_Command)
    i.Write_IIC_Data                         0x08004864   Section        0  oled.o(i.Write_IIC_Data)
    Write_IIC_Data                           0x08004865   Thumb Code    44  oled.o(i.Write_IIC_Data)
    i.__ARM_fpclassify                       0x08004890   Section        0  fpclassify.o(i.__ARM_fpclassify)
    i.__NVIC_GetPriorityGrouping             0x080048b8   Section        0  stm32f1xx_hal_cortex.o(i.__NVIC_GetPriorityGrouping)
    __NVIC_GetPriorityGrouping               0x080048b9   Thumb Code    10  stm32f1xx_hal_cortex.o(i.__NVIC_GetPriorityGrouping)
    i.__NVIC_SetPriority                     0x080048c8   Section        0  stm32f1xx_hal_cortex.o(i.__NVIC_SetPriority)
    __NVIC_SetPriority                       0x080048c9   Thumb Code    32  stm32f1xx_hal_cortex.o(i.__NVIC_SetPriority)
    i._is_digit                              0x080048f0   Section        0  __printf_wp.o(i._is_digit)
    i._sys_exit                              0x080048fe   Section        0  log_printf.o(i._sys_exit)
    i.fputc                                  0x08004904   Section        0  log_printf.o(i.fputc)
    i.lcd_vol_adc_display                    0x0800491c   Section        0  logic.o(i.lcd_vol_adc_display)
    i.main                                   0x08004ad4   Section        0  main.o(i.main)
    i.process_key                            0x08004d64   Section        0  lg_timer.o(i.process_key)
    i.show_title_intensity                   0x08004f00   Section        0  logic.o(i.show_title_intensity)
    locale$$code                             0x08004fac   Section       44  lc_numeric_c.o(locale$$code)
    x$fpl$d2f                                0x08004fd8   Section       98  d2f.o(x$fpl$d2f)
    x$fpl$ddiv                               0x0800503c   Section      688  ddiv.o(x$fpl$ddiv)
    ddiv_entry                               0x08005043   Thumb Code     0  ddiv.o(x$fpl$ddiv)
    x$fpl$dmul                               0x080052ec   Section      340  dmul.o(x$fpl$dmul)
    x$fpl$dnaninf                            0x08005440   Section      156  dnaninf.o(x$fpl$dnaninf)
    x$fpl$dretinf                            0x080054dc   Section       12  dretinf.o(x$fpl$dretinf)
    x$fpl$f2d                                0x080054e8   Section       86  f2d.o(x$fpl$f2d)
    x$fpl$fcmpinf                            0x0800553e   Section       24  fcmpi.o(x$fpl$fcmpinf)
    x$fpl$ffltu                              0x08005558   Section       38  fflt_clz.o(x$fpl$ffltu)
    x$fpl$fleqf                              0x08005580   Section      104  fleqf.o(x$fpl$fleqf)
    x$fpl$fnaninf                            0x080055e8   Section      140  fnaninf.o(x$fpl$fnaninf)
    x$fpl$fretinf                            0x08005674   Section       10  fretinf.o(x$fpl$fretinf)
    x$fpl$frleqf                             0x0800567e   Section       98  frleqf.o(x$fpl$frleqf)
    x$fpl$printf1                            0x080056e0   Section        4  printf1.o(x$fpl$printf1)
    .constdata                               0x080056e4   Section     2248  oled.o(.constdata)
    x$fpl$usenofp                            0x080056e4   Section        0  usenofp.o(x$fpl$usenofp)
    .constdata                               0x08005fac   Section       24  system_stm32f1xx.o(.constdata)
    .constdata                               0x08005fc4   Section       17  __printf_flags_wp.o(.constdata)
    maptable                                 0x08005fc4   Data          17  __printf_flags_wp.o(.constdata)
    .constdata                               0x08005fd8   Section      148  bigflt0.o(.constdata)
    tenpwrs_x                                0x08005fd8   Data          60  bigflt0.o(.constdata)
    tenpwrs_i                                0x08006014   Data          64  bigflt0.o(.constdata)
    locale$$data                             0x0800608c   Section       28  lc_numeric_c.o(locale$$data)
    __lcnum_c_name                           0x08006090   Data           2  lc_numeric_c.o(locale$$data)
    __lcnum_c_start                          0x08006098   Data           0  lc_numeric_c.o(locale$$data)
    __lcnum_c_point                          0x080060a4   Data           0  lc_numeric_c.o(locale$$data)
    __lcnum_c_thousands                      0x080060a6   Data           0  lc_numeric_c.o(locale$$data)
    __lcnum_c_grouping                       0x080060a7   Data           0  lc_numeric_c.o(locale$$data)
    __lcnum_c_end                            0x080060a8   Data           0  lc_numeric_c.o(locale$$data)
    .data                                    0x20000000   Section        4  log_printf.o(.data)
    .data                                    0x20000004   Section      256  oled.o(.data)
    .data                                    0x20000104   Section        6  logic.o(.data)
    .data                                    0x2000010c   Section       40  lg_timer.o(.data)
    IN3                                      0x2000011c   Data           2  lg_timer.o(.data)
    IN3_1                                    0x2000011e   Data           2  lg_timer.o(.data)
    IN3_2                                    0x20000120   Data           2  lg_timer.o(.data)
    IN3_3                                    0x20000122   Data           2  lg_timer.o(.data)
    IN4                                      0x20000124   Data           2  lg_timer.o(.data)
    IN4_1                                    0x20000126   Data           2  lg_timer.o(.data)
    IN4_2                                    0x20000128   Data           2  lg_timer.o(.data)
    IN4_3                                    0x2000012a   Data           2  lg_timer.o(.data)
    IN5                                      0x2000012c   Data           2  lg_timer.o(.data)
    IN5_1                                    0x2000012e   Data           2  lg_timer.o(.data)
    IN5_2                                    0x20000130   Data           2  lg_timer.o(.data)
    IN5_3                                    0x20000132   Data           2  lg_timer.o(.data)
    .data                                    0x20000134   Section       12  main.o(.data)
    .data                                    0x20000140   Section        9  stm32f1xx_hal.o(.data)
    .data                                    0x2000014c   Section        4  system_stm32f1xx.o(.data)
    .bss                                     0x20000150   Section       40  logic.o(.bss)
    ch                                       0x20000150   Data          20  logic.o(.bss)
    ch                                       0x20000164   Data          20  logic.o(.bss)
    .bss                                     0x20000178   Section      800  main.o(.bss)
    .bss                                     0x20000498   Section       96  libspace.o(.bss)
    HEAP                                     0x200004f8   Section      512  startup_stm32f103xb.o(HEAP)
    Heap_Mem                                 0x200004f8   Data         512  startup_stm32f103xb.o(HEAP)
    STACK                                    0x200006f8   Section     1024  startup_stm32f103xb.o(STACK)
    Stack_Mem                                0x200006f8   Data        1024  startup_stm32f103xb.o(STACK)
    __initial_sp                             0x20000af8   Data           0  startup_stm32f103xb.o(STACK)

    Global Symbols

    Symbol Name                              Value     Ov Type        Size  Object(Section)

    BuildAttributes$$THM_ISAv4$P$D$K$B$S$PE$A:L22UL41UL21$X:L11$S22US41US21$IEEE1$IW$USESV6$~STKCKD$USESV7$~SHL$OTIME$ROPI$IEEEJ$EBA8$UX$STANDARDLIB$REQ8$PRES8$EABIv2 0x00000000   Number         0  anon$$obj.o ABSOLUTE
    __ARM_use_no_argv                        0x00000000   Number         0  main.o ABSOLUTE
    _printf_flags                            0x00000000   Number         0  printf_stubs.o ABSOLUTE
    _printf_return_value                     0x00000000   Number         0  printf_stubs.o ABSOLUTE
    _printf_sizespec                         0x00000000   Number         0  printf_stubs.o ABSOLUTE
    _printf_widthprec                        0x00000000   Number         0  printf_stubs.o ABSOLUTE
    __ARM_exceptions_init                     - Undefined Weak Reference
    __alloca_initialize                       - Undefined Weak Reference
    __arm_preinit_                            - Undefined Weak Reference
    __cpp_initialize__aeabi_                  - Undefined Weak Reference
    __cxa_finalize                            - Undefined Weak Reference
    __sigvec_lookup                           - Undefined Weak Reference
    _atexit_init                              - Undefined Weak Reference
    _call_atexit_fns                          - Undefined Weak Reference
    _clock_init                               - Undefined Weak Reference
    _fp_trap_init                             - Undefined Weak Reference
    _fp_trap_shutdown                         - Undefined Weak Reference
    _get_lc_collate                           - Undefined Weak Reference
    _get_lc_ctype                             - Undefined Weak Reference
    _get_lc_monetary                          - Undefined Weak Reference
    _get_lc_time                              - Undefined Weak Reference
    _getenv_init                              - Undefined Weak Reference
    _handle_redirection                       - Undefined Weak Reference
    _init_alloc                               - Undefined Weak Reference
    _init_user_alloc                          - Undefined Weak Reference
    _initio                                   - Undefined Weak Reference
    _mutex_acquire                            - Undefined Weak Reference
    _mutex_release                            - Undefined Weak Reference
    _printf_post_padding                      - Undefined Weak Reference
    _printf_pre_padding                       - Undefined Weak Reference
    _printf_truncate_signed                   - Undefined Weak Reference
    _printf_truncate_unsigned                 - Undefined Weak Reference
    _rand_init                                - Undefined Weak Reference
    _signal_finish                            - Undefined Weak Reference
    _signal_init                              - Undefined Weak Reference
    _terminate_alloc                          - Undefined Weak Reference
    _terminate_user_alloc                     - Undefined Weak Reference
    _terminateio                              - Undefined Weak Reference
    __Vectors_Size                           0x000000ec   Number         0  startup_stm32f103xb.o ABSOLUTE
    __Vectors                                0x08000000   Data           4  startup_stm32f103xb.o(RESET)
    __Vectors_End                            0x080000ec   Data           0  startup_stm32f103xb.o(RESET)
    __main                                   0x080000ed   Thumb Code     8  __main.o(!!!main)
    __scatterload                            0x080000f5   Thumb Code     0  __scatter.o(!!!scatter)
    __scatterload_rt2                        0x080000f5   Thumb Code    44  __scatter.o(!!!scatter)
    __scatterload_rt2_thumb_only             0x080000f5   Thumb Code     0  __scatter.o(!!!scatter)
    __scatterload_null                       0x08000103   Thumb Code     0  __scatter.o(!!!scatter)
    __decompress                             0x08000129   Thumb Code    90  __dczerorl2.o(!!dczerorl2)
    __decompress1                            0x08000129   Thumb Code     0  __dczerorl2.o(!!dczerorl2)
    __scatterload_zeroinit                   0x08000185   Thumb Code    28  __scatter_zi.o(!!handler_zi)
    _printf_f                                0x080001a1   Thumb Code     0  _printf_f.o(.ARM.Collect$$_printf_percent$$00000003)
    _printf_percent                          0x080001a1   Thumb Code     0  _printf_percent.o(.ARM.Collect$$_printf_percent$$00000000)
    _printf_d                                0x080001a7   Thumb Code     0  _printf_d.o(.ARM.Collect$$_printf_percent$$00000009)
    _printf_percent_end                      0x080001ad   Thumb Code     0  _printf_percent_end.o(.ARM.Collect$$_printf_percent$$00000017)
    __rt_lib_init                            0x080001b1   Thumb Code     0  libinit.o(.ARM.Collect$$libinit$$00000000)
    __rt_lib_init_fp_1                       0x080001b3   Thumb Code     0  libinit2.o(.ARM.Collect$$libinit$$00000002)
    __rt_lib_init_heap_1                     0x080001b3   Thumb Code     0  libinit2.o(.ARM.Collect$$libinit$$0000000A)
    __rt_lib_init_lc_common                  0x080001b3   Thumb Code     0  libinit2.o(.ARM.Collect$$libinit$$0000000F)
    __rt_lib_init_preinit_1                  0x080001b3   Thumb Code     0  libinit2.o(.ARM.Collect$$libinit$$00000004)
    __rt_lib_init_rand_1                     0x080001b3   Thumb Code     0  libinit2.o(.ARM.Collect$$libinit$$0000000E)
    __rt_lib_init_user_alloc_1               0x080001b3   Thumb Code     0  libinit2.o(.ARM.Collect$$libinit$$0000000C)
    __rt_lib_init_lc_collate_1               0x080001b9   Thumb Code     0  libinit2.o(.ARM.Collect$$libinit$$00000011)
    __rt_lib_init_lc_ctype_1                 0x080001b9   Thumb Code     0  libinit2.o(.ARM.Collect$$libinit$$00000013)
    __rt_lib_init_lc_monetary_1              0x080001b9   Thumb Code     0  libinit2.o(.ARM.Collect$$libinit$$00000015)
    __rt_lib_init_lc_numeric_2               0x080001b9   Thumb Code     0  libinit2.o(.ARM.Collect$$libinit$$00000016)
    __rt_lib_init_alloca_1                   0x080001c3   Thumb Code     0  libinit2.o(.ARM.Collect$$libinit$$0000002E)
    __rt_lib_init_argv_1                     0x080001c3   Thumb Code     0  libinit2.o(.ARM.Collect$$libinit$$0000002C)
    __rt_lib_init_atexit_1                   0x080001c3   Thumb Code     0  libinit2.o(.ARM.Collect$$libinit$$0000001B)
    __rt_lib_init_clock_1                    0x080001c3   Thumb Code     0  libinit2.o(.ARM.Collect$$libinit$$00000021)
    __rt_lib_init_cpp_1                      0x080001c3   Thumb Code     0  libinit2.o(.ARM.Collect$$libinit$$00000032)
    __rt_lib_init_exceptions_1               0x080001c3   Thumb Code     0  libinit2.o(.ARM.Collect$$libinit$$00000030)
    __rt_lib_init_fp_trap_1                  0x080001c3   Thumb Code     0  libinit2.o(.ARM.Collect$$libinit$$0000001F)
    __rt_lib_init_getenv_1                   0x080001c3   Thumb Code     0  libinit2.o(.ARM.Collect$$libinit$$00000023)
    __rt_lib_init_lc_numeric_1               0x080001c3   Thumb Code     0  libinit2.o(.ARM.Collect$$libinit$$00000017)
    __rt_lib_init_lc_time_1                  0x080001c3   Thumb Code     0  libinit2.o(.ARM.Collect$$libinit$$00000019)
    __rt_lib_init_return                     0x080001c3   Thumb Code     0  libinit2.o(.ARM.Collect$$libinit$$00000033)
    __rt_lib_init_signal_1                   0x080001c3   Thumb Code     0  libinit2.o(.ARM.Collect$$libinit$$0000001D)
    __rt_lib_init_stdio_1                    0x080001c3   Thumb Code     0  libinit2.o(.ARM.Collect$$libinit$$00000025)
    __rt_lib_shutdown                        0x080001c5   Thumb Code     0  libshutdown.o(.ARM.Collect$$libshutdown$$00000000)
    __rt_lib_shutdown_cpp_1                  0x080001c7   Thumb Code     0  libshutdown2.o(.ARM.Collect$$libshutdown$$00000002)
    __rt_lib_shutdown_fp_trap_1              0x080001c7   Thumb Code     0  libshutdown2.o(.ARM.Collect$$libshutdown$$00000007)
    __rt_lib_shutdown_heap_1                 0x080001c7   Thumb Code     0  libshutdown2.o(.ARM.Collect$$libshutdown$$0000000F)
    __rt_lib_shutdown_return                 0x080001c7   Thumb Code     0  libshutdown2.o(.ARM.Collect$$libshutdown$$00000010)
    __rt_lib_shutdown_signal_1               0x080001c7   Thumb Code     0  libshutdown2.o(.ARM.Collect$$libshutdown$$0000000A)
    __rt_lib_shutdown_stdio_1                0x080001c7   Thumb Code     0  libshutdown2.o(.ARM.Collect$$libshutdown$$00000004)
    __rt_lib_shutdown_user_alloc_1           0x080001c7   Thumb Code     0  libshutdown2.o(.ARM.Collect$$libshutdown$$0000000C)
    __rt_entry                               0x080001c9   Thumb Code     0  __rtentry.o(.ARM.Collect$$rtentry$$00000000)
    __rt_entry_presh_1                       0x080001c9   Thumb Code     0  __rtentry2.o(.ARM.Collect$$rtentry$$00000002)
    __rt_entry_sh                            0x080001c9   Thumb Code     0  __rtentry4.o(.ARM.Collect$$rtentry$$00000004)
    __rt_entry_li                            0x080001cf   Thumb Code     0  __rtentry2.o(.ARM.Collect$$rtentry$$0000000A)
    __rt_entry_postsh_1                      0x080001cf   Thumb Code     0  __rtentry2.o(.ARM.Collect$$rtentry$$00000009)
    __rt_entry_main                          0x080001d3   Thumb Code     0  __rtentry2.o(.ARM.Collect$$rtentry$$0000000D)
    __rt_entry_postli_1                      0x080001d3   Thumb Code     0  __rtentry2.o(.ARM.Collect$$rtentry$$0000000C)
    __rt_exit                                0x080001db   Thumb Code     0  rtexit.o(.ARM.Collect$$rtexit$$00000000)
    __rt_exit_ls                             0x080001dd   Thumb Code     0  rtexit2.o(.ARM.Collect$$rtexit$$00000003)
    __rt_exit_prels_1                        0x080001dd   Thumb Code     0  rtexit2.o(.ARM.Collect$$rtexit$$00000002)
    __rt_exit_exit                           0x080001e1   Thumb Code     0  rtexit2.o(.ARM.Collect$$rtexit$$00000004)
    Reset_Handler                            0x080001e9   Thumb Code     8  startup_stm32f103xb.o(.text)
    ADC1_2_IRQHandler                        0x08000203   Thumb Code     0  startup_stm32f103xb.o(.text)
    CAN1_RX1_IRQHandler                      0x08000203   Thumb Code     0  startup_stm32f103xb.o(.text)
    CAN1_SCE_IRQHandler                      0x08000203   Thumb Code     0  startup_stm32f103xb.o(.text)
    DMA1_Channel2_IRQHandler                 0x08000203   Thumb Code     0  startup_stm32f103xb.o(.text)
    DMA1_Channel4_IRQHandler                 0x08000203   Thumb Code     0  startup_stm32f103xb.o(.text)
    DMA1_Channel6_IRQHandler                 0x08000203   Thumb Code     0  startup_stm32f103xb.o(.text)
    DMA1_Channel7_IRQHandler                 0x08000203   Thumb Code     0  startup_stm32f103xb.o(.text)
    EXTI0_IRQHandler                         0x08000203   Thumb Code     0  startup_stm32f103xb.o(.text)
    EXTI15_10_IRQHandler                     0x08000203   Thumb Code     0  startup_stm32f103xb.o(.text)
    EXTI1_IRQHandler                         0x08000203   Thumb Code     0  startup_stm32f103xb.o(.text)
    EXTI2_IRQHandler                         0x08000203   Thumb Code     0  startup_stm32f103xb.o(.text)
    EXTI3_IRQHandler                         0x08000203   Thumb Code     0  startup_stm32f103xb.o(.text)
    EXTI4_IRQHandler                         0x08000203   Thumb Code     0  startup_stm32f103xb.o(.text)
    EXTI9_5_IRQHandler                       0x08000203   Thumb Code     0  startup_stm32f103xb.o(.text)
    FLASH_IRQHandler                         0x08000203   Thumb Code     0  startup_stm32f103xb.o(.text)
    I2C1_ER_IRQHandler                       0x08000203   Thumb Code     0  startup_stm32f103xb.o(.text)
    I2C1_EV_IRQHandler                       0x08000203   Thumb Code     0  startup_stm32f103xb.o(.text)
    I2C2_ER_IRQHandler                       0x08000203   Thumb Code     0  startup_stm32f103xb.o(.text)
    I2C2_EV_IRQHandler                       0x08000203   Thumb Code     0  startup_stm32f103xb.o(.text)
    PVD_IRQHandler                           0x08000203   Thumb Code     0  startup_stm32f103xb.o(.text)
    RCC_IRQHandler                           0x08000203   Thumb Code     0  startup_stm32f103xb.o(.text)
    RTC_Alarm_IRQHandler                     0x08000203   Thumb Code     0  startup_stm32f103xb.o(.text)
    RTC_IRQHandler                           0x08000203   Thumb Code     0  startup_stm32f103xb.o(.text)
    SPI1_IRQHandler                          0x08000203   Thumb Code     0  startup_stm32f103xb.o(.text)
    SPI2_IRQHandler                          0x08000203   Thumb Code     0  startup_stm32f103xb.o(.text)
    TAMPER_IRQHandler                        0x08000203   Thumb Code     0  startup_stm32f103xb.o(.text)
    TIM1_BRK_IRQHandler                      0x08000203   Thumb Code     0  startup_stm32f103xb.o(.text)
    TIM1_CC_IRQHandler                       0x08000203   Thumb Code     0  startup_stm32f103xb.o(.text)
    TIM1_TRG_COM_IRQHandler                  0x08000203   Thumb Code     0  startup_stm32f103xb.o(.text)
    TIM1_UP_IRQHandler                       0x08000203   Thumb Code     0  startup_stm32f103xb.o(.text)
    TIM3_IRQHandler                          0x08000203   Thumb Code     0  startup_stm32f103xb.o(.text)
    TIM4_IRQHandler                          0x08000203   Thumb Code     0  startup_stm32f103xb.o(.text)
    USART2_IRQHandler                        0x08000203   Thumb Code     0  startup_stm32f103xb.o(.text)
    USBWakeUp_IRQHandler                     0x08000203   Thumb Code     0  startup_stm32f103xb.o(.text)
    USB_HP_CAN1_TX_IRQHandler                0x08000203   Thumb Code     0  startup_stm32f103xb.o(.text)
    USB_LP_CAN1_RX0_IRQHandler               0x08000203   Thumb Code     0  startup_stm32f103xb.o(.text)
    WWDG_IRQHandler                          0x08000203   Thumb Code     0  startup_stm32f103xb.o(.text)
    __user_initial_stackheap                 0x08000205   Thumb Code     0  startup_stm32f103xb.o(.text)
    __use_no_semihosting                     0x08000229   Thumb Code     2  use_no_semi_2.o(.text)
    __2printf                                0x0800022d   Thumb Code    20  noretval__2printf.o(.text)
    __2snprintf                              0x08000245   Thumb Code    48  noretval__2snprintf.o(.text)
    _printf_int_dec                          0x08000279   Thumb Code   104  _printf_dec.o(.text)
    __printf                                 0x080002f1   Thumb Code   308  __printf_flags_wp.o(.text)
    __aeabi_memclr                           0x08000429   Thumb Code     0  rt_memclr.o(.text)
    __rt_memclr                              0x08000429   Thumb Code    68  rt_memclr.o(.text)
    _memset                                  0x0800042d   Thumb Code     0  rt_memclr.o(.text)
    __aeabi_memclr4                          0x0800046d   Thumb Code     0  rt_memclr_w.o(.text)
    __aeabi_memclr8                          0x0800046d   Thumb Code     0  rt_memclr_w.o(.text)
    __rt_memclr_w                            0x0800046d   Thumb Code    78  rt_memclr_w.o(.text)
    _memset_w                                0x08000471   Thumb Code     0  rt_memclr_w.o(.text)
    __use_two_region_memory                  0x080004bb   Thumb Code     2  heapauxi.o(.text)
    __rt_heap_escrow$2region                 0x080004bd   Thumb Code     2  heapauxi.o(.text)
    __rt_heap_expand$2region                 0x080004bf   Thumb Code     2  heapauxi.o(.text)
    __I$use$semihosting                      0x080004c1   Thumb Code     0  use_no_semi.o(.text)
    __use_no_semihosting_swi                 0x080004c1   Thumb Code     2  use_no_semi.o(.text)
    _printf_int_common                       0x080004c3   Thumb Code   178  _printf_intcommon.o(.text)
    __lib_sel_fp_printf                      0x08000575   Thumb Code     2  _printf_fp_dec.o(.text)
    _printf_fp_dec_real                      0x08000727   Thumb Code   620  _printf_fp_dec.o(.text)
    _printf_char_common                      0x0800099f   Thumb Code    32  _printf_char_common.o(.text)
    _sputc                                   0x080009c5   Thumb Code    10  _sputc.o(.text)
    _snputc                                  0x080009cf   Thumb Code    16  _snputc.o(.text)
    _printf_char_file                        0x080009e1   Thumb Code    32  _printf_char_file.o(.text)
    __rt_locale                              0x08000a05   Thumb Code     8  rt_locale_intlibspace.o(.text)
    _ll_udiv10                               0x08000a0d   Thumb Code   138  lludiv10.o(.text)
    _printf_fp_infnan                        0x08000a99   Thumb Code   112  _printf_fp_infnan.o(.text)
    _btod_etento                             0x08000b19   Thumb Code   224  bigflt0.o(.text)
    ferror                                   0x08000bfd   Thumb Code     8  ferror.o(.text)
    __user_libspace                          0x08000c05   Thumb Code     8  libspace.o(.text)
    __user_perproc_libspace                  0x08000c05   Thumb Code     0  libspace.o(.text)
    __user_perthread_libspace                0x08000c05   Thumb Code     0  libspace.o(.text)
    __user_setup_stackheap                   0x08000c0d   Thumb Code    74  sys_stackheap_outer.o(.text)
    exit                                     0x08000c57   Thumb Code    18  exit.o(.text)
    strcmp                                   0x08000c69   Thumb Code   128  strcmpv7m.o(.text)
    _btod_d2e                                0x08000ce9   Thumb Code    62  btod.o(CL$$btod_d2e)
    _d2e_denorm_low                          0x08000d27   Thumb Code    70  btod.o(CL$$btod_d2e_denorm_low)
    _d2e_norm_op1                            0x08000d6d   Thumb Code    96  btod.o(CL$$btod_d2e_norm_op1)
    __btod_div_common                        0x08000dcd   Thumb Code   696  btod.o(CL$$btod_div_common)
    _e2e                                     0x08001105   Thumb Code   220  btod.o(CL$$btod_e2e)
    _btod_ediv                               0x080011e1   Thumb Code    42  btod.o(CL$$btod_ediv)
    _btod_emul                               0x0800120b   Thumb Code    42  btod.o(CL$$btod_emul)
    __btod_mult_common                       0x08001235   Thumb Code   580  btod.o(CL$$btod_mult_common)
    ADC_ConversionStop_Disable               0x08001479   Thumb Code    92  stm32f1xx_hal_adc.o(i.ADC_ConversionStop_Disable)
    ADC_DMAConvCplt                          0x080014d5   Thumb Code    82  stm32f1xx_hal_adc.o(i.ADC_DMAConvCplt)
    ADC_DMAError                             0x08001527   Thumb Code    30  stm32f1xx_hal_adc.o(i.ADC_DMAError)
    ADC_DMAHalfConvCplt                      0x08001545   Thumb Code    14  stm32f1xx_hal_adc.o(i.ADC_DMAHalfConvCplt)
    ADC_Enable                               0x08001555   Thumb Code   134  stm32f1xx_hal_adc.o(i.ADC_Enable)
    BusFault_Handler                         0x080015e5   Thumb Code     4  stm32f1xx_it.o(i.BusFault_Handler)
    DMA1_Channel1_IRQHandler                 0x080015e9   Thumb Code    14  stm32f1xx_it.o(i.DMA1_Channel1_IRQHandler)
    DMA1_Channel3_IRQHandler                 0x080015fd   Thumb Code    10  stm32f1xx_it.o(i.DMA1_Channel3_IRQHandler)
    DMA1_Channel5_IRQHandler                 0x0800160d   Thumb Code    10  stm32f1xx_it.o(i.DMA1_Channel5_IRQHandler)
    DMA_IRQ_Callback                         0x0800161d   Thumb Code    82  logic.o(i.DMA_IRQ_Callback)
    DebugMon_Handler                         0x080016a9   Thumb Code     2  stm32f1xx_it.o(i.DebugMon_Handler)
    Error_Handler                            0x080016ab   Thumb Code     6  main.o(i.Error_Handler)
    HAL_ADCEx_Calibration_Start              0x080016b1   Thumb Code   276  stm32f1xx_hal_adc_ex.o(i.HAL_ADCEx_Calibration_Start)
    HAL_ADC_ConfigChannel                    0x080017c9   Thumb Code   338  stm32f1xx_hal_adc.o(i.HAL_ADC_ConfigChannel)
    HAL_ADC_ConvCpltCallback                 0x08001929   Thumb Code     2  stm32f1xx_hal_adc.o(i.HAL_ADC_ConvCpltCallback)
    HAL_ADC_ConvHalfCpltCallback             0x0800192b   Thumb Code     2  stm32f1xx_hal_adc.o(i.HAL_ADC_ConvHalfCpltCallback)
    HAL_ADC_ErrorCallback                    0x0800192d   Thumb Code     2  stm32f1xx_hal_adc.o(i.HAL_ADC_ErrorCallback)
    HAL_ADC_Init                             0x08001931   Thumb Code   314  stm32f1xx_hal_adc.o(i.HAL_ADC_Init)
    HAL_ADC_MspInit                          0x08001a75   Thumb Code   154  stm32f1xx_hal_msp.o(i.HAL_ADC_MspInit)
    HAL_ADC_Start_DMA                        0x08001b25   Thumb Code   362  stm32f1xx_hal_adc.o(i.HAL_ADC_Start_DMA)
    HAL_ADC_Stop_DMA                         0x08001ca5   Thumb Code   106  stm32f1xx_hal_adc.o(i.HAL_ADC_Stop_DMA)
    HAL_DMA_Abort                            0x08001d0f   Thumb Code    86  stm32f1xx_hal_dma.o(i.HAL_DMA_Abort)
    HAL_DMA_Abort_IT                         0x08001d65   Thumb Code   172  stm32f1xx_hal_dma.o(i.HAL_DMA_Abort_IT)
    HAL_DMA_IRQHandler                       0x08001e15   Thumb Code   408  stm32f1xx_hal_dma.o(i.HAL_DMA_IRQHandler)
    HAL_DMA_Init                             0x08001fb1   Thumb Code   100  stm32f1xx_hal_dma.o(i.HAL_DMA_Init)
    HAL_DMA_Start_IT                         0x08002019   Thumb Code   156  stm32f1xx_hal_dma.o(i.HAL_DMA_Start_IT)
    HAL_Delay                                0x080020b5   Thumb Code    36  stm32f1xx_hal.o(i.HAL_Delay)
    HAL_GPIO_Init                            0x080020dd   Thumb Code   766  stm32f1xx_hal_gpio.o(i.HAL_GPIO_Init)
    HAL_GPIO_ReadPin                         0x080023fd   Thumb Code    16  stm32f1xx_hal_gpio.o(i.HAL_GPIO_ReadPin)
    HAL_GPIO_TogglePin                       0x0800240d   Thumb Code    20  stm32f1xx_hal_gpio.o(i.HAL_GPIO_TogglePin)
    HAL_GPIO_WritePin                        0x08002421   Thumb Code    12  stm32f1xx_hal_gpio.o(i.HAL_GPIO_WritePin)
    HAL_GetTick                              0x0800242d   Thumb Code     6  stm32f1xx_hal.o(i.HAL_GetTick)
    HAL_IncTick                              0x08002439   Thumb Code    16  stm32f1xx_hal.o(i.HAL_IncTick)
    HAL_Init                                 0x08002451   Thumb Code    34  stm32f1xx_hal.o(i.HAL_Init)
    HAL_InitTick                             0x08002479   Thumb Code    64  stm32f1xx_hal.o(i.HAL_InitTick)
    HAL_MspInit                              0x080024c5   Thumb Code    76  stm32f1xx_hal_msp.o(i.HAL_MspInit)
    HAL_NVIC_EnableIRQ                       0x08002519   Thumb Code    32  stm32f1xx_hal_cortex.o(i.HAL_NVIC_EnableIRQ)
    HAL_NVIC_SetPriority                     0x08002539   Thumb Code   124  stm32f1xx_hal_cortex.o(i.HAL_NVIC_SetPriority)
    HAL_NVIC_SetPriorityGrouping             0x080025b5   Thumb Code    32  stm32f1xx_hal_cortex.o(i.HAL_NVIC_SetPriorityGrouping)
    HAL_RCCEx_GetPeriphCLKFreq               0x080025dd   Thumb Code   248  stm32f1xx_hal_rcc_ex.o(i.HAL_RCCEx_GetPeriphCLKFreq)
    HAL_RCCEx_PeriphCLKConfig                0x080026f5   Thumb Code   290  stm32f1xx_hal_rcc_ex.o(i.HAL_RCCEx_PeriphCLKConfig)
    HAL_RCC_ClockConfig                      0x08002825   Thumb Code   376  stm32f1xx_hal_rcc.o(i.HAL_RCC_ClockConfig)
    HAL_RCC_GetHCLKFreq                      0x080029b1   Thumb Code     6  stm32f1xx_hal_rcc.o(i.HAL_RCC_GetHCLKFreq)
    HAL_RCC_GetPCLK1Freq                     0x080029bd   Thumb Code    22  stm32f1xx_hal_rcc.o(i.HAL_RCC_GetPCLK1Freq)
    HAL_RCC_GetPCLK2Freq                     0x080029dd   Thumb Code    22  stm32f1xx_hal_rcc.o(i.HAL_RCC_GetPCLK2Freq)
    HAL_RCC_GetSysClockFreq                  0x080029fd   Thumb Code   116  stm32f1xx_hal_rcc.o(i.HAL_RCC_GetSysClockFreq)
    HAL_RCC_OscConfig                        0x08002a91   Thumb Code  1114  stm32f1xx_hal_rcc.o(i.HAL_RCC_OscConfig)
    HAL_SYSTICK_Config                       0x08002ef5   Thumb Code    52  stm32f1xx_hal_cortex.o(i.HAL_SYSTICK_Config)
    HAL_TIMEx_BreakCallback                  0x08002f29   Thumb Code     2  stm32f1xx_hal_tim_ex.o(i.HAL_TIMEx_BreakCallback)
    HAL_TIMEx_CommutCallback                 0x08002f2b   Thumb Code     2  stm32f1xx_hal_tim_ex.o(i.HAL_TIMEx_CommutCallback)
    HAL_TIMEx_MasterConfigSynchronization    0x08002f2d   Thumb Code   118  stm32f1xx_hal_tim_ex.o(i.HAL_TIMEx_MasterConfigSynchronization)
    HAL_TIM_Base_Init                        0x08002fb1   Thumb Code   102  stm32f1xx_hal_tim.o(i.HAL_TIM_Base_Init)
    HAL_TIM_Base_MspInit                     0x08003019   Thumb Code    58  stm32f1xx_hal_msp.o(i.HAL_TIM_Base_MspInit)
    HAL_TIM_Base_Start_IT                    0x08003059   Thumb Code   106  stm32f1xx_hal_tim.o(i.HAL_TIM_Base_Start_IT)
    HAL_TIM_ConfigClockSource                0x080030d1   Thumb Code   264  stm32f1xx_hal_tim.o(i.HAL_TIM_ConfigClockSource)
    HAL_TIM_IC_CaptureCallback               0x080031d9   Thumb Code     2  stm32f1xx_hal_tim.o(i.HAL_TIM_IC_CaptureCallback)
    HAL_TIM_IRQHandler                       0x080031db   Thumb Code   406  stm32f1xx_hal_tim.o(i.HAL_TIM_IRQHandler)
    HAL_TIM_OC_DelayElapsedCallback          0x08003371   Thumb Code     2  stm32f1xx_hal_tim.o(i.HAL_TIM_OC_DelayElapsedCallback)
    HAL_TIM_PWM_PulseFinishedCallback        0x08003373   Thumb Code     2  stm32f1xx_hal_tim.o(i.HAL_TIM_PWM_PulseFinishedCallback)
    HAL_TIM_PeriodElapsedCallback            0x08003375   Thumb Code   126  lg_timer.o(i.HAL_TIM_PeriodElapsedCallback)
    HAL_TIM_TriggerCallback                  0x0800340d   Thumb Code     2  stm32f1xx_hal_tim.o(i.HAL_TIM_TriggerCallback)
    HAL_UARTEx_RxEventCallback               0x0800340f   Thumb Code     2  stm32f1xx_hal_uart.o(i.HAL_UARTEx_RxEventCallback)
    HAL_UART_DMAStop                         0x08003411   Thumb Code   102  stm32f1xx_hal_uart.o(i.HAL_UART_DMAStop)
    HAL_UART_ErrorCallback                   0x08003477   Thumb Code     2  stm32f1xx_hal_uart.o(i.HAL_UART_ErrorCallback)
    HAL_UART_IRQHandler                      0x08003479   Thumb Code   582  stm32f1xx_hal_uart.o(i.HAL_UART_IRQHandler)
    HAL_UART_Init                            0x080036c5   Thumb Code   114  stm32f1xx_hal_uart.o(i.HAL_UART_Init)
    HAL_UART_MspInit                         0x08003739   Thumb Code   364  stm32f1xx_hal_msp.o(i.HAL_UART_MspInit)
    HAL_UART_Receive_DMA                     0x080038c5   Thumb Code    66  stm32f1xx_hal_uart.o(i.HAL_UART_Receive_DMA)
    HAL_UART_RxCpltCallback                  0x08003907   Thumb Code     2  stm32f1xx_hal_uart.o(i.HAL_UART_RxCpltCallback)
    HAL_UART_RxHalfCpltCallback              0x08003909   Thumb Code     2  stm32f1xx_hal_uart.o(i.HAL_UART_RxHalfCpltCallback)
    HAL_UART_Transmit                        0x0800390b   Thumb Code   210  stm32f1xx_hal_uart.o(i.HAL_UART_Transmit)
    HAL_UART_TxCpltCallback                  0x080039dd   Thumb Code     2  stm32f1xx_hal_uart.o(i.HAL_UART_TxCpltCallback)
    HardFault_Handler                        0x080039df   Thumb Code     4  stm32f1xx_it.o(i.HardFault_Handler)
    MemManage_Handler                        0x08003cd5   Thumb Code     4  stm32f1xx_it.o(i.MemManage_Handler)
    NMI_Handler                              0x08003cd9   Thumb Code     4  stm32f1xx_it.o(i.NMI_Handler)
    OLED_Clear                               0x08003cdd   Thumb Code    62  oled.o(i.OLED_Clear)
    OLED_Init                                0x08003d1d   Thumb Code   280  oled.o(i.OLED_Init)
    OLED_Set_Pos                             0x08003e3d   Thumb Code    40  oled.o(i.OLED_Set_Pos)
    OLED_ShowCHinese                         0x08003e65   Thumb Code    92  oled.o(i.OLED_ShowCHinese)
    OLED_ShowChar                            0x08003ec5   Thumb Code   154  oled.o(i.OLED_ShowChar)
    OLED_ShowString                          0x08003f69   Thumb Code    70  oled.o(i.OLED_ShowString)
    PendSV_Handler                           0x08003fc7   Thumb Code     2  stm32f1xx_it.o(i.PendSV_Handler)
    SVC_Handler                              0x08003ff1   Thumb Code     2  stm32f1xx_it.o(i.SVC_Handler)
    SysTick_Handler                          0x08003ff3   Thumb Code     8  stm32f1xx_it.o(i.SysTick_Handler)
    SystemClock_Config                       0x08003ffb   Thumb Code   130  main.o(i.SystemClock_Config)
    SystemInit                               0x0800407d   Thumb Code     2  system_stm32f1xx.o(i.SystemInit)
    TIM2_IRQHandler                          0x08004081   Thumb Code    10  stm32f1xx_it.o(i.TIM2_IRQHandler)
    TIM_Base_SetConfig                       0x08004091   Thumb Code   104  stm32f1xx_hal_tim.o(i.TIM_Base_SetConfig)
    TIM_ETR_SetConfig                        0x08004105   Thumb Code    22  stm32f1xx_hal_tim.o(i.TIM_ETR_SetConfig)
    UART1_IDLE_Callback                      0x0800417d   Thumb Code   104  logic.o(i.UART1_IDLE_Callback)
    UART3_IDLE_Callback                      0x080041f1   Thumb Code   104  logic.o(i.UART3_IDLE_Callback)
    UART_Start_Receive_DMA                   0x0800459d   Thumb Code   138  stm32f1xx_hal_uart.o(i.UART_Start_Receive_DMA)
    USART1_IRQHandler                        0x08004701   Thumb Code    16  stm32f1xx_it.o(i.USART1_IRQHandler)
    USART3_IRQHandler                        0x08004715   Thumb Code    16  stm32f1xx_it.o(i.USART3_IRQHandler)
    UsageFault_Handler                       0x08004729   Thumb Code     4  stm32f1xx_it.o(i.UsageFault_Handler)
    Voltage_Monitor                          0x0800472d   Thumb Code   130  main.o(i.Voltage_Monitor)
    __ARM_fpclassify                         0x08004891   Thumb Code    40  fpclassify.o(i.__ARM_fpclassify)
    _is_digit                                0x080048f1   Thumb Code    14  __printf_wp.o(i._is_digit)
    _sys_exit                                0x080048ff   Thumb Code     4  log_printf.o(i._sys_exit)
    fputc                                    0x08004905   Thumb Code    20  log_printf.o(i.fputc)
    lcd_vol_adc_display                      0x0800491d   Thumb Code   348  logic.o(i.lcd_vol_adc_display)
    main                                     0x08004ad5   Thumb Code   560  main.o(i.main)
    process_key                              0x08004d65   Thumb Code   350  lg_timer.o(i.process_key)
    show_title_intensity                     0x08004f01   Thumb Code   158  logic.o(i.show_title_intensity)
    _get_lc_numeric                          0x08004fad   Thumb Code    44  lc_numeric_c.o(locale$$code)
    __aeabi_d2f                              0x08004fd9   Thumb Code     0  d2f.o(x$fpl$d2f)
    _d2f                                     0x08004fd9   Thumb Code    98  d2f.o(x$fpl$d2f)
    __aeabi_ddiv                             0x0800503d   Thumb Code     0  ddiv.o(x$fpl$ddiv)
    _ddiv                                    0x0800503d   Thumb Code   552  ddiv.o(x$fpl$ddiv)
    __aeabi_dmul                             0x080052ed   Thumb Code     0  dmul.o(x$fpl$dmul)
    _dmul                                    0x080052ed   Thumb Code   332  dmul.o(x$fpl$dmul)
    __fpl_dnaninf                            0x08005441   Thumb Code   156  dnaninf.o(x$fpl$dnaninf)
    __fpl_dretinf                            0x080054dd   Thumb Code    12  dretinf.o(x$fpl$dretinf)
    __aeabi_f2d                              0x080054e9   Thumb Code     0  f2d.o(x$fpl$f2d)
    _f2d                                     0x080054e9   Thumb Code    86  f2d.o(x$fpl$f2d)
    __fpl_fcmp_Inf                           0x0800553f   Thumb Code    24  fcmpi.o(x$fpl$fcmpinf)
    __aeabi_ui2f                             0x08005559   Thumb Code     0  fflt_clz.o(x$fpl$ffltu)
    _ffltu                                   0x08005559   Thumb Code    38  fflt_clz.o(x$fpl$ffltu)
    __aeabi_cfcmple                          0x08005581   Thumb Code     0  fleqf.o(x$fpl$fleqf)
    _fcmple                                  0x08005581   Thumb Code   104  fleqf.o(x$fpl$fleqf)
    __fpl_fcmple_InfNaN                      0x080055d3   Thumb Code     0  fleqf.o(x$fpl$fleqf)
    __fpl_fnaninf                            0x080055e9   Thumb Code   140  fnaninf.o(x$fpl$fnaninf)
    __fpl_fretinf                            0x08005675   Thumb Code    10  fretinf.o(x$fpl$fretinf)
    __aeabi_cfrcmple                         0x0800567f   Thumb Code     0  frleqf.o(x$fpl$frleqf)
    _frcmple                                 0x0800567f   Thumb Code    98  frleqf.o(x$fpl$frleqf)
    _printf_fp_dec                           0x080056e1   Thumb Code     4  printf1.o(x$fpl$printf1)
    F6x8                                     0x080056e4   Data         552  oled.o(.constdata)
    __I$use$fp                               0x080056e4   Number         0  usenofp.o(x$fpl$usenofp)
    F8X16                                    0x0800590c   Data        1520  oled.o(.constdata)
    DATE_FONT                                0x08005efc   Data         176  oled.o(.constdata)
    AHBPrescTable                            0x08005fac   Data          16  system_stm32f1xx.o(.constdata)
    APBPrescTable                            0x08005fbc   Data           8  system_stm32f1xx.o(.constdata)
    Region$$Table$$Base                      0x0800606c   Number         0  anon$$obj.o(Region$$Table)
    Region$$Table$$Limit                     0x0800608c   Number         0  anon$$obj.o(Region$$Table)
    __stdout                                 0x20000000   Data           4  log_printf.o(.data)
    rebo                                     0x20000004   Data         256  oled.o(.data)
    adc_ch_average                           0x20000104   Data           6  logic.o(.data)
    mill_tick                                0x2000010c   Data           4  lg_timer.o(.data)
    one_mill                                 0x20000110   Data           4  lg_timer.o(.data)
    send_rate_tick                           0x20000114   Data           4  lg_timer.o(.data)
    scr_refresh_tick                         0x20000118   Data           4  lg_timer.o(.data)
    update_flag                              0x20000134   Data           1  main.o(.data)
    current_ch_index                         0x20000135   Data           1  main.o(.data)
    ch                                       0x20000138   Data           4  main.o(.data)
    vol                                      0x2000013c   Data           4  main.o(.data)
    uwTick                                   0x20000140   Data           4  stm32f1xx_hal.o(.data)
    uwTickPrio                               0x20000144   Data           4  stm32f1xx_hal.o(.data)
    uwTickFreq                               0x20000148   Data           1  stm32f1xx_hal.o(.data)
    SystemCoreClock                          0x2000014c   Data           4  system_stm32f1xx.o(.data)
    hadc1                                    0x20000178   Data          48  main.o(.bss)
    hdma_adc1                                0x200001a8   Data          68  main.o(.bss)
    htim2                                    0x200001ec   Data          72  main.o(.bss)
    huart1                                   0x20000234   Data          68  main.o(.bss)
    huart3                                   0x20000278   Data          68  main.o(.bss)
    hdma_usart1_rx                           0x200002bc   Data          68  main.o(.bss)
    hdma_usart3_rx                           0x20000300   Data          68  main.o(.bss)
    xSerial1                                 0x20000344   Data         102  main.o(.bss)
    xSerial3                                 0x200003aa   Data         102  main.o(.bss)
    xMacInfo                                 0x20000410   Data          14  main.o(.bss)
    ADC_BUF                                  0x20000420   Data         120  main.o(.bss)
    __libspace_start                         0x20000498   Data          96  libspace.o(.bss)
    __temporary_stack_top$libspace           0x200004f8   Data           0  libspace.o(.bss)



==============================================================================

Memory Map of the image

  Image Entry point : 0x080000ed

  Load Region LR_IROM1 (Base: 0x08000000, Size: 0x000061f8, Max: 0x00010000, ABSOLUTE, COMPRESSED[0x00006124])

    Execution Region ER_IROM1 (Exec base: 0x08000000, Load base: 0x08000000, Size: 0x000060a8, Max: 0x00010000, ABSOLUTE)

    Exec Addr    Load Addr    Size         Type   Attr      Idx    E Section Name        Object

    0x08000000   0x08000000   0x000000ec   Data   RO            3    RESET               startup_stm32f103xb.o
    0x080000ec   0x080000ec   0x00000008   Code   RO         3414  * !!!main             c_w.l(__main.o)
    0x080000f4   0x080000f4   0x00000034   Code   RO         3666    !!!scatter          c_w.l(__scatter.o)
    0x08000128   0x08000128   0x0000005a   Code   RO         3664    !!dczerorl2         c_w.l(__dczerorl2.o)
    0x08000182   0x08000182   0x00000002   PAD
    0x08000184   0x08000184   0x0000001c   Code   RO         3668    !!handler_zi        c_w.l(__scatter_zi.o)
    0x080001a0   0x080001a0   0x00000000   Code   RO         3407    .ARM.Collect$$_printf_percent$$00000000  c_w.l(_printf_percent.o)
    0x080001a0   0x080001a0   0x00000006   Code   RO         3406    .ARM.Collect$$_printf_percent$$00000003  c_w.l(_printf_f.o)
    0x080001a6   0x080001a6   0x00000006   Code   RO         3405    .ARM.Collect$$_printf_percent$$00000009  c_w.l(_printf_d.o)
    0x080001ac   0x080001ac   0x00000004   Code   RO         3451    .ARM.Collect$$_printf_percent$$00000017  c_w.l(_printf_percent_end.o)
    0x080001b0   0x080001b0   0x00000002   Code   RO         3541    .ARM.Collect$$libinit$$00000000  c_w.l(libinit.o)
    0x080001b2   0x080001b2   0x00000000   Code   RO         3543    .ARM.Collect$$libinit$$00000002  c_w.l(libinit2.o)
    0x080001b2   0x080001b2   0x00000000   Code   RO         3545    .ARM.Collect$$libinit$$00000004  c_w.l(libinit2.o)
    0x080001b2   0x080001b2   0x00000000   Code   RO         3548    .ARM.Collect$$libinit$$0000000A  c_w.l(libinit2.o)
    0x080001b2   0x080001b2   0x00000000   Code   RO         3550    .ARM.Collect$$libinit$$0000000C  c_w.l(libinit2.o)
    0x080001b2   0x080001b2   0x00000000   Code   RO         3552    .ARM.Collect$$libinit$$0000000E  c_w.l(libinit2.o)
    0x080001b2   0x080001b2   0x00000006   Code   RO         3553    .ARM.Collect$$libinit$$0000000F  c_w.l(libinit2.o)
    0x080001b8   0x080001b8   0x00000000   Code   RO         3555    .ARM.Collect$$libinit$$00000011  c_w.l(libinit2.o)
    0x080001b8   0x080001b8   0x00000000   Code   RO         3557    .ARM.Collect$$libinit$$00000013  c_w.l(libinit2.o)
    0x080001b8   0x080001b8   0x00000000   Code   RO         3559    .ARM.Collect$$libinit$$00000015  c_w.l(libinit2.o)
    0x080001b8   0x080001b8   0x0000000a   Code   RO         3560    .ARM.Collect$$libinit$$00000016  c_w.l(libinit2.o)
    0x080001c2   0x080001c2   0x00000000   Code   RO         3561    .ARM.Collect$$libinit$$00000017  c_w.l(libinit2.o)
    0x080001c2   0x080001c2   0x00000000   Code   RO         3563    .ARM.Collect$$libinit$$00000019  c_w.l(libinit2.o)
    0x080001c2   0x080001c2   0x00000000   Code   RO         3565    .ARM.Collect$$libinit$$0000001B  c_w.l(libinit2.o)
    0x080001c2   0x080001c2   0x00000000   Code   RO         3567    .ARM.Collect$$libinit$$0000001D  c_w.l(libinit2.o)
    0x080001c2   0x080001c2   0x00000000   Code   RO         3569    .ARM.Collect$$libinit$$0000001F  c_w.l(libinit2.o)
    0x080001c2   0x080001c2   0x00000000   Code   RO         3571    .ARM.Collect$$libinit$$00000021  c_w.l(libinit2.o)
    0x080001c2   0x080001c2   0x00000000   Code   RO         3573    .ARM.Collect$$libinit$$00000023  c_w.l(libinit2.o)
    0x080001c2   0x080001c2   0x00000000   Code   RO         3575    .ARM.Collect$$libinit$$00000025  c_w.l(libinit2.o)
    0x080001c2   0x080001c2   0x00000000   Code   RO         3579    .ARM.Collect$$libinit$$0000002C  c_w.l(libinit2.o)
    0x080001c2   0x080001c2   0x00000000   Code   RO         3581    .ARM.Collect$$libinit$$0000002E  c_w.l(libinit2.o)
    0x080001c2   0x080001c2   0x00000000   Code   RO         3583    .ARM.Collect$$libinit$$00000030  c_w.l(libinit2.o)
    0x080001c2   0x080001c2   0x00000000   Code   RO         3585    .ARM.Collect$$libinit$$00000032  c_w.l(libinit2.o)
    0x080001c2   0x080001c2   0x00000002   Code   RO         3586    .ARM.Collect$$libinit$$00000033  c_w.l(libinit2.o)
    0x080001c4   0x080001c4   0x00000002   Code   RO         3614    .ARM.Collect$$libshutdown$$00000000  c_w.l(libshutdown.o)
    0x080001c6   0x080001c6   0x00000000   Code   RO         3623    .ARM.Collect$$libshutdown$$00000002  c_w.l(libshutdown2.o)
    0x080001c6   0x080001c6   0x00000000   Code   RO         3625    .ARM.Collect$$libshutdown$$00000004  c_w.l(libshutdown2.o)
    0x080001c6   0x080001c6   0x00000000   Code   RO         3628    .ARM.Collect$$libshutdown$$00000007  c_w.l(libshutdown2.o)
    0x080001c6   0x080001c6   0x00000000   Code   RO         3631    .ARM.Collect$$libshutdown$$0000000A  c_w.l(libshutdown2.o)
    0x080001c6   0x080001c6   0x00000000   Code   RO         3633    .ARM.Collect$$libshutdown$$0000000C  c_w.l(libshutdown2.o)
    0x080001c6   0x080001c6   0x00000000   Code   RO         3636    .ARM.Collect$$libshutdown$$0000000F  c_w.l(libshutdown2.o)
    0x080001c6   0x080001c6   0x00000002   Code   RO         3637    .ARM.Collect$$libshutdown$$00000010  c_w.l(libshutdown2.o)
    0x080001c8   0x080001c8   0x00000000   Code   RO         3438    .ARM.Collect$$rtentry$$00000000  c_w.l(__rtentry.o)
    0x080001c8   0x080001c8   0x00000000   Code   RO         3464    .ARM.Collect$$rtentry$$00000002  c_w.l(__rtentry2.o)
    0x080001c8   0x080001c8   0x00000006   Code   RO         3476    .ARM.Collect$$rtentry$$00000004  c_w.l(__rtentry4.o)
    0x080001ce   0x080001ce   0x00000000   Code   RO         3466    .ARM.Collect$$rtentry$$00000009  c_w.l(__rtentry2.o)
    0x080001ce   0x080001ce   0x00000004   Code   RO         3467    .ARM.Collect$$rtentry$$0000000A  c_w.l(__rtentry2.o)
    0x080001d2   0x080001d2   0x00000000   Code   RO         3469    .ARM.Collect$$rtentry$$0000000C  c_w.l(__rtentry2.o)
    0x080001d2   0x080001d2   0x00000008   Code   RO         3470    .ARM.Collect$$rtentry$$0000000D  c_w.l(__rtentry2.o)
    0x080001da   0x080001da   0x00000002   Code   RO         3587    .ARM.Collect$$rtexit$$00000000  c_w.l(rtexit.o)
    0x080001dc   0x080001dc   0x00000000   Code   RO         3594    .ARM.Collect$$rtexit$$00000002  c_w.l(rtexit2.o)
    0x080001dc   0x080001dc   0x00000004   Code   RO         3595    .ARM.Collect$$rtexit$$00000003  c_w.l(rtexit2.o)
    0x080001e0   0x080001e0   0x00000006   Code   RO         3596    .ARM.Collect$$rtexit$$00000004  c_w.l(rtexit2.o)
    0x080001e6   0x080001e6   0x00000002   PAD
    0x080001e8   0x080001e8   0x00000040   Code   RO            4    .text               startup_stm32f103xb.o
    0x08000228   0x08000228   0x00000002   Code   RO         3369    .text               c_w.l(use_no_semi_2.o)
    0x0800022a   0x0800022a   0x00000002   PAD
    0x0800022c   0x0800022c   0x00000018   Code   RO         3377    .text               c_w.l(noretval__2printf.o)
    0x08000244   0x08000244   0x00000034   Code   RO         3379    .text               c_w.l(noretval__2snprintf.o)
    0x08000278   0x08000278   0x00000078   Code   RO         3383    .text               c_w.l(_printf_dec.o)
    0x080002f0   0x080002f0   0x00000138   Code   RO         3397    .text               c_w.l(__printf_flags_wp.o)
    0x08000428   0x08000428   0x00000044   Code   RO         3408    .text               c_w.l(rt_memclr.o)
    0x0800046c   0x0800046c   0x0000004e   Code   RO         3410    .text               c_w.l(rt_memclr_w.o)
    0x080004ba   0x080004ba   0x00000006   Code   RO         3412    .text               c_w.l(heapauxi.o)
    0x080004c0   0x080004c0   0x00000002   Code   RO         3436    .text               c_w.l(use_no_semi.o)
    0x080004c2   0x080004c2   0x000000b2   Code   RO         3439    .text               c_w.l(_printf_intcommon.o)
    0x08000574   0x08000574   0x0000041e   Code   RO         3441    .text               c_w.l(_printf_fp_dec.o)
    0x08000992   0x08000992   0x00000002   PAD
    0x08000994   0x08000994   0x00000030   Code   RO         3443    .text               c_w.l(_printf_char_common.o)
    0x080009c4   0x080009c4   0x0000000a   Code   RO         3445    .text               c_w.l(_sputc.o)
    0x080009ce   0x080009ce   0x00000010   Code   RO         3447    .text               c_w.l(_snputc.o)
    0x080009de   0x080009de   0x00000002   PAD
    0x080009e0   0x080009e0   0x00000024   Code   RO         3449    .text               c_w.l(_printf_char_file.o)
    0x08000a04   0x08000a04   0x00000008   Code   RO         3481    .text               c_w.l(rt_locale_intlibspace.o)
    0x08000a0c   0x08000a0c   0x0000008a   Code   RO         3483    .text               c_w.l(lludiv10.o)
    0x08000a96   0x08000a96   0x00000002   PAD
    0x08000a98   0x08000a98   0x00000080   Code   RO         3485    .text               c_w.l(_printf_fp_infnan.o)
    0x08000b18   0x08000b18   0x000000e4   Code   RO         3489    .text               c_w.l(bigflt0.o)
    0x08000bfc   0x08000bfc   0x00000008   Code   RO         3514    .text               c_w.l(ferror.o)
    0x08000c04   0x08000c04   0x00000008   Code   RO         3527    .text               c_w.l(libspace.o)
    0x08000c0c   0x08000c0c   0x0000004a   Code   RO         3530    .text               c_w.l(sys_stackheap_outer.o)
    0x08000c56   0x08000c56   0x00000012   Code   RO         3532    .text               c_w.l(exit.o)
    0x08000c68   0x08000c68   0x00000080   Code   RO         3534    .text               c_w.l(strcmpv7m.o)
    0x08000ce8   0x08000ce8   0x0000003e   Code   RO         3492    CL$$btod_d2e        c_w.l(btod.o)
    0x08000d26   0x08000d26   0x00000046   Code   RO         3494    CL$$btod_d2e_denorm_low  c_w.l(btod.o)
    0x08000d6c   0x08000d6c   0x00000060   Code   RO         3493    CL$$btod_d2e_norm_op1  c_w.l(btod.o)
    0x08000dcc   0x08000dcc   0x00000338   Code   RO         3502    CL$$btod_div_common  c_w.l(btod.o)
    0x08001104   0x08001104   0x000000dc   Code   RO         3499    CL$$btod_e2e        c_w.l(btod.o)
    0x080011e0   0x080011e0   0x0000002a   Code   RO         3496    CL$$btod_ediv       c_w.l(btod.o)
    0x0800120a   0x0800120a   0x0000002a   Code   RO         3495    CL$$btod_emul       c_w.l(btod.o)
    0x08001234   0x08001234   0x00000244   Code   RO         3501    CL$$btod_mult_common  c_w.l(btod.o)
    0x08001478   0x08001478   0x0000005c   Code   RO          700    i.ADC_ConversionStop_Disable  stm32f1xx_hal_adc.o
    0x080014d4   0x080014d4   0x00000052   Code   RO          701    i.ADC_DMAConvCplt   stm32f1xx_hal_adc.o
    0x08001526   0x08001526   0x0000001e   Code   RO          702    i.ADC_DMAError      stm32f1xx_hal_adc.o
    0x08001544   0x08001544   0x0000000e   Code   RO          703    i.ADC_DMAHalfConvCplt  stm32f1xx_hal_adc.o
    0x08001552   0x08001552   0x00000002   PAD
    0x08001554   0x08001554   0x00000090   Code   RO          704    i.ADC_Enable        stm32f1xx_hal_adc.o
    0x080015e4   0x080015e4   0x00000004   Code   RO          491    i.BusFault_Handler  stm32f1xx_it.o
    0x080015e8   0x080015e8   0x00000014   Code   RO          492    i.DMA1_Channel1_IRQHandler  stm32f1xx_it.o
    0x080015fc   0x080015fc   0x00000010   Code   RO          493    i.DMA1_Channel3_IRQHandler  stm32f1xx_it.o
    0x0800160c   0x0800160c   0x00000010   Code   RO          494    i.DMA1_Channel5_IRQHandler  stm32f1xx_it.o
    0x0800161c   0x0800161c   0x00000060   Code   RO          319    i.DMA_IRQ_Callback  logic.o
    0x0800167c   0x0800167c   0x0000002c   Code   RO         1359    i.DMA_SetConfig     stm32f1xx_hal_dma.o
    0x080016a8   0x080016a8   0x00000002   Code   RO          495    i.DebugMon_Handler  stm32f1xx_it.o
    0x080016aa   0x080016aa   0x00000006   Code   RO          412    i.Error_Handler     main.o
    0x080016b0   0x080016b0   0x00000118   Code   RO          880    i.HAL_ADCEx_Calibration_Start  stm32f1xx_hal_adc_ex.o
    0x080017c8   0x080017c8   0x00000160   Code   RO          706    i.HAL_ADC_ConfigChannel  stm32f1xx_hal_adc.o
    0x08001928   0x08001928   0x00000002   Code   RO          707    i.HAL_ADC_ConvCpltCallback  stm32f1xx_hal_adc.o
    0x0800192a   0x0800192a   0x00000002   Code   RO          708    i.HAL_ADC_ConvHalfCpltCallback  stm32f1xx_hal_adc.o
    0x0800192c   0x0800192c   0x00000002   Code   RO          710    i.HAL_ADC_ErrorCallback  stm32f1xx_hal_adc.o
    0x0800192e   0x0800192e   0x00000002   PAD
    0x08001930   0x08001930   0x00000144   Code   RO          715    i.HAL_ADC_Init      stm32f1xx_hal_adc.o
    0x08001a74   0x08001a74   0x000000b0   Code   RO          604    i.HAL_ADC_MspInit   stm32f1xx_hal_msp.o
    0x08001b24   0x08001b24   0x00000180   Code   RO          722    i.HAL_ADC_Start_DMA  stm32f1xx_hal_adc.o
    0x08001ca4   0x08001ca4   0x0000006a   Code   RO          725    i.HAL_ADC_Stop_DMA  stm32f1xx_hal_adc.o
    0x08001d0e   0x08001d0e   0x00000056   Code   RO         1360    i.HAL_DMA_Abort     stm32f1xx_hal_dma.o
    0x08001d64   0x08001d64   0x000000b0   Code   RO         1361    i.HAL_DMA_Abort_IT  stm32f1xx_hal_dma.o
    0x08001e14   0x08001e14   0x0000019c   Code   RO         1365    i.HAL_DMA_IRQHandler  stm32f1xx_hal_dma.o
    0x08001fb0   0x08001fb0   0x00000068   Code   RO         1366    i.HAL_DMA_Init      stm32f1xx_hal_dma.o
    0x08002018   0x08002018   0x0000009c   Code   RO         1370    i.HAL_DMA_Start_IT  stm32f1xx_hal_dma.o
    0x080020b4   0x080020b4   0x00000028   Code   RO          983    i.HAL_Delay         stm32f1xx_hal.o
    0x080020dc   0x080020dc   0x00000320   Code   RO         1296    i.HAL_GPIO_Init     stm32f1xx_hal_gpio.o
    0x080023fc   0x080023fc   0x00000010   Code   RO         1298    i.HAL_GPIO_ReadPin  stm32f1xx_hal_gpio.o
    0x0800240c   0x0800240c   0x00000014   Code   RO         1299    i.HAL_GPIO_TogglePin  stm32f1xx_hal_gpio.o
    0x08002420   0x08002420   0x0000000c   Code   RO         1300    i.HAL_GPIO_WritePin  stm32f1xx_hal_gpio.o
    0x0800242c   0x0800242c   0x0000000c   Code   RO          987    i.HAL_GetTick       stm32f1xx_hal.o
    0x08002438   0x08002438   0x00000018   Code   RO          993    i.HAL_IncTick       stm32f1xx_hal.o
    0x08002450   0x08002450   0x00000028   Code   RO          994    i.HAL_Init          stm32f1xx_hal.o
    0x08002478   0x08002478   0x0000004c   Code   RO          995    i.HAL_InitTick      stm32f1xx_hal.o
    0x080024c4   0x080024c4   0x00000054   Code   RO          605    i.HAL_MspInit       stm32f1xx_hal_msp.o
    0x08002518   0x08002518   0x00000020   Code   RO         1456    i.HAL_NVIC_EnableIRQ  stm32f1xx_hal_cortex.o
    0x08002538   0x08002538   0x0000007c   Code   RO         1462    i.HAL_NVIC_SetPriority  stm32f1xx_hal_cortex.o
    0x080025b4   0x080025b4   0x00000028   Code   RO         1463    i.HAL_NVIC_SetPriorityGrouping  stm32f1xx_hal_cortex.o
    0x080025dc   0x080025dc   0x00000118   Code   RO         1258    i.HAL_RCCEx_GetPeriphCLKFreq  stm32f1xx_hal_rcc_ex.o
    0x080026f4   0x080026f4   0x00000130   Code   RO         1259    i.HAL_RCCEx_PeriphCLKConfig  stm32f1xx_hal_rcc_ex.o
    0x08002824   0x08002824   0x0000018c   Code   RO         1151    i.HAL_RCC_ClockConfig  stm32f1xx_hal_rcc.o
    0x080029b0   0x080029b0   0x0000000c   Code   RO         1156    i.HAL_RCC_GetHCLKFreq  stm32f1xx_hal_rcc.o
    0x080029bc   0x080029bc   0x00000020   Code   RO         1158    i.HAL_RCC_GetPCLK1Freq  stm32f1xx_hal_rcc.o
    0x080029dc   0x080029dc   0x00000020   Code   RO         1159    i.HAL_RCC_GetPCLK2Freq  stm32f1xx_hal_rcc.o
    0x080029fc   0x080029fc   0x00000094   Code   RO         1160    i.HAL_RCC_GetSysClockFreq  stm32f1xx_hal_rcc.o
    0x08002a90   0x08002a90   0x00000464   Code   RO         1163    i.HAL_RCC_OscConfig  stm32f1xx_hal_rcc.o
    0x08002ef4   0x08002ef4   0x00000034   Code   RO         1467    i.HAL_SYSTICK_Config  stm32f1xx_hal_cortex.o
    0x08002f28   0x08002f28   0x00000002   Code   RO         2699    i.HAL_TIMEx_BreakCallback  stm32f1xx_hal_tim_ex.o
    0x08002f2a   0x08002f2a   0x00000002   Code   RO         2700    i.HAL_TIMEx_CommutCallback  stm32f1xx_hal_tim_ex.o
    0x08002f2c   0x08002f2c   0x00000084   Code   RO         2718    i.HAL_TIMEx_MasterConfigSynchronization  stm32f1xx_hal_tim_ex.o
    0x08002fb0   0x08002fb0   0x00000066   Code   RO         1984    i.HAL_TIM_Base_Init  stm32f1xx_hal_tim.o
    0x08003016   0x08003016   0x00000002   PAD
    0x08003018   0x08003018   0x00000040   Code   RO          607    i.HAL_TIM_Base_MspInit  stm32f1xx_hal_msp.o
    0x08003058   0x08003058   0x00000078   Code   RO         1989    i.HAL_TIM_Base_Start_IT  stm32f1xx_hal_tim.o
    0x080030d0   0x080030d0   0x00000108   Code   RO         1993    i.HAL_TIM_ConfigClockSource  stm32f1xx_hal_tim.o
    0x080031d8   0x080031d8   0x00000002   Code   RO         2018    i.HAL_TIM_IC_CaptureCallback  stm32f1xx_hal_tim.o
    0x080031da   0x080031da   0x00000196   Code   RO         2032    i.HAL_TIM_IRQHandler  stm32f1xx_hal_tim.o
    0x08003370   0x08003370   0x00000002   Code   RO         2035    i.HAL_TIM_OC_DelayElapsedCallback  stm32f1xx_hal_tim.o
    0x08003372   0x08003372   0x00000002   Code   RO         2062    i.HAL_TIM_PWM_PulseFinishedCallback  stm32f1xx_hal_tim.o
    0x08003374   0x08003374   0x00000098   Code   RO          378    i.HAL_TIM_PeriodElapsedCallback  lg_timer.o
    0x0800340c   0x0800340c   0x00000002   Code   RO         2075    i.HAL_TIM_TriggerCallback  stm32f1xx_hal_tim.o
    0x0800340e   0x0800340e   0x00000002   Code   RO         2977    i.HAL_UARTEx_RxEventCallback  stm32f1xx_hal_uart.o
    0x08003410   0x08003410   0x00000066   Code   RO         2989    i.HAL_UART_DMAStop  stm32f1xx_hal_uart.o
    0x08003476   0x08003476   0x00000002   Code   RO         2991    i.HAL_UART_ErrorCallback  stm32f1xx_hal_uart.o
    0x08003478   0x08003478   0x0000024c   Code   RO         2994    i.HAL_UART_IRQHandler  stm32f1xx_hal_uart.o
    0x080036c4   0x080036c4   0x00000072   Code   RO         2995    i.HAL_UART_Init     stm32f1xx_hal_uart.o
    0x08003736   0x08003736   0x00000002   PAD
    0x08003738   0x08003738   0x0000018c   Code   RO          609    i.HAL_UART_MspInit  stm32f1xx_hal_msp.o
    0x080038c4   0x080038c4   0x00000042   Code   RO         2999    i.HAL_UART_Receive_DMA  stm32f1xx_hal_uart.o
    0x08003906   0x08003906   0x00000002   Code   RO         3001    i.HAL_UART_RxCpltCallback  stm32f1xx_hal_uart.o
    0x08003908   0x08003908   0x00000002   Code   RO         3002    i.HAL_UART_RxHalfCpltCallback  stm32f1xx_hal_uart.o
    0x0800390a   0x0800390a   0x000000d2   Code   RO         3003    i.HAL_UART_Transmit  stm32f1xx_hal_uart.o
    0x080039dc   0x080039dc   0x00000002   Code   RO         3006    i.HAL_UART_TxCpltCallback  stm32f1xx_hal_uart.o
    0x080039de   0x080039de   0x00000004   Code   RO          496    i.HardFault_Handler  stm32f1xx_it.o
    0x080039e2   0x080039e2   0x00000002   PAD
    0x080039e4   0x080039e4   0x00000030   Code   RO          145    i.IIC_Start         oled.o
    0x08003a14   0x08003a14   0x00000028   Code   RO          146    i.IIC_Stop          oled.o
    0x08003a3c   0x08003a3c   0x0000001c   Code   RO          147    i.IIC_Wait_Ack      oled.o
    0x08003a58   0x08003a58   0x00000084   Code   RO          413    i.MX_ADC1_Init      main.o
    0x08003adc   0x08003adc   0x00000054   Code   RO          414    i.MX_DMA_Init       main.o
    0x08003b30   0x08003b30   0x000000c8   Code   RO          415    i.MX_GPIO_Init      main.o
    0x08003bf8   0x08003bf8   0x0000006c   Code   RO          416    i.MX_TIM2_Init      main.o
    0x08003c64   0x08003c64   0x00000038   Code   RO          417    i.MX_USART1_UART_Init  main.o
    0x08003c9c   0x08003c9c   0x00000038   Code   RO          418    i.MX_USART3_UART_Init  main.o
    0x08003cd4   0x08003cd4   0x00000004   Code   RO          497    i.MemManage_Handler  stm32f1xx_it.o
    0x08003cd8   0x08003cd8   0x00000004   Code   RO          498    i.NMI_Handler       stm32f1xx_it.o
    0x08003cdc   0x08003cdc   0x0000003e   Code   RO          148    i.OLED_Clear        oled.o
    0x08003d1a   0x08003d1a   0x00000002   PAD
    0x08003d1c   0x08003d1c   0x00000120   Code   RO          152    i.OLED_Init         oled.o
    0x08003e3c   0x08003e3c   0x00000028   Code   RO          154    i.OLED_Set_Pos      oled.o
    0x08003e64   0x08003e64   0x00000060   Code   RO          155    i.OLED_ShowCHinese  oled.o
    0x08003ec4   0x08003ec4   0x000000a4   Code   RO          156    i.OLED_ShowChar     oled.o
    0x08003f68   0x08003f68   0x00000046   Code   RO          159    i.OLED_ShowString   oled.o
    0x08003fae   0x08003fae   0x00000018   Code   RO          160    i.OLED_WR_Byte      oled.o
    0x08003fc6   0x08003fc6   0x00000002   Code   RO          499    i.PendSV_Handler    stm32f1xx_it.o
    0x08003fc8   0x08003fc8   0x00000028   Code   RO         1164    i.RCC_Delay         stm32f1xx_hal_rcc.o
    0x08003ff0   0x08003ff0   0x00000002   Code   RO          500    i.SVC_Handler       stm32f1xx_it.o
    0x08003ff2   0x08003ff2   0x00000008   Code   RO          501    i.SysTick_Handler   stm32f1xx_it.o
    0x08003ffa   0x08003ffa   0x00000082   Code   RO          419    i.SystemClock_Config  main.o
    0x0800407c   0x0800407c   0x00000002   Code   RO         3334    i.SystemInit        system_stm32f1xx.o
    0x0800407e   0x0800407e   0x00000002   PAD
    0x08004080   0x08004080   0x00000010   Code   RO          502    i.TIM2_IRQHandler   stm32f1xx_it.o
    0x08004090   0x08004090   0x00000074   Code   RO         2077    i.TIM_Base_SetConfig  stm32f1xx_hal_tim.o
    0x08004104   0x08004104   0x00000016   Code   RO         2088    i.TIM_ETR_SetConfig  stm32f1xx_hal_tim.o
    0x0800411a   0x0800411a   0x00000012   Code   RO         2089    i.TIM_ITRx_SetConfig  stm32f1xx_hal_tim.o
    0x0800412c   0x0800412c   0x00000026   Code   RO         2095    i.TIM_TI1_ConfigInputStage  stm32f1xx_hal_tim.o
    0x08004152   0x08004152   0x00000028   Code   RO         2097    i.TIM_TI2_ConfigInputStage  stm32f1xx_hal_tim.o
    0x0800417a   0x0800417a   0x00000002   PAD
    0x0800417c   0x0800417c   0x00000074   Code   RO          320    i.UART1_IDLE_Callback  logic.o
    0x080041f0   0x080041f0   0x00000074   Code   RO          321    i.UART3_IDLE_Callback  logic.o
    0x08004264   0x08004264   0x00000014   Code   RO         3008    i.UART_DMAAbortOnError  stm32f1xx_hal_uart.o
    0x08004278   0x08004278   0x00000050   Code   RO         3009    i.UART_DMAError     stm32f1xx_hal_uart.o
    0x080042c8   0x080042c8   0x00000068   Code   RO         3010    i.UART_DMAReceiveCplt  stm32f1xx_hal_uart.o
    0x08004330   0x08004330   0x00000020   Code   RO         3012    i.UART_DMARxHalfCplt  stm32f1xx_hal_uart.o
    0x08004350   0x08004350   0x00000036   Code   RO         3018    i.UART_EndRxTransfer  stm32f1xx_hal_uart.o
    0x08004386   0x08004386   0x00000020   Code   RO         3019    i.UART_EndTransmit_IT  stm32f1xx_hal_uart.o
    0x080043a6   0x080043a6   0x00000014   Code   RO         3020    i.UART_EndTxTransfer  stm32f1xx_hal_uart.o
    0x080043ba   0x080043ba   0x000000e4   Code   RO         3021    i.UART_Receive_IT   stm32f1xx_hal_uart.o
    0x0800449e   0x0800449e   0x00000002   PAD
    0x080044a0   0x080044a0   0x000000fc   Code   RO         3022    i.UART_SetConfig    stm32f1xx_hal_uart.o
    0x0800459c   0x0800459c   0x00000098   Code   RO         3023    i.UART_Start_Receive_DMA  stm32f1xx_hal_uart.o
    0x08004634   0x08004634   0x00000060   Code   RO         3025    i.UART_Transmit_IT  stm32f1xx_hal_uart.o
    0x08004694   0x08004694   0x0000006c   Code   RO         3026    i.UART_WaitOnFlagUntilTimeout  stm32f1xx_hal_uart.o
    0x08004700   0x08004700   0x00000014   Code   RO          503    i.USART1_IRQHandler  stm32f1xx_it.o
    0x08004714   0x08004714   0x00000014   Code   RO          504    i.USART3_IRQHandler  stm32f1xx_it.o
    0x08004728   0x08004728   0x00000004   Code   RO          505    i.UsageFault_Handler  stm32f1xx_it.o
    0x0800472c   0x0800472c   0x000000ac   Code   RO          420    i.Voltage_Monitor   main.o
    0x080047d8   0x080047d8   0x00000060   Code   RO          161    i.Write_IIC_Byte    oled.o
    0x08004838   0x08004838   0x0000002c   Code   RO          162    i.Write_IIC_Command  oled.o
    0x08004864   0x08004864   0x0000002c   Code   RO          163    i.Write_IIC_Data    oled.o
    0x08004890   0x08004890   0x00000028   Code   RO         3525    i.__ARM_fpclassify  m_ws.l(fpclassify.o)
    0x080048b8   0x080048b8   0x00000010   Code   RO         1469    i.__NVIC_GetPriorityGrouping  stm32f1xx_hal_cortex.o
    0x080048c8   0x080048c8   0x00000028   Code   RO         1470    i.__NVIC_SetPriority  stm32f1xx_hal_cortex.o
    0x080048f0   0x080048f0   0x0000000e   Code   RO         3395    i._is_digit         c_w.l(__printf_wp.o)
    0x080048fe   0x080048fe   0x00000004   Code   RO           13    i._sys_exit         log_printf.o
    0x08004902   0x08004902   0x00000002   PAD
    0x08004904   0x08004904   0x00000018   Code   RO           14    i.fputc             log_printf.o
    0x0800491c   0x0800491c   0x000001b8   Code   RO          322    i.lcd_vol_adc_display  logic.o
    0x08004ad4   0x08004ad4   0x00000290   Code   RO          421    i.main              main.o
    0x08004d64   0x08004d64   0x0000019c   Code   RO          379    i.process_key       lg_timer.o
    0x08004f00   0x08004f00   0x000000ac   Code   RO          324    i.show_title_intensity  logic.o
    0x08004fac   0x08004fac   0x0000002c   Code   RO         3519    locale$$code        c_w.l(lc_numeric_c.o)
    0x08004fd8   0x08004fd8   0x00000062   Code   RO         3416    x$fpl$d2f           fz_ws.l(d2f.o)
    0x0800503a   0x0800503a   0x00000002   PAD
    0x0800503c   0x0800503c   0x000002b0   Code   RO         3419    x$fpl$ddiv          fz_ws.l(ddiv.o)
    0x080052ec   0x080052ec   0x00000154   Code   RO         3422    x$fpl$dmul          fz_ws.l(dmul.o)
    0x08005440   0x08005440   0x0000009c   Code   RO         3452    x$fpl$dnaninf       fz_ws.l(dnaninf.o)
    0x080054dc   0x080054dc   0x0000000c   Code   RO         3454    x$fpl$dretinf       fz_ws.l(dretinf.o)
    0x080054e8   0x080054e8   0x00000056   Code   RO         3424    x$fpl$f2d           fz_ws.l(f2d.o)
    0x0800553e   0x0800553e   0x00000018   Code   RO         3521    x$fpl$fcmpinf       fz_ws.l(fcmpi.o)
    0x08005556   0x08005556   0x00000002   PAD
    0x08005558   0x08005558   0x00000026   Code   RO         3426    x$fpl$ffltu         fz_ws.l(fflt_clz.o)
    0x0800557e   0x0800557e   0x00000002   PAD
    0x08005580   0x08005580   0x00000068   Code   RO         3456    x$fpl$fleqf         fz_ws.l(fleqf.o)
    0x080055e8   0x080055e8   0x0000008c   Code   RO         3458    x$fpl$fnaninf       fz_ws.l(fnaninf.o)
    0x08005674   0x08005674   0x0000000a   Code   RO         3460    x$fpl$fretinf       fz_ws.l(fretinf.o)
    0x0800567e   0x0800567e   0x00000062   Code   RO         3432    x$fpl$frleqf        fz_ws.l(frleqf.o)
    0x080056e0   0x080056e0   0x00000004   Code   RO         3434    x$fpl$printf1       fz_ws.l(printf1.o)
    0x080056e4   0x080056e4   0x00000000   Code   RO         3462    x$fpl$usenofp       fz_ws.l(usenofp.o)
    0x080056e4   0x080056e4   0x000008c8   Data   RO          166    .constdata          oled.o
    0x08005fac   0x08005fac   0x00000018   Data   RO         3335    .constdata          system_stm32f1xx.o
    0x08005fc4   0x08005fc4   0x00000011   Data   RO         3398    .constdata          c_w.l(__printf_flags_wp.o)
    0x08005fd5   0x08005fd5   0x00000003   PAD
    0x08005fd8   0x08005fd8   0x00000094   Data   RO         3490    .constdata          c_w.l(bigflt0.o)
    0x0800606c   0x0800606c   0x00000020   Data   RO         3662    Region$$Table       anon$$obj.o
    0x0800608c   0x0800608c   0x0000001c   Data   RO         3518    locale$$data        c_w.l(lc_numeric_c.o)


    Execution Region RW_IRAM1 (Exec base: 0x20000000, Load base: 0x080060a8, Size: 0x00000af8, Max: 0x00005000, ABSOLUTE, COMPRESSED[0x0000007c])

    Exec Addr    Load Addr    Size         Type   Attr      Idx    E Section Name        Object

    0x20000000   COMPRESSED   0x00000004   Data   RW           15    .data               log_printf.o
    0x20000004   COMPRESSED   0x00000100   Data   RW          167    .data               oled.o
    0x20000104   COMPRESSED   0x00000006   Data   RW          326    .data               logic.o
    0x2000010a   COMPRESSED   0x00000002   PAD
    0x2000010c   COMPRESSED   0x00000028   Data   RW          380    .data               lg_timer.o
    0x20000134   COMPRESSED   0x0000000c   Data   RW          423    .data               main.o
    0x20000140   COMPRESSED   0x00000009   Data   RW         1001    .data               stm32f1xx_hal.o
    0x20000149   COMPRESSED   0x00000003   PAD
    0x2000014c   COMPRESSED   0x00000004   Data   RW         3336    .data               system_stm32f1xx.o
    0x20000150        -       0x00000028   Zero   RW          325    .bss                logic.o
    0x20000178        -       0x00000320   Zero   RW          422    .bss                main.o
    0x20000498        -       0x00000060   Zero   RW         3528    .bss                c_w.l(libspace.o)
    0x200004f8        -       0x00000200   Zero   RW            2    HEAP                startup_stm32f103xb.o
    0x200006f8        -       0x00000400   Zero   RW            1    STACK               startup_stm32f103xb.o


==============================================================================

Image component sizes


      Code (inc. data)   RO Data    RW Data    ZI Data      Debug   Object Name

       564         88          0         40          0       2130   lg_timer.o
        28          4          0          4          0     448950   log_printf.o
       940        144          0          6         40       3579   logic.o
      1600        190          0         12        800       7837   main.o
      1044         42       2248        256          0       8069   oled.o
        64         26        236          0       1536        792   startup_stm32f103xb.o
       192         36          0          9          0       5745   stm32f1xx_hal.o
      1534         56          0          0          0       8821   stm32f1xx_hal_adc.o
       280          4          0          0          0       1422   stm32f1xx_hal_adc_ex.o
       304         22          0          0          0      29291   stm32f1xx_hal_cortex.o
       978         12          0          0          0       4734   stm32f1xx_hal_dma.o
       848         34          0          0          0       3836   stm32f1xx_hal_gpio.o
       720         68          0          0          0       3180   stm32f1xx_hal_msp.o
      1784        110          0          0          0       5856   stm32f1xx_hal_rcc.o
       584         46          0          0          0       2353   stm32f1xx_hal_rcc_ex.o
      1134         26          0          0          0       8907   stm32f1xx_hal_tim.o
       136         14          0          0          0       2321   stm32f1xx_hal_tim_ex.o
      2268         24          0          0          0      15073   stm32f1xx_hal_uart.o
       142         32          0          0          0       6489   stm32f1xx_it.o
         2          0         24          4          0       1059   system_stm32f1xx.o

    ----------------------------------------------------------------------
     15166        978       2540        336       2376     570444   Object Totals
         0          0         32          0          0          0   (incl. Generated)
        20          0          0          5          0          0   (incl. Padding)

    ----------------------------------------------------------------------

      Code (inc. data)   RO Data    RW Data    ZI Data      Debug   Library Member Name

        90          0          0          0          0          0   __dczerorl2.o
         8          0          0          0          0         68   __main.o
       312          4         17          0          0         92   __printf_flags_wp.o
        14          0          0          0          0         68   __printf_wp.o
         0          0          0          0          0          0   __rtentry.o
        12          0          0          0          0          0   __rtentry2.o
         6          0          0          0          0          0   __rtentry4.o
        52          8          0          0          0          0   __scatter.o
        28          0          0          0          0          0   __scatter_zi.o
        48          6          0          0          0         96   _printf_char_common.o
        36          4          0          0          0         80   _printf_char_file.o
         6          0          0          0          0          0   _printf_d.o
       120         16          0          0          0         92   _printf_dec.o
         6          0          0          0          0          0   _printf_f.o
      1054          0          0          0          0        216   _printf_fp_dec.o
       128         16          0          0          0         84   _printf_fp_infnan.o
       178          0          0          0          0         88   _printf_intcommon.o
         0          0          0          0          0          0   _printf_percent.o
         4          0          0          0          0          0   _printf_percent_end.o
        16          0          0          0          0         68   _snputc.o
        10          0          0          0          0         68   _sputc.o
       228          4        148          0          0         96   bigflt0.o
      1936        128          0          0          0        672   btod.o
        18          0          0          0          0         80   exit.o
         8          0          0          0          0         68   ferror.o
         6          0          0          0          0        152   heapauxi.o
        44         10         28          0          0         76   lc_numeric_c.o
         2          0          0          0          0          0   libinit.o
        18          0          0          0          0          0   libinit2.o
         2          0          0          0          0          0   libshutdown.o
         2          0          0          0          0          0   libshutdown2.o
         8          4          0          0         96         68   libspace.o
       138          0          0          0          0         80   lludiv10.o
        24          4          0          0          0         84   noretval__2printf.o
        52          4          0          0          0         84   noretval__2snprintf.o
         8          4          0          0          0         68   rt_locale_intlibspace.o
        68          0          0          0          0         68   rt_memclr.o
        78          0          0          0          0         80   rt_memclr_w.o
         2          0          0          0          0          0   rtexit.o
        10          0          0          0          0          0   rtexit2.o
       128          0          0          0          0         68   strcmpv7m.o
        74          0          0          0          0         80   sys_stackheap_outer.o
         2          0          0          0          0         68   use_no_semi.o
         2          0          0          0          0         68   use_no_semi_2.o
        98          4          0          0          0         92   d2f.o
       688        140          0          0          0        208   ddiv.o
       340         12          0          0          0        104   dmul.o
       156          4          0          0          0         92   dnaninf.o
        12          0          0          0          0         68   dretinf.o
        86          4          0          0          0         84   f2d.o
        24          0          0          0          0         68   fcmpi.o
        38          0          0          0          0         68   fflt_clz.o
       104          4          0          0          0         84   fleqf.o
       140          4          0          0          0         84   fnaninf.o
        10          0          0          0          0         68   fretinf.o
        98          0          0          0          0         68   frleqf.o
         4          0          0          0          0         68   printf1.o
         0          0          0          0          0          0   usenofp.o
        40          0          0          0          0         68   fpclassify.o

    ----------------------------------------------------------------------
      6842        384        196          0         96       4204   Library Totals
        18          0          3          0          0          0   (incl. Padding)

    ----------------------------------------------------------------------

      Code (inc. data)   RO Data    RW Data    ZI Data      Debug   Library Name

      4986        212        193          0         96       2980   c_w.l
      1798        172          0          0          0       1156   fz_ws.l
        40          0          0          0          0         68   m_ws.l

    ----------------------------------------------------------------------
      6842        384        196          0         96       4204   Library Totals

    ----------------------------------------------------------------------

==============================================================================


      Code (inc. data)   RO Data    RW Data    ZI Data      Debug   

     22008       1362       2736        336       2472     565596   Grand Totals
     22008       1362       2736        124       2472     565596   ELF Image Totals (compressed)
     22008       1362       2736        124          0          0   ROM Totals

==============================================================================

    Total RO  Size (Code + RO Data)                24744 (  24.16kB)
    Total RW  Size (RW Data + ZI Data)              2808 (   2.74kB)
    Total ROM Size (Code + RO Data + RW Data)      24868 (  24.29kB)

==============================================================================

