Component: ARM Compiler 5.06 update 6 (build 750) Tool: armlink [4d35ed]

==============================================================================

Section Cross References

    startup_stm32f10x_md.o(RESET) refers to startup_stm32f10x_md.o(STACK) for __initial_sp
    startup_stm32f10x_md.o(RESET) refers to startup_stm32f10x_md.o(.text) for Reset_Handler
    startup_stm32f10x_md.o(RESET) refers to stm32f10x_it.o(i.NMI_Handler) for NMI_Handler
    startup_stm32f10x_md.o(RESET) refers to stm32f10x_it.o(i.HardFault_Handler) for HardFault_Handler
    startup_stm32f10x_md.o(RESET) refers to stm32f10x_it.o(i.MemManage_Handler) for MemManage_Handler
    startup_stm32f10x_md.o(RESET) refers to stm32f10x_it.o(i.BusFault_Handler) for BusFault_Handler
    startup_stm32f10x_md.o(RESET) refers to stm32f10x_it.o(i.UsageFault_Handler) for UsageFault_Handler
    startup_stm32f10x_md.o(RESET) refers to stm32f10x_it.o(i.SVC_Handler) for SVC_Handler
    startup_stm32f10x_md.o(RESET) refers to stm32f10x_it.o(i.DebugMon_Handler) for DebugMon_Handler
    startup_stm32f10x_md.o(RESET) refers to stm32f10x_it.o(i.PendSV_Handler) for PendSV_Handler
    startup_stm32f10x_md.o(RESET) refers to stm32f10x_it.o(i.SysTick_Handler) for SysTick_Handler
    startup_stm32f10x_md.o(RESET) refers to sys_timer.o(i.TIM1_UP_IRQHandler) for TIM1_UP_IRQHandler
    startup_stm32f10x_md.o(RESET) refers to main.o(i.USART1_IRQHandler) for USART1_IRQHandler
    startup_stm32f10x_md.o(RESET) refers to bsp_usart.o(i.USART1_IRQHandler) for USART1_IRQHandler
    startup_stm32f10x_md.o(.text) refers to system_stm32f10x.o(i.SystemInit) for SystemInit
    startup_stm32f10x_md.o(.text) refers to entry.o(.ARM.Collect$$$$00000000) for __main
    main.o(i.USART1_IRQHandler) refers to stm32f10x_usart.o(i.USART_GetITStatus) for USART_GetITStatus
    main.o(i.USART1_IRQHandler) refers to stm32f10x_usart.o(i.USART_ReceiveData) for USART_ReceiveData
    main.o(i.USART1_IRQHandler) refers to stm32f10x_gpio.o(i.GPIO_SetBits) for GPIO_SetBits
    main.o(i.USART1_IRQHandler) refers to stm32f10x_gpio.o(i.GPIO_ResetBits) for GPIO_ResetBits
    main.o(i.can_msg_transmit) refers to dev_can.o(i.etk_can_transmit_check_fifo) for etk_can_transmit_check_fifo
    main.o(i.can_msg_transmit) refers to dev_can.o(i.can_transmit_msg) for can_transmit_msg
    main.o(i.can_msg_transmit) refers to main.o(.bss) for can_tx_msg
    main.o(i.canfd_rcv_poll) refers to stm32f10x_gpio.o(i.GPIO_ReadInputDataBit) for GPIO_ReadInputDataBit
    main.o(i.canfd_rcv_poll) refers to drv_canfdspi_api.o(i.DRV_CANFDSPI_ReceiveMessageGet) for DRV_CANFDSPI_ReceiveMessageGet
    main.o(i.canfd_rcv_poll) refers to drv_canfdspi_api.o(i.DRV_CANFDSPI_ReceiveChannelEventGet) for DRV_CANFDSPI_ReceiveChannelEventGet
    main.o(i.canfd_rcv_poll) refers to main.o(.bss) for can_rx_msg
    main.o(i.canfd_rcv_poll) refers to dev_can.o(.data) for can_rx_flag
    main.o(i.main) refers to stm32f10x_rcc.o(i.RCC_GetClocksFreq) for RCC_GetClocksFreq
    main.o(i.main) refers to stm32f10x_rcc.o(i.RCC_APB2PeriphClockCmd) for RCC_APB2PeriphClockCmd
    main.o(i.main) refers to sys_phr.o(i.System_Phr_Init) for System_Phr_Init
    main.o(i.main) refers to bsp_usart.o(i.usart_init) for usart_init
    main.o(i.main) refers to sys_timer.o(i.Timer1_Config) for Timer1_Config
    main.o(i.main) refers to dev_can.o(i.etk_can_init) for etk_can_init
    main.o(i.main) refers to printfb.o(i.__0printf$bare) for __2printf
    main.o(i.main) refers to delay.o(i.delay_10ms) for delay_10ms
    main.o(i.main) refers to stm32f10x_gpio.o(i.GPIO_Init) for GPIO_Init
    main.o(i.main) refers to misc.o(i.NVIC_Init) for NVIC_Init
    main.o(i.main) refers to stm32f10x_usart.o(i.USART_ITConfig) for USART_ITConfig
    main.o(i.main) refers to main.o(i.can_msg_transmit) for can_msg_transmit
    main.o(i.main) refers to main.o(.bss) for can_tx_msg
    main.o(i.main) refers to main.o(.data) for j
    stm32f10x_it.o(i.SysTick_Handler) refers to delay.o(i.TimingDelay_Decrement) for TimingDelay_Decrement
    stm32f10x_it.o(i.SysTick_Handler) refers to stm32f10x_it.o(.data) for tick
    system_stm32f10x.o(i.SetSysClock) refers to system_stm32f10x.o(i.SetSysClockTo72) for SetSysClockTo72
    system_stm32f10x.o(i.SystemCoreClockUpdate) refers to system_stm32f10x.o(.data) for SystemCoreClock
    system_stm32f10x.o(i.SystemInit) refers to system_stm32f10x.o(i.SetSysClock) for SetSysClock
    dev_can.o(i.can1_test_ram_access) refers to rand.o(.text) for rand
    dev_can.o(i.can1_test_ram_access) refers to drv_canfdspi_api.o(i.DRV_CANFDSPI_WriteByteArray) for DRV_CANFDSPI_WriteByteArray
    dev_can.o(i.can1_test_ram_access) refers to drv_canfdspi_api.o(i.DRV_CANFDSPI_ReadByteArray) for DRV_CANFDSPI_ReadByteArray
    dev_can.o(i.can1_test_register_access) refers to rand.o(.text) for rand
    dev_can.o(i.can1_test_register_access) refers to drv_canfdspi_api.o(i.DRV_CANFDSPI_WriteByteArray) for DRV_CANFDSPI_WriteByteArray
    dev_can.o(i.can1_test_register_access) refers to drv_canfdspi_api.o(i.DRV_CANFDSPI_ReadByteArray) for DRV_CANFDSPI_ReadByteArray
    dev_can.o(i.can_self_test) refers to dev_can.o(i.can1_test_ram_access) for can1_test_ram_access
    dev_can.o(i.can_transmit_msg) refers to drv_canfdspi_api.o(i.DRV_CANFDSPI_DlcToDataBytes) for DRV_CANFDSPI_DlcToDataBytes
    dev_can.o(i.can_transmit_msg) refers to drv_canfdspi_api.o(i.DRV_CANFDSPI_TransmitChannelLoad) for DRV_CANFDSPI_TransmitChannelLoad
    dev_can.o(i.canfd_cfg_init) refers to drv_canfdspi_api.o(i.DRV_CANFDSPI_Reset) for DRV_CANFDSPI_Reset
    dev_can.o(i.canfd_cfg_init) refers to drv_canfdspi_api.o(i.DRV_CANFDSPI_EccEnable) for DRV_CANFDSPI_EccEnable
    dev_can.o(i.canfd_cfg_init) refers to drv_canfdspi_api.o(i.DRV_CANFDSPI_RamInit) for DRV_CANFDSPI_RamInit
    dev_can.o(i.canfd_cfg_init) refers to drv_canfdspi_api.o(i.DRV_CANFDSPI_ConfigureObjectReset) for DRV_CANFDSPI_ConfigureObjectReset
    dev_can.o(i.canfd_cfg_init) refers to drv_canfdspi_api.o(i.DRV_CANFDSPI_Configure) for DRV_CANFDSPI_Configure
    dev_can.o(i.canfd_cfg_init) refers to drv_canfdspi_api.o(i.DRV_CANFDSPI_TransmitChannelConfigureObjectReset) for DRV_CANFDSPI_TransmitChannelConfigureObjectReset
    dev_can.o(i.canfd_cfg_init) refers to drv_canfdspi_api.o(i.DRV_CANFDSPI_TransmitChannelConfigure) for DRV_CANFDSPI_TransmitChannelConfigure
    dev_can.o(i.canfd_cfg_init) refers to drv_canfdspi_api.o(i.DRV_CANFDSPI_ReceiveChannelConfigureObjectReset) for DRV_CANFDSPI_ReceiveChannelConfigureObjectReset
    dev_can.o(i.canfd_cfg_init) refers to drv_canfdspi_api.o(i.DRV_CANFDSPI_ReceiveChannelConfigure) for DRV_CANFDSPI_ReceiveChannelConfigure
    dev_can.o(i.canfd_cfg_init) refers to drv_canfdspi_api.o(i.DRV_CANFDSPI_TimeStampModeConfigure) for DRV_CANFDSPI_TimeStampModeConfigure
    dev_can.o(i.canfd_cfg_init) refers to drv_canfdspi_api.o(i.DRV_CANFDSPI_TimeStampPrescalerSet) for DRV_CANFDSPI_TimeStampPrescalerSet
    dev_can.o(i.canfd_cfg_init) refers to drv_canfdspi_api.o(i.DRV_CANFDSPI_TimeStampSet) for DRV_CANFDSPI_TimeStampSet
    dev_can.o(i.canfd_cfg_init) refers to drv_canfdspi_api.o(i.DRV_CANFDSPI_TimeStampEnable) for DRV_CANFDSPI_TimeStampEnable
    dev_can.o(i.canfd_cfg_init) refers to drv_canfdspi_api.o(i.DRV_CANFDSPI_FilterObjectConfigure) for DRV_CANFDSPI_FilterObjectConfigure
    dev_can.o(i.canfd_cfg_init) refers to drv_canfdspi_api.o(i.DRV_CANFDSPI_FilterMaskConfigure) for DRV_CANFDSPI_FilterMaskConfigure
    dev_can.o(i.canfd_cfg_init) refers to drv_canfdspi_api.o(i.DRV_CANFDSPI_FilterToFifoLink) for DRV_CANFDSPI_FilterToFifoLink
    dev_can.o(i.canfd_cfg_init) refers to drv_canfdspi_api.o(i.DRV_CANFDSPI_BitTimeConfigure) for DRV_CANFDSPI_BitTimeConfigure
    dev_can.o(i.canfd_cfg_init) refers to drv_canfdspi_api.o(i.DRV_CANFDSPI_GpioModeConfigure) for DRV_CANFDSPI_GpioModeConfigure
    dev_can.o(i.canfd_cfg_init) refers to drv_canfdspi_api.o(i.DRV_CANFDSPI_ReceiveChannelEventEnable) for DRV_CANFDSPI_ReceiveChannelEventEnable
    dev_can.o(i.canfd_cfg_init) refers to drv_canfdspi_api.o(i.DRV_CANFDSPI_ModuleEventEnable) for DRV_CANFDSPI_ModuleEventEnable
    dev_can.o(i.canfd_cfg_init) refers to drv_canfdspi_api.o(i.DRV_CANFDSPI_OperationModeSelect) for DRV_CANFDSPI_OperationModeSelect
    dev_can.o(i.etk_can_init) refers to drv_spi_mcp2517fd.o(i.spi1_gpio_config) for spi1_gpio_config
    dev_can.o(i.etk_can_init) refers to drv_spi_mcp2517fd.o(i.can_hd_spi_port_init) for can_hd_spi_port_init
    dev_can.o(i.etk_can_init) refers to dev_can.o(i.can_self_test) for can_self_test
    dev_can.o(i.etk_can_init) refers to dev_can.o(i.canfd_cfg_init) for canfd_cfg_init
    dev_can.o(i.etk_can_transmit_check_fifo) refers to drv_canfdspi_api.o(i.DRV_CANFDSPI_TransmitChannelEventGet) for DRV_CANFDSPI_TransmitChannelEventGet
    dev_can.o(i.etk_can_transmit_check_fifo) refers to dev_can.o(.data) for txFlags
    dev_can.o(i.read_can_bus_err_state) refers to drv_canfdspi_api.o(i.DRV_CANFDSPI_ErrorCountStateGet) for DRV_CANFDSPI_ErrorCountStateGet
    dev_can.o(i.read_can_bus_err_state) refers to drv_canfdspi_api.o(i.DRV_CANFDSPI_BusDiagnosticsGet) for DRV_CANFDSPI_BusDiagnosticsGet
    dev_can.o(i.read_can_bus_err_state) refers to drv_canfdspi_api.o(i.DRV_CANFDSPI_TransmitChannelStatusGet) for DRV_CANFDSPI_TransmitChannelStatusGet
    dev_can.o(i.read_can_bus_err_state) refers to dev_can.o(.data) for errorFlags
    dev_can.o(i.read_can_bus_err_state) refers to dev_can.o(.bss) for busDiagnostics
    drv_canfdspi_api.o(i.DRV_CANFDSPI_BitTimeConfigure) refers to drv_canfdspi_api.o(i.DRV_CANFDSPI_BitTimeConfigureNominal40MHz) for DRV_CANFDSPI_BitTimeConfigureNominal40MHz
    drv_canfdspi_api.o(i.DRV_CANFDSPI_BitTimeConfigure) refers to drv_canfdspi_api.o(i.DRV_CANFDSPI_BitTimeConfigureData40MHz) for DRV_CANFDSPI_BitTimeConfigureData40MHz
    drv_canfdspi_api.o(i.DRV_CANFDSPI_BitTimeConfigure) refers to drv_canfdspi_api.o(i.DRV_CANFDSPI_BitTimeConfigureNominal20MHz) for DRV_CANFDSPI_BitTimeConfigureNominal20MHz
    drv_canfdspi_api.o(i.DRV_CANFDSPI_BitTimeConfigure) refers to drv_canfdspi_api.o(i.DRV_CANFDSPI_BitTimeConfigureData20MHz) for DRV_CANFDSPI_BitTimeConfigureData20MHz
    drv_canfdspi_api.o(i.DRV_CANFDSPI_BitTimeConfigure) refers to drv_canfdspi_api.o(i.DRV_CANFDSPI_BitTimeConfigureNominal10MHz) for DRV_CANFDSPI_BitTimeConfigureNominal10MHz
    drv_canfdspi_api.o(i.DRV_CANFDSPI_BitTimeConfigure) refers to drv_canfdspi_api.o(i.DRV_CANFDSPI_BitTimeConfigureData10MHz) for DRV_CANFDSPI_BitTimeConfigureData10MHz
    drv_canfdspi_api.o(i.DRV_CANFDSPI_BitTimeConfigureData10MHz) refers to drv_canfdspi_api.o(i.DRV_CANFDSPI_WriteWord) for DRV_CANFDSPI_WriteWord
    drv_canfdspi_api.o(i.DRV_CANFDSPI_BitTimeConfigureData10MHz) refers to drv_canfdspi_api.o(.constdata) for canControlResetValues
    drv_canfdspi_api.o(i.DRV_CANFDSPI_BitTimeConfigureData20MHz) refers to drv_canfdspi_api.o(i.DRV_CANFDSPI_WriteWord) for DRV_CANFDSPI_WriteWord
    drv_canfdspi_api.o(i.DRV_CANFDSPI_BitTimeConfigureData20MHz) refers to drv_canfdspi_api.o(.constdata) for canControlResetValues
    drv_canfdspi_api.o(i.DRV_CANFDSPI_BitTimeConfigureData40MHz) refers to drv_canfdspi_api.o(.constdata) for canControlResetValues
    drv_canfdspi_api.o(i.DRV_CANFDSPI_BitTimeConfigureData40MHz) refers to drv_canfdspi_api.o(i.DRV_CANFDSPI_WriteWord) for DRV_CANFDSPI_WriteWord
    drv_canfdspi_api.o(i.DRV_CANFDSPI_BitTimeConfigureNominal10MHz) refers to drv_canfdspi_api.o(i.DRV_CANFDSPI_WriteWord) for DRV_CANFDSPI_WriteWord
    drv_canfdspi_api.o(i.DRV_CANFDSPI_BitTimeConfigureNominal10MHz) refers to drv_canfdspi_api.o(.constdata) for canControlResetValues
    drv_canfdspi_api.o(i.DRV_CANFDSPI_BitTimeConfigureNominal20MHz) refers to drv_canfdspi_api.o(i.DRV_CANFDSPI_WriteWord) for DRV_CANFDSPI_WriteWord
    drv_canfdspi_api.o(i.DRV_CANFDSPI_BitTimeConfigureNominal20MHz) refers to drv_canfdspi_api.o(.constdata) for canControlResetValues
    drv_canfdspi_api.o(i.DRV_CANFDSPI_BitTimeConfigureNominal40MHz) refers to drv_canfdspi_api.o(i.DRV_CANFDSPI_WriteWord) for DRV_CANFDSPI_WriteWord
    drv_canfdspi_api.o(i.DRV_CANFDSPI_BitTimeConfigureNominal40MHz) refers to drv_canfdspi_api.o(.constdata) for canControlResetValues
    drv_canfdspi_api.o(i.DRV_CANFDSPI_BusDiagnosticsClear) refers to drv_canfdspi_api.o(i.DRV_CANFDSPI_WriteWordArray) for DRV_CANFDSPI_WriteWordArray
    drv_canfdspi_api.o(i.DRV_CANFDSPI_BusDiagnosticsGet) refers to drv_canfdspi_api.o(i.DRV_CANFDSPI_ReadWordArray) for DRV_CANFDSPI_ReadWordArray
    drv_canfdspi_api.o(i.DRV_CANFDSPI_CalculateCRC16) refers to drv_canfdspi_api.o(.constdata) for crc16_table
    drv_canfdspi_api.o(i.DRV_CANFDSPI_Configure) refers to drv_canfdspi_api.o(i.DRV_CANFDSPI_WriteWord) for DRV_CANFDSPI_WriteWord
    drv_canfdspi_api.o(i.DRV_CANFDSPI_Configure) refers to drv_canfdspi_api.o(.constdata) for canControlResetValues
    drv_canfdspi_api.o(i.DRV_CANFDSPI_ConfigureObjectReset) refers to drv_canfdspi_api.o(.constdata) for canControlResetValues
    drv_canfdspi_api.o(i.DRV_CANFDSPI_CrcEventClear) refers to drv_canfdspi_api.o(i.DRV_CANFDSPI_ReadByte) for DRV_CANFDSPI_ReadByte
    drv_canfdspi_api.o(i.DRV_CANFDSPI_CrcEventClear) refers to drv_canfdspi_api.o(i.DRV_CANFDSPI_WriteByte) for DRV_CANFDSPI_WriteByte
    drv_canfdspi_api.o(i.DRV_CANFDSPI_CrcEventDisable) refers to drv_canfdspi_api.o(i.DRV_CANFDSPI_ReadByte) for DRV_CANFDSPI_ReadByte
    drv_canfdspi_api.o(i.DRV_CANFDSPI_CrcEventDisable) refers to drv_canfdspi_api.o(i.DRV_CANFDSPI_WriteByte) for DRV_CANFDSPI_WriteByte
    drv_canfdspi_api.o(i.DRV_CANFDSPI_CrcEventEnable) refers to drv_canfdspi_api.o(i.DRV_CANFDSPI_ReadByte) for DRV_CANFDSPI_ReadByte
    drv_canfdspi_api.o(i.DRV_CANFDSPI_CrcEventEnable) refers to drv_canfdspi_api.o(i.DRV_CANFDSPI_WriteByte) for DRV_CANFDSPI_WriteByte
    drv_canfdspi_api.o(i.DRV_CANFDSPI_CrcEventGet) refers to drv_canfdspi_api.o(i.DRV_CANFDSPI_ReadByte) for DRV_CANFDSPI_ReadByte
    drv_canfdspi_api.o(i.DRV_CANFDSPI_CrcValueGet) refers to drv_canfdspi_api.o(i.DRV_CANFDSPI_ReadHalfWord) for DRV_CANFDSPI_ReadHalfWord
    drv_canfdspi_api.o(i.DRV_CANFDSPI_DeviceNetFilterCountSet) refers to drv_canfdspi_api.o(i.DRV_CANFDSPI_ReadByte) for DRV_CANFDSPI_ReadByte
    drv_canfdspi_api.o(i.DRV_CANFDSPI_DeviceNetFilterCountSet) refers to drv_canfdspi_api.o(i.DRV_CANFDSPI_WriteByte) for DRV_CANFDSPI_WriteByte
    drv_canfdspi_api.o(i.DRV_CANFDSPI_EccDisable) refers to drv_canfdspi_api.o(i.DRV_CANFDSPI_ReadByte) for DRV_CANFDSPI_ReadByte
    drv_canfdspi_api.o(i.DRV_CANFDSPI_EccDisable) refers to drv_canfdspi_api.o(i.DRV_CANFDSPI_WriteByte) for DRV_CANFDSPI_WriteByte
    drv_canfdspi_api.o(i.DRV_CANFDSPI_EccEnable) refers to drv_canfdspi_api.o(i.DRV_CANFDSPI_ReadByte) for DRV_CANFDSPI_ReadByte
    drv_canfdspi_api.o(i.DRV_CANFDSPI_EccEnable) refers to drv_canfdspi_api.o(i.DRV_CANFDSPI_WriteByte) for DRV_CANFDSPI_WriteByte
    drv_canfdspi_api.o(i.DRV_CANFDSPI_EccErrorAddressGet) refers to drv_canfdspi_api.o(i.DRV_CANFDSPI_ReadWord) for DRV_CANFDSPI_ReadWord
    drv_canfdspi_api.o(i.DRV_CANFDSPI_EccEventClear) refers to drv_canfdspi_api.o(i.DRV_CANFDSPI_ReadByte) for DRV_CANFDSPI_ReadByte
    drv_canfdspi_api.o(i.DRV_CANFDSPI_EccEventClear) refers to drv_canfdspi_api.o(i.DRV_CANFDSPI_WriteByte) for DRV_CANFDSPI_WriteByte
    drv_canfdspi_api.o(i.DRV_CANFDSPI_EccEventDisable) refers to drv_canfdspi_api.o(i.DRV_CANFDSPI_ReadByte) for DRV_CANFDSPI_ReadByte
    drv_canfdspi_api.o(i.DRV_CANFDSPI_EccEventDisable) refers to drv_canfdspi_api.o(i.DRV_CANFDSPI_WriteByte) for DRV_CANFDSPI_WriteByte
    drv_canfdspi_api.o(i.DRV_CANFDSPI_EccEventEnable) refers to drv_canfdspi_api.o(i.DRV_CANFDSPI_ReadByte) for DRV_CANFDSPI_ReadByte
    drv_canfdspi_api.o(i.DRV_CANFDSPI_EccEventEnable) refers to drv_canfdspi_api.o(i.DRV_CANFDSPI_WriteByte) for DRV_CANFDSPI_WriteByte
    drv_canfdspi_api.o(i.DRV_CANFDSPI_EccEventGet) refers to drv_canfdspi_api.o(i.DRV_CANFDSPI_ReadByte) for DRV_CANFDSPI_ReadByte
    drv_canfdspi_api.o(i.DRV_CANFDSPI_EccParityGet) refers to drv_canfdspi_api.o(i.DRV_CANFDSPI_ReadByte) for DRV_CANFDSPI_ReadByte
    drv_canfdspi_api.o(i.DRV_CANFDSPI_EccParitySet) refers to drv_canfdspi_api.o(i.DRV_CANFDSPI_WriteByte) for DRV_CANFDSPI_WriteByte
    drv_canfdspi_api.o(i.DRV_CANFDSPI_ErrorCountReceiveGet) refers to drv_canfdspi_api.o(i.DRV_CANFDSPI_ReadByte) for DRV_CANFDSPI_ReadByte
    drv_canfdspi_api.o(i.DRV_CANFDSPI_ErrorCountStateGet) refers to drv_canfdspi_api.o(i.DRV_CANFDSPI_ReadWord) for DRV_CANFDSPI_ReadWord
    drv_canfdspi_api.o(i.DRV_CANFDSPI_ErrorCountTransmitGet) refers to drv_canfdspi_api.o(i.DRV_CANFDSPI_ReadByte) for DRV_CANFDSPI_ReadByte
    drv_canfdspi_api.o(i.DRV_CANFDSPI_ErrorStateGet) refers to drv_canfdspi_api.o(i.DRV_CANFDSPI_ReadByte) for DRV_CANFDSPI_ReadByte
    drv_canfdspi_api.o(i.DRV_CANFDSPI_FifoIndexGet) refers to drv_canfdspi_api.o(i.DRV_CANFDSPI_ReadByte) for DRV_CANFDSPI_ReadByte
    drv_canfdspi_api.o(i.DRV_CANFDSPI_FilterDisable) refers to drv_canfdspi_api.o(i.DRV_CANFDSPI_ReadByte) for DRV_CANFDSPI_ReadByte
    drv_canfdspi_api.o(i.DRV_CANFDSPI_FilterDisable) refers to drv_canfdspi_api.o(i.DRV_CANFDSPI_WriteByte) for DRV_CANFDSPI_WriteByte
    drv_canfdspi_api.o(i.DRV_CANFDSPI_FilterEnable) refers to drv_canfdspi_api.o(i.DRV_CANFDSPI_ReadByte) for DRV_CANFDSPI_ReadByte
    drv_canfdspi_api.o(i.DRV_CANFDSPI_FilterEnable) refers to drv_canfdspi_api.o(i.DRV_CANFDSPI_WriteByte) for DRV_CANFDSPI_WriteByte
    drv_canfdspi_api.o(i.DRV_CANFDSPI_FilterMaskConfigure) refers to drv_canfdspi_api.o(i.DRV_CANFDSPI_WriteWord) for DRV_CANFDSPI_WriteWord
    drv_canfdspi_api.o(i.DRV_CANFDSPI_FilterObjectConfigure) refers to drv_canfdspi_api.o(i.DRV_CANFDSPI_WriteWord) for DRV_CANFDSPI_WriteWord
    drv_canfdspi_api.o(i.DRV_CANFDSPI_FilterToFifoLink) refers to drv_canfdspi_api.o(i.DRV_CANFDSPI_WriteByte) for DRV_CANFDSPI_WriteByte
    drv_canfdspi_api.o(i.DRV_CANFDSPI_GpioClockOutputConfigure) refers to drv_canfdspi_api.o(i.DRV_CANFDSPI_ReadByte) for DRV_CANFDSPI_ReadByte
    drv_canfdspi_api.o(i.DRV_CANFDSPI_GpioClockOutputConfigure) refers to drv_canfdspi_api.o(i.DRV_CANFDSPI_WriteByte) for DRV_CANFDSPI_WriteByte
    drv_canfdspi_api.o(i.DRV_CANFDSPI_GpioDirectionConfigure) refers to drv_canfdspi_api.o(i.DRV_CANFDSPI_ReadByte) for DRV_CANFDSPI_ReadByte
    drv_canfdspi_api.o(i.DRV_CANFDSPI_GpioDirectionConfigure) refers to drv_canfdspi_api.o(i.DRV_CANFDSPI_WriteByte) for DRV_CANFDSPI_WriteByte
    drv_canfdspi_api.o(i.DRV_CANFDSPI_GpioInterruptPinsOpenDrainConfigure) refers to drv_canfdspi_api.o(i.DRV_CANFDSPI_ReadByte) for DRV_CANFDSPI_ReadByte
    drv_canfdspi_api.o(i.DRV_CANFDSPI_GpioInterruptPinsOpenDrainConfigure) refers to drv_canfdspi_api.o(i.DRV_CANFDSPI_WriteByte) for DRV_CANFDSPI_WriteByte
    drv_canfdspi_api.o(i.DRV_CANFDSPI_GpioModeConfigure) refers to drv_canfdspi_api.o(i.DRV_CANFDSPI_ReadByte) for DRV_CANFDSPI_ReadByte
    drv_canfdspi_api.o(i.DRV_CANFDSPI_GpioModeConfigure) refers to drv_canfdspi_api.o(i.DRV_CANFDSPI_WriteByte) for DRV_CANFDSPI_WriteByte
    drv_canfdspi_api.o(i.DRV_CANFDSPI_GpioPinRead) refers to drv_canfdspi_api.o(i.DRV_CANFDSPI_ReadByte) for DRV_CANFDSPI_ReadByte
    drv_canfdspi_api.o(i.DRV_CANFDSPI_GpioPinSet) refers to drv_canfdspi_api.o(i.DRV_CANFDSPI_ReadByte) for DRV_CANFDSPI_ReadByte
    drv_canfdspi_api.o(i.DRV_CANFDSPI_GpioPinSet) refers to drv_canfdspi_api.o(i.DRV_CANFDSPI_WriteByte) for DRV_CANFDSPI_WriteByte
    drv_canfdspi_api.o(i.DRV_CANFDSPI_GpioStandbyControlDisable) refers to drv_canfdspi_api.o(i.DRV_CANFDSPI_ReadByte) for DRV_CANFDSPI_ReadByte
    drv_canfdspi_api.o(i.DRV_CANFDSPI_GpioStandbyControlDisable) refers to drv_canfdspi_api.o(i.DRV_CANFDSPI_WriteByte) for DRV_CANFDSPI_WriteByte
    drv_canfdspi_api.o(i.DRV_CANFDSPI_GpioStandbyControlEnable) refers to drv_canfdspi_api.o(i.DRV_CANFDSPI_ReadByte) for DRV_CANFDSPI_ReadByte
    drv_canfdspi_api.o(i.DRV_CANFDSPI_GpioStandbyControlEnable) refers to drv_canfdspi_api.o(i.DRV_CANFDSPI_WriteByte) for DRV_CANFDSPI_WriteByte
    drv_canfdspi_api.o(i.DRV_CANFDSPI_GpioTransmitPinOpenDrainConfigure) refers to drv_canfdspi_api.o(i.DRV_CANFDSPI_ReadByte) for DRV_CANFDSPI_ReadByte
    drv_canfdspi_api.o(i.DRV_CANFDSPI_GpioTransmitPinOpenDrainConfigure) refers to drv_canfdspi_api.o(i.DRV_CANFDSPI_WriteByte) for DRV_CANFDSPI_WriteByte
    drv_canfdspi_api.o(i.DRV_CANFDSPI_ModuleEventClear) refers to drv_canfdspi_api.o(i.DRV_CANFDSPI_WriteHalfWord) for DRV_CANFDSPI_WriteHalfWord
    drv_canfdspi_api.o(i.DRV_CANFDSPI_ModuleEventDisable) refers to drv_canfdspi_api.o(i.DRV_CANFDSPI_ReadHalfWord) for DRV_CANFDSPI_ReadHalfWord
    drv_canfdspi_api.o(i.DRV_CANFDSPI_ModuleEventDisable) refers to drv_canfdspi_api.o(i.DRV_CANFDSPI_WriteHalfWord) for DRV_CANFDSPI_WriteHalfWord
    drv_canfdspi_api.o(i.DRV_CANFDSPI_ModuleEventEnable) refers to drv_canfdspi_api.o(i.DRV_CANFDSPI_ReadHalfWord) for DRV_CANFDSPI_ReadHalfWord
    drv_canfdspi_api.o(i.DRV_CANFDSPI_ModuleEventEnable) refers to drv_canfdspi_api.o(i.DRV_CANFDSPI_WriteHalfWord) for DRV_CANFDSPI_WriteHalfWord
    drv_canfdspi_api.o(i.DRV_CANFDSPI_ModuleEventFilterHitGet) refers to drv_canfdspi_api.o(i.DRV_CANFDSPI_ReadByte) for DRV_CANFDSPI_ReadByte
    drv_canfdspi_api.o(i.DRV_CANFDSPI_ModuleEventGet) refers to drv_canfdspi_api.o(i.DRV_CANFDSPI_ReadHalfWord) for DRV_CANFDSPI_ReadHalfWord
    drv_canfdspi_api.o(i.DRV_CANFDSPI_ModuleEventIcodeGet) refers to drv_canfdspi_api.o(i.DRV_CANFDSPI_ReadByte) for DRV_CANFDSPI_ReadByte
    drv_canfdspi_api.o(i.DRV_CANFDSPI_ModuleEventRxCodeGet) refers to drv_canfdspi_api.o(i.DRV_CANFDSPI_ReadByte) for DRV_CANFDSPI_ReadByte
    drv_canfdspi_api.o(i.DRV_CANFDSPI_ModuleEventTxCodeGet) refers to drv_canfdspi_api.o(i.DRV_CANFDSPI_ReadByte) for DRV_CANFDSPI_ReadByte
    drv_canfdspi_api.o(i.DRV_CANFDSPI_OperationModeGet) refers to drv_canfdspi_api.o(i.DRV_CANFDSPI_ReadByte) for DRV_CANFDSPI_ReadByte
    drv_canfdspi_api.o(i.DRV_CANFDSPI_OperationModeSelect) refers to drv_canfdspi_api.o(i.DRV_CANFDSPI_ReadByte) for DRV_CANFDSPI_ReadByte
    drv_canfdspi_api.o(i.DRV_CANFDSPI_OperationModeSelect) refers to drv_canfdspi_api.o(i.DRV_CANFDSPI_WriteByte) for DRV_CANFDSPI_WriteByte
    drv_canfdspi_api.o(i.DRV_CANFDSPI_OscillatorControlObjectReset) refers to drv_canfdspi_api.o(.constdata) for mcp25xxfdControlResetValues
    drv_canfdspi_api.o(i.DRV_CANFDSPI_OscillatorControlSet) refers to drv_canfdspi_api.o(i.DRV_CANFDSPI_WriteByte) for DRV_CANFDSPI_WriteByte
    drv_canfdspi_api.o(i.DRV_CANFDSPI_OscillatorEnable) refers to drv_canfdspi_api.o(i.DRV_CANFDSPI_ReadByte) for DRV_CANFDSPI_ReadByte
    drv_canfdspi_api.o(i.DRV_CANFDSPI_OscillatorEnable) refers to drv_canfdspi_api.o(i.DRV_CANFDSPI_WriteByte) for DRV_CANFDSPI_WriteByte
    drv_canfdspi_api.o(i.DRV_CANFDSPI_OscillatorStatusGet) refers to drv_canfdspi_api.o(i.DRV_CANFDSPI_ReadByte) for DRV_CANFDSPI_ReadByte
    drv_canfdspi_api.o(i.DRV_CANFDSPI_RamInit) refers to drv_canfdspi_api.o(i.DRV_CANFDSPI_WriteByteArray) for DRV_CANFDSPI_WriteByteArray
    drv_canfdspi_api.o(i.DRV_CANFDSPI_ReadByte) refers to drv_spi_mcp2517fd.o(i.DRV_SPI_TransferData) for DRV_SPI_TransferData
    drv_canfdspi_api.o(i.DRV_CANFDSPI_ReadByte) refers to drv_canfdspi_api.o(.bss) for spiTransmitBuffer
    drv_canfdspi_api.o(i.DRV_CANFDSPI_ReadByteArray) refers to drv_spi_mcp2517fd.o(i.DRV_SPI_TransferData) for DRV_SPI_TransferData
    drv_canfdspi_api.o(i.DRV_CANFDSPI_ReadByteArray) refers to drv_canfdspi_api.o(.bss) for spiTransmitBuffer
    drv_canfdspi_api.o(i.DRV_CANFDSPI_ReadByteArrayWithCRC) refers to drv_spi_mcp2517fd.o(i.DRV_SPI_TransferData) for DRV_SPI_TransferData
    drv_canfdspi_api.o(i.DRV_CANFDSPI_ReadByteArrayWithCRC) refers to drv_canfdspi_api.o(i.DRV_CANFDSPI_CalculateCRC16) for DRV_CANFDSPI_CalculateCRC16
    drv_canfdspi_api.o(i.DRV_CANFDSPI_ReadByteArrayWithCRC) refers to drv_canfdspi_api.o(.bss) for spiTransmitBuffer
    drv_canfdspi_api.o(i.DRV_CANFDSPI_ReadHalfWord) refers to drv_spi_mcp2517fd.o(i.DRV_SPI_TransferData) for DRV_SPI_TransferData
    drv_canfdspi_api.o(i.DRV_CANFDSPI_ReadHalfWord) refers to drv_canfdspi_api.o(.bss) for spiTransmitBuffer
    drv_canfdspi_api.o(i.DRV_CANFDSPI_ReadWord) refers to drv_spi_mcp2517fd.o(i.DRV_SPI_TransferData) for DRV_SPI_TransferData
    drv_canfdspi_api.o(i.DRV_CANFDSPI_ReadWord) refers to drv_canfdspi_api.o(.bss) for spiTransmitBuffer
    drv_canfdspi_api.o(i.DRV_CANFDSPI_ReadWordArray) refers to drv_spi_mcp2517fd.o(i.DRV_SPI_TransferData) for DRV_SPI_TransferData
    drv_canfdspi_api.o(i.DRV_CANFDSPI_ReadWordArray) refers to drv_canfdspi_api.o(.bss) for spiTransmitBuffer
    drv_canfdspi_api.o(i.DRV_CANFDSPI_ReceiveChannelConfigure) refers to drv_canfdspi_api.o(i.DRV_CANFDSPI_WriteWord) for DRV_CANFDSPI_WriteWord
    drv_canfdspi_api.o(i.DRV_CANFDSPI_ReceiveChannelConfigure) refers to drv_canfdspi_api.o(.constdata) for canFifoResetValues
    drv_canfdspi_api.o(i.DRV_CANFDSPI_ReceiveChannelConfigureObjectReset) refers to drv_canfdspi_api.o(.constdata) for canFifoResetValues
    drv_canfdspi_api.o(i.DRV_CANFDSPI_ReceiveChannelEventDisable) refers to drv_canfdspi_api.o(i.DRV_CANFDSPI_ReadByte) for DRV_CANFDSPI_ReadByte
    drv_canfdspi_api.o(i.DRV_CANFDSPI_ReceiveChannelEventDisable) refers to drv_canfdspi_api.o(i.DRV_CANFDSPI_WriteByte) for DRV_CANFDSPI_WriteByte
    drv_canfdspi_api.o(i.DRV_CANFDSPI_ReceiveChannelEventEnable) refers to drv_canfdspi_api.o(i.DRV_CANFDSPI_ReadByte) for DRV_CANFDSPI_ReadByte
    drv_canfdspi_api.o(i.DRV_CANFDSPI_ReceiveChannelEventEnable) refers to drv_canfdspi_api.o(i.DRV_CANFDSPI_WriteByte) for DRV_CANFDSPI_WriteByte
    drv_canfdspi_api.o(i.DRV_CANFDSPI_ReceiveChannelEventGet) refers to drv_canfdspi_api.o(i.DRV_CANFDSPI_ReadByte) for DRV_CANFDSPI_ReadByte
    drv_canfdspi_api.o(i.DRV_CANFDSPI_ReceiveChannelEventOverflowClear) refers to drv_canfdspi_api.o(i.DRV_CANFDSPI_ReadByte) for DRV_CANFDSPI_ReadByte
    drv_canfdspi_api.o(i.DRV_CANFDSPI_ReceiveChannelEventOverflowClear) refers to drv_canfdspi_api.o(i.DRV_CANFDSPI_WriteByte) for DRV_CANFDSPI_WriteByte
    drv_canfdspi_api.o(i.DRV_CANFDSPI_ReceiveChannelIndexGet) refers to drv_canfdspi_api.o(i.DRV_CANFDSPI_TransmitChannelIndexGet) for DRV_CANFDSPI_TransmitChannelIndexGet
    drv_canfdspi_api.o(i.DRV_CANFDSPI_ReceiveChannelReset) refers to drv_canfdspi_api.o(i.DRV_CANFDSPI_WriteByte) for DRV_CANFDSPI_WriteByte
    drv_canfdspi_api.o(i.DRV_CANFDSPI_ReceiveChannelStatusGet) refers to drv_canfdspi_api.o(i.DRV_CANFDSPI_ReadByte) for DRV_CANFDSPI_ReadByte
    drv_canfdspi_api.o(i.DRV_CANFDSPI_ReceiveChannelUpdate) refers to drv_canfdspi_api.o(i.DRV_CANFDSPI_WriteByte) for DRV_CANFDSPI_WriteByte
    drv_canfdspi_api.o(i.DRV_CANFDSPI_ReceiveEventGet) refers to drv_canfdspi_api.o(i.DRV_CANFDSPI_ReadWord) for DRV_CANFDSPI_ReadWord
    drv_canfdspi_api.o(i.DRV_CANFDSPI_ReceiveEventOverflowGet) refers to drv_canfdspi_api.o(i.DRV_CANFDSPI_ReadWord) for DRV_CANFDSPI_ReadWord
    drv_canfdspi_api.o(i.DRV_CANFDSPI_ReceiveMessageGet) refers to drv_canfdspi_api.o(i.DRV_CANFDSPI_ReadWordArray) for DRV_CANFDSPI_ReadWordArray
    drv_canfdspi_api.o(i.DRV_CANFDSPI_ReceiveMessageGet) refers to drv_canfdspi_api.o(i.DRV_CANFDSPI_ReadByteArray) for DRV_CANFDSPI_ReadByteArray
    drv_canfdspi_api.o(i.DRV_CANFDSPI_ReceiveMessageGet) refers to drv_canfdspi_api.o(i.DRV_CANFDSPI_ReceiveChannelUpdate) for DRV_CANFDSPI_ReceiveChannelUpdate
    drv_canfdspi_api.o(i.DRV_CANFDSPI_Reset) refers to drv_spi_mcp2517fd.o(i.DRV_SPI_TransferData) for DRV_SPI_TransferData
    drv_canfdspi_api.o(i.DRV_CANFDSPI_Reset) refers to drv_canfdspi_api.o(.bss) for spiTransmitBuffer
    drv_canfdspi_api.o(i.DRV_CANFDSPI_TefConfigure) refers to drv_canfdspi_api.o(i.DRV_CANFDSPI_WriteWord) for DRV_CANFDSPI_WriteWord
    drv_canfdspi_api.o(i.DRV_CANFDSPI_TefConfigure) refers to drv_canfdspi_api.o(.constdata) for canControlResetValues
    drv_canfdspi_api.o(i.DRV_CANFDSPI_TefConfigureObjectReset) refers to drv_canfdspi_api.o(.constdata) for canFifoResetValues
    drv_canfdspi_api.o(i.DRV_CANFDSPI_TefEventDisable) refers to drv_canfdspi_api.o(i.DRV_CANFDSPI_ReadByte) for DRV_CANFDSPI_ReadByte
    drv_canfdspi_api.o(i.DRV_CANFDSPI_TefEventDisable) refers to drv_canfdspi_api.o(i.DRV_CANFDSPI_WriteByte) for DRV_CANFDSPI_WriteByte
    drv_canfdspi_api.o(i.DRV_CANFDSPI_TefEventEnable) refers to drv_canfdspi_api.o(i.DRV_CANFDSPI_ReadByte) for DRV_CANFDSPI_ReadByte
    drv_canfdspi_api.o(i.DRV_CANFDSPI_TefEventEnable) refers to drv_canfdspi_api.o(i.DRV_CANFDSPI_WriteByte) for DRV_CANFDSPI_WriteByte
    drv_canfdspi_api.o(i.DRV_CANFDSPI_TefEventGet) refers to drv_canfdspi_api.o(i.DRV_CANFDSPI_ReadByte) for DRV_CANFDSPI_ReadByte
    drv_canfdspi_api.o(i.DRV_CANFDSPI_TefEventOverflowClear) refers to drv_canfdspi_api.o(i.DRV_CANFDSPI_ReadByte) for DRV_CANFDSPI_ReadByte
    drv_canfdspi_api.o(i.DRV_CANFDSPI_TefEventOverflowClear) refers to drv_canfdspi_api.o(i.DRV_CANFDSPI_WriteByte) for DRV_CANFDSPI_WriteByte
    drv_canfdspi_api.o(i.DRV_CANFDSPI_TefMessageGet) refers to drv_canfdspi_api.o(i.DRV_CANFDSPI_ReadWordArray) for DRV_CANFDSPI_ReadWordArray
    drv_canfdspi_api.o(i.DRV_CANFDSPI_TefMessageGet) refers to drv_canfdspi_api.o(i.DRV_CANFDSPI_ReadByteArray) for DRV_CANFDSPI_ReadByteArray
    drv_canfdspi_api.o(i.DRV_CANFDSPI_TefMessageGet) refers to drv_canfdspi_api.o(i.DRV_CANFDSPI_TefUpdate) for DRV_CANFDSPI_TefUpdate
    drv_canfdspi_api.o(i.DRV_CANFDSPI_TefReset) refers to drv_canfdspi_api.o(i.DRV_CANFDSPI_WriteByte) for DRV_CANFDSPI_WriteByte
    drv_canfdspi_api.o(i.DRV_CANFDSPI_TefStatusGet) refers to drv_canfdspi_api.o(i.DRV_CANFDSPI_ReadByte) for DRV_CANFDSPI_ReadByte
    drv_canfdspi_api.o(i.DRV_CANFDSPI_TefUpdate) refers to drv_canfdspi_api.o(i.DRV_CANFDSPI_WriteByte) for DRV_CANFDSPI_WriteByte
    drv_canfdspi_api.o(i.DRV_CANFDSPI_TimeStampDisable) refers to drv_canfdspi_api.o(i.DRV_CANFDSPI_ReadByte) for DRV_CANFDSPI_ReadByte
    drv_canfdspi_api.o(i.DRV_CANFDSPI_TimeStampDisable) refers to drv_canfdspi_api.o(i.DRV_CANFDSPI_WriteByte) for DRV_CANFDSPI_WriteByte
    drv_canfdspi_api.o(i.DRV_CANFDSPI_TimeStampEnable) refers to drv_canfdspi_api.o(i.DRV_CANFDSPI_ReadByte) for DRV_CANFDSPI_ReadByte
    drv_canfdspi_api.o(i.DRV_CANFDSPI_TimeStampEnable) refers to drv_canfdspi_api.o(i.DRV_CANFDSPI_WriteByte) for DRV_CANFDSPI_WriteByte
    drv_canfdspi_api.o(i.DRV_CANFDSPI_TimeStampGet) refers to drv_canfdspi_api.o(i.DRV_CANFDSPI_ReadWord) for DRV_CANFDSPI_ReadWord
    drv_canfdspi_api.o(i.DRV_CANFDSPI_TimeStampModeConfigure) refers to drv_canfdspi_api.o(i.DRV_CANFDSPI_ReadByte) for DRV_CANFDSPI_ReadByte
    drv_canfdspi_api.o(i.DRV_CANFDSPI_TimeStampModeConfigure) refers to drv_canfdspi_api.o(i.DRV_CANFDSPI_WriteByte) for DRV_CANFDSPI_WriteByte
    drv_canfdspi_api.o(i.DRV_CANFDSPI_TimeStampPrescalerSet) refers to drv_canfdspi_api.o(i.DRV_CANFDSPI_WriteHalfWord) for DRV_CANFDSPI_WriteHalfWord
    drv_canfdspi_api.o(i.DRV_CANFDSPI_TimeStampSet) refers to drv_canfdspi_api.o(i.DRV_CANFDSPI_WriteWord) for DRV_CANFDSPI_WriteWord
    drv_canfdspi_api.o(i.DRV_CANFDSPI_TransmitAbortAll) refers to drv_canfdspi_api.o(i.DRV_CANFDSPI_ReadByte) for DRV_CANFDSPI_ReadByte
    drv_canfdspi_api.o(i.DRV_CANFDSPI_TransmitAbortAll) refers to drv_canfdspi_api.o(i.DRV_CANFDSPI_WriteByte) for DRV_CANFDSPI_WriteByte
    drv_canfdspi_api.o(i.DRV_CANFDSPI_TransmitBandWidthSharingSet) refers to drv_canfdspi_api.o(i.DRV_CANFDSPI_ReadByte) for DRV_CANFDSPI_ReadByte
    drv_canfdspi_api.o(i.DRV_CANFDSPI_TransmitBandWidthSharingSet) refers to drv_canfdspi_api.o(i.DRV_CANFDSPI_WriteByte) for DRV_CANFDSPI_WriteByte
    drv_canfdspi_api.o(i.DRV_CANFDSPI_TransmitChannelAbort) refers to drv_canfdspi_api.o(i.DRV_CANFDSPI_WriteByte) for DRV_CANFDSPI_WriteByte
    drv_canfdspi_api.o(i.DRV_CANFDSPI_TransmitChannelConfigure) refers to drv_canfdspi_api.o(i.DRV_CANFDSPI_WriteWord) for DRV_CANFDSPI_WriteWord
    drv_canfdspi_api.o(i.DRV_CANFDSPI_TransmitChannelConfigure) refers to drv_canfdspi_api.o(.constdata) for canFifoResetValues
    drv_canfdspi_api.o(i.DRV_CANFDSPI_TransmitChannelConfigureObjectReset) refers to drv_canfdspi_api.o(.constdata) for canFifoResetValues
    drv_canfdspi_api.o(i.DRV_CANFDSPI_TransmitChannelEventAttemptClear) refers to drv_canfdspi_api.o(i.DRV_CANFDSPI_ReadByte) for DRV_CANFDSPI_ReadByte
    drv_canfdspi_api.o(i.DRV_CANFDSPI_TransmitChannelEventAttemptClear) refers to drv_canfdspi_api.o(i.DRV_CANFDSPI_WriteByte) for DRV_CANFDSPI_WriteByte
    drv_canfdspi_api.o(i.DRV_CANFDSPI_TransmitChannelEventDisable) refers to drv_canfdspi_api.o(i.DRV_CANFDSPI_ReadByte) for DRV_CANFDSPI_ReadByte
    drv_canfdspi_api.o(i.DRV_CANFDSPI_TransmitChannelEventDisable) refers to drv_canfdspi_api.o(i.DRV_CANFDSPI_WriteByte) for DRV_CANFDSPI_WriteByte
    drv_canfdspi_api.o(i.DRV_CANFDSPI_TransmitChannelEventEnable) refers to drv_canfdspi_api.o(i.DRV_CANFDSPI_ReadByte) for DRV_CANFDSPI_ReadByte
    drv_canfdspi_api.o(i.DRV_CANFDSPI_TransmitChannelEventEnable) refers to drv_canfdspi_api.o(i.DRV_CANFDSPI_WriteByte) for DRV_CANFDSPI_WriteByte
    drv_canfdspi_api.o(i.DRV_CANFDSPI_TransmitChannelEventGet) refers to drv_canfdspi_api.o(i.DRV_CANFDSPI_ReadByte) for DRV_CANFDSPI_ReadByte
    drv_canfdspi_api.o(i.DRV_CANFDSPI_TransmitChannelFlush) refers to drv_canfdspi_api.o(i.DRV_CANFDSPI_WriteByte) for DRV_CANFDSPI_WriteByte
    drv_canfdspi_api.o(i.DRV_CANFDSPI_TransmitChannelIndexGet) refers to drv_canfdspi_api.o(i.DRV_CANFDSPI_ReadWord) for DRV_CANFDSPI_ReadWord
    drv_canfdspi_api.o(i.DRV_CANFDSPI_TransmitChannelLoad) refers to drv_canfdspi_api.o(i.DRV_CANFDSPI_ReadWordArray) for DRV_CANFDSPI_ReadWordArray
    drv_canfdspi_api.o(i.DRV_CANFDSPI_TransmitChannelLoad) refers to drv_canfdspi_api.o(i.DRV_CANFDSPI_DlcToDataBytes) for DRV_CANFDSPI_DlcToDataBytes
    drv_canfdspi_api.o(i.DRV_CANFDSPI_TransmitChannelLoad) refers to drv_canfdspi_api.o(i.DRV_CANFDSPI_WriteByteArray) for DRV_CANFDSPI_WriteByteArray
    drv_canfdspi_api.o(i.DRV_CANFDSPI_TransmitChannelLoad) refers to drv_canfdspi_api.o(i.DRV_CANFDSPI_TransmitChannelUpdate) for DRV_CANFDSPI_TransmitChannelUpdate
    drv_canfdspi_api.o(i.DRV_CANFDSPI_TransmitChannelReset) refers to drv_canfdspi_api.o(i.DRV_CANFDSPI_ReceiveChannelReset) for DRV_CANFDSPI_ReceiveChannelReset
    drv_canfdspi_api.o(i.DRV_CANFDSPI_TransmitChannelStatusGet) refers to drv_canfdspi_api.o(i.DRV_CANFDSPI_ReadWordArray) for DRV_CANFDSPI_ReadWordArray
    drv_canfdspi_api.o(i.DRV_CANFDSPI_TransmitChannelUpdate) refers to drv_canfdspi_api.o(i.DRV_CANFDSPI_WriteByte) for DRV_CANFDSPI_WriteByte
    drv_canfdspi_api.o(i.DRV_CANFDSPI_TransmitEventAttemptGet) refers to drv_canfdspi_api.o(i.DRV_CANFDSPI_ReadWord) for DRV_CANFDSPI_ReadWord
    drv_canfdspi_api.o(i.DRV_CANFDSPI_TransmitEventGet) refers to drv_canfdspi_api.o(i.DRV_CANFDSPI_ReadWord) for DRV_CANFDSPI_ReadWord
    drv_canfdspi_api.o(i.DRV_CANFDSPI_TransmitQueueConfigure) refers to drv_canfdspi_api.o(i.DRV_CANFDSPI_WriteWord) for DRV_CANFDSPI_WriteWord
    drv_canfdspi_api.o(i.DRV_CANFDSPI_TransmitQueueConfigure) refers to drv_canfdspi_api.o(.constdata) for canFifoResetValues
    drv_canfdspi_api.o(i.DRV_CANFDSPI_TransmitQueueConfigureObjectReset) refers to drv_canfdspi_api.o(.constdata) for canFifoResetValues
    drv_canfdspi_api.o(i.DRV_CANFDSPI_TransmitRequestGet) refers to drv_canfdspi_api.o(i.DRV_CANFDSPI_ReadWord) for DRV_CANFDSPI_ReadWord
    drv_canfdspi_api.o(i.DRV_CANFDSPI_TransmitRequestSet) refers to drv_canfdspi_api.o(i.DRV_CANFDSPI_WriteWord) for DRV_CANFDSPI_WriteWord
    drv_canfdspi_api.o(i.DRV_CANFDSPI_WriteByte) refers to drv_spi_mcp2517fd.o(i.DRV_SPI_TransferData) for DRV_SPI_TransferData
    drv_canfdspi_api.o(i.DRV_CANFDSPI_WriteByte) refers to drv_canfdspi_api.o(.bss) for spiTransmitBuffer
    drv_canfdspi_api.o(i.DRV_CANFDSPI_WriteByteArray) refers to drv_spi_mcp2517fd.o(i.DRV_SPI_TransferData) for DRV_SPI_TransferData
    drv_canfdspi_api.o(i.DRV_CANFDSPI_WriteByteArray) refers to drv_canfdspi_api.o(.bss) for spiTransmitBuffer
    drv_canfdspi_api.o(i.DRV_CANFDSPI_WriteByteArrayWithCRC) refers to drv_canfdspi_api.o(i.DRV_CANFDSPI_CalculateCRC16) for DRV_CANFDSPI_CalculateCRC16
    drv_canfdspi_api.o(i.DRV_CANFDSPI_WriteByteArrayWithCRC) refers to drv_spi_mcp2517fd.o(i.DRV_SPI_TransferData) for DRV_SPI_TransferData
    drv_canfdspi_api.o(i.DRV_CANFDSPI_WriteByteArrayWithCRC) refers to drv_canfdspi_api.o(.bss) for spiTransmitBuffer
    drv_canfdspi_api.o(i.DRV_CANFDSPI_WriteByteSafe) refers to drv_canfdspi_api.o(i.DRV_CANFDSPI_CalculateCRC16) for DRV_CANFDSPI_CalculateCRC16
    drv_canfdspi_api.o(i.DRV_CANFDSPI_WriteByteSafe) refers to drv_spi_mcp2517fd.o(i.DRV_SPI_TransferData) for DRV_SPI_TransferData
    drv_canfdspi_api.o(i.DRV_CANFDSPI_WriteByteSafe) refers to drv_canfdspi_api.o(.bss) for spiTransmitBuffer
    drv_canfdspi_api.o(i.DRV_CANFDSPI_WriteHalfWord) refers to drv_spi_mcp2517fd.o(i.DRV_SPI_TransferData) for DRV_SPI_TransferData
    drv_canfdspi_api.o(i.DRV_CANFDSPI_WriteHalfWord) refers to drv_canfdspi_api.o(.bss) for spiTransmitBuffer
    drv_canfdspi_api.o(i.DRV_CANFDSPI_WriteWord) refers to drv_spi_mcp2517fd.o(i.DRV_SPI_TransferData) for DRV_SPI_TransferData
    drv_canfdspi_api.o(i.DRV_CANFDSPI_WriteWord) refers to drv_canfdspi_api.o(.bss) for spiTransmitBuffer
    drv_canfdspi_api.o(i.DRV_CANFDSPI_WriteWordArray) refers to drv_spi_mcp2517fd.o(i.DRV_SPI_TransferData) for DRV_SPI_TransferData
    drv_canfdspi_api.o(i.DRV_CANFDSPI_WriteWordArray) refers to drv_canfdspi_api.o(.bss) for spiTransmitBuffer
    drv_canfdspi_api.o(i.DRV_CANFDSPI_WriteWordSafe) refers to drv_canfdspi_api.o(i.DRV_CANFDSPI_CalculateCRC16) for DRV_CANFDSPI_CalculateCRC16
    drv_canfdspi_api.o(i.DRV_CANFDSPI_WriteWordSafe) refers to drv_spi_mcp2517fd.o(i.DRV_SPI_TransferData) for DRV_SPI_TransferData
    drv_canfdspi_api.o(i.DRV_CANFDSPI_WriteWordSafe) refers to drv_canfdspi_api.o(.bss) for spiTransmitBuffer
    bsp_usart.o(i.NVIC_config) refers to misc.o(i.NVIC_PriorityGroupConfig) for NVIC_PriorityGroupConfig
    bsp_usart.o(i.NVIC_config) refers to misc.o(i.NVIC_Init) for NVIC_Init
    bsp_usart.o(i.NVIC_config) refers to stm32f10x_usart.o(i.USART_ITConfig) for USART_ITConfig
    bsp_usart.o(i.NVIC_config) refers to bsp_usart.o(.data) for Rx_flag
    bsp_usart.o(i.USART1_IRQHandler) refers to stm32f10x_usart.o(i.USART_GetITStatus) for USART_GetITStatus
    bsp_usart.o(i.USART1_IRQHandler) refers to stm32f10x_usart.o(i.USART_ReceiveData) for USART_ReceiveData
    bsp_usart.o(i.USART1_IRQHandler) refers to bsp_usart.o(.data) for RxCounter
    bsp_usart.o(i.USART1_IRQHandler) refers to bsp_usart.o(.bss) for RxBuffer
    bsp_usart.o(i.Uart1_SendData) refers to stm32f10x_usart.o(i.USART_SendData) for USART_SendData
    bsp_usart.o(i.Uart1_SendData) refers to stm32f10x_usart.o(i.USART_GetFlagStatus) for USART_GetFlagStatus
    bsp_usart.o(i.Uart1_SendString) refers to bsp_usart.o(i.Uart1_SendData) for Uart1_SendData
    bsp_usart.o(i.fputc) refers to stm32f10x_usart.o(i.USART_GetFlagStatus) for USART_GetFlagStatus
    bsp_usart.o(i.fputc) refers to stm32f10x_usart.o(i.USART_SendData) for USART_SendData
    bsp_usart.o(i.usart_init) refers to stm32f10x_rcc.o(i.RCC_APB2PeriphClockCmd) for RCC_APB2PeriphClockCmd
    bsp_usart.o(i.usart_init) refers to stm32f10x_gpio.o(i.GPIO_Init) for GPIO_Init
    bsp_usart.o(i.usart_init) refers to stm32f10x_usart.o(i.USART_Init) for USART_Init
    bsp_usart.o(i.usart_init) refers to bsp_usart.o(i.NVIC_config) for NVIC_config
    bsp_usart.o(i.usart_init) refers to stm32f10x_usart.o(i.USART_ITConfig) for USART_ITConfig
    bsp_usart.o(i.usart_init) refers to stm32f10x_usart.o(i.USART_ClearFlag) for USART_ClearFlag
    bsp_usart.o(i.usart_init) refers to stm32f10x_usart.o(i.USART_Cmd) for USART_Cmd
    delay.o(i.TimingDelay_Decrement) refers to delay.o(.data) for TimingDelay_basic
    delay.o(i.delay_10ms) refers to delay.o(.data) for TimingDelay_basic
    delay.o(i.delay_s) refers to delay.o(i.delay_10ms) for delay_10ms
    sys_phr.o(i.System_Phr_Init) refers to stm32f10x_gpio.o(i.GPIO_Init) for GPIO_Init
    sys_phr.o(i.System_Phr_Init) refers to stm32f10x_gpio.o(i.GPIO_PinRemapConfig) for GPIO_PinRemapConfig
    sys_phr.o(i.System_Phr_Init) refers to stm32f10x_rcc.o(i.RCC_APB2PeriphClockCmd) for RCC_APB2PeriphClockCmd
    drv_spi_mcp2517fd.o(i.DRV_SPI_TransferData) refers to drv_spi_mcp2517fd.o(i.spi1_master_transfer) for spi1_master_transfer
    drv_spi_mcp2517fd.o(i.SPI1_ReadWriteByte) refers to stm32f10x_spi.o(i.SPI_I2S_GetFlagStatus) for SPI_I2S_GetFlagStatus
    drv_spi_mcp2517fd.o(i.SPI1_ReadWriteByte) refers to stm32f10x_spi.o(i.SPI_I2S_SendData) for SPI_I2S_SendData
    drv_spi_mcp2517fd.o(i.SPI1_ReadWriteByte) refers to stm32f10x_spi.o(i.SPI_I2S_ReceiveData) for SPI_I2S_ReceiveData
    drv_spi_mcp2517fd.o(i.can_hd_spi_port_init) refers to stm32f10x_rcc.o(i.RCC_APB2PeriphClockCmd) for RCC_APB2PeriphClockCmd
    drv_spi_mcp2517fd.o(i.can_hd_spi_port_init) refers to stm32f10x_spi.o(i.SPI_Init) for SPI_Init
    drv_spi_mcp2517fd.o(i.can_hd_spi_port_init) refers to stm32f10x_spi.o(i.SPI_Cmd) for SPI_Cmd
    drv_spi_mcp2517fd.o(i.spi1_gpio_config) refers to stm32f10x_rcc.o(i.RCC_APB2PeriphClockCmd) for RCC_APB2PeriphClockCmd
    drv_spi_mcp2517fd.o(i.spi1_gpio_config) refers to stm32f10x_gpio.o(i.GPIO_Init) for GPIO_Init
    drv_spi_mcp2517fd.o(i.spi1_gpio_config) refers to stm32f10x_gpio.o(i.GPIO_SetBits) for GPIO_SetBits
    drv_spi_mcp2517fd.o(i.spi1_master_transfer) refers to stm32f10x_gpio.o(i.GPIO_ResetBits) for GPIO_ResetBits
    drv_spi_mcp2517fd.o(i.spi1_master_transfer) refers to drv_spi_mcp2517fd.o(i.SPI1_ReadWriteByte) for SPI1_ReadWriteByte
    drv_spi_mcp2517fd.o(i.spi1_master_transfer) refers to stm32f10x_gpio.o(i.GPIO_SetBits) for GPIO_SetBits
    sys_timer.o(i.TIM1_UP_IRQHandler) refers to stm32f10x_tim.o(i.TIM_GetITStatus) for TIM_GetITStatus
    sys_timer.o(i.TIM1_UP_IRQHandler) refers to stm32f10x_tim.o(i.TIM_ClearFlag) for TIM_ClearFlag
    sys_timer.o(i.TIM1_UP_IRQHandler) refers to sys_timer.o(i.status_led_shake) for status_led_shake
    sys_timer.o(i.TIM1_UP_IRQHandler) refers to sys_timer.o(i.process_key) for process_key
    sys_timer.o(i.TIM1_UP_IRQHandler) refers to sys_timer.o(.data) for MillSecond
    sys_timer.o(i.Timer1_Config) refers to stm32f10x_rcc.o(i.RCC_APB2PeriphClockCmd) for RCC_APB2PeriphClockCmd
    sys_timer.o(i.Timer1_Config) refers to stm32f10x_tim.o(i.TIM_TimeBaseInit) for TIM_TimeBaseInit
    sys_timer.o(i.Timer1_Config) refers to stm32f10x_tim.o(i.TIM_ClearFlag) for TIM_ClearFlag
    sys_timer.o(i.Timer1_Config) refers to stm32f10x_tim.o(i.TIM_ITConfig) for TIM_ITConfig
    sys_timer.o(i.Timer1_Config) refers to stm32f10x_tim.o(i.TIM_Cmd) for TIM_Cmd
    sys_timer.o(i.Timer1_Config) refers to misc.o(i.NVIC_Init) for NVIC_Init
    sys_timer.o(i.process_key) refers to stm32f10x_gpio.o(i.GPIO_ReadInputDataBit) for GPIO_ReadInputDataBit
    sys_timer.o(i.process_key) refers to printfb.o(i.__0printf$bare) for __2printf
    sys_timer.o(i.process_key) refers to sys_timer.o(.data) for IN3_2
    sys_timer.o(i.process_key) refers to main.o(.data) for vol_data
    sys_timer.o(i.send_canfd_k2_test) refers to main.o(i.can_msg_transmit) for can_msg_transmit
    sys_timer.o(i.send_canfd_k2_test) refers to sys_timer.o(.data) for send_tick
    sys_timer.o(i.send_canfd_k2_test) refers to main.o(.bss) for can_tx_msg
    sys_timer.o(i.send_canfd_k3_test) refers to main.o(i.can_msg_transmit) for can_msg_transmit
    sys_timer.o(i.send_canfd_k3_test) refers to sys_timer.o(.data) for send_tick
    sys_timer.o(i.send_canfd_k3_test) refers to main.o(.bss) for can_tx_msg
    sys_timer.o(i.send_canfd_test) refers to main.o(i.can_msg_transmit) for can_msg_transmit
    sys_timer.o(i.send_canfd_test) refers to main.o(.bss) for can_tx_msg
    sys_timer.o(i.status_led_shake) refers to stm32f10x_gpio.o(i.GPIO_SetBits) for GPIO_SetBits
    sys_timer.o(i.status_led_shake) refers to stm32f10x_gpio.o(i.GPIO_ResetBits) for GPIO_ResetBits
    sys_timer.o(i.status_led_shake) refers to sys_timer.o(.data) for led_status_cout
    stm32f10x_adc.o(i.ADC_DeInit) refers to stm32f10x_rcc.o(i.RCC_APB2PeriphResetCmd) for RCC_APB2PeriphResetCmd
    stm32f10x_bkp.o(i.BKP_DeInit) refers to stm32f10x_rcc.o(i.RCC_BackupResetCmd) for RCC_BackupResetCmd
    stm32f10x_can.o(i.CAN_DeInit) refers to stm32f10x_rcc.o(i.RCC_APB1PeriphResetCmd) for RCC_APB1PeriphResetCmd
    stm32f10x_can.o(i.CAN_GetITStatus) refers to stm32f10x_can.o(i.CheckITStatus) for CheckITStatus
    stm32f10x_cec.o(i.CEC_DeInit) refers to stm32f10x_rcc.o(i.RCC_APB1PeriphResetCmd) for RCC_APB1PeriphResetCmd
    stm32f10x_dac.o(i.DAC_DeInit) refers to stm32f10x_rcc.o(i.RCC_APB1PeriphResetCmd) for RCC_APB1PeriphResetCmd
    stm32f10x_flash.o(i.FLASH_EnableWriteProtection) refers to stm32f10x_flash.o(i.FLASH_WaitForLastOperation) for FLASH_WaitForLastOperation
    stm32f10x_flash.o(i.FLASH_EraseAllBank1Pages) refers to stm32f10x_flash.o(i.FLASH_WaitForLastBank1Operation) for FLASH_WaitForLastBank1Operation
    stm32f10x_flash.o(i.FLASH_EraseAllPages) refers to stm32f10x_flash.o(i.FLASH_WaitForLastOperation) for FLASH_WaitForLastOperation
    stm32f10x_flash.o(i.FLASH_EraseOptionBytes) refers to stm32f10x_flash.o(i.FLASH_GetReadOutProtectionStatus) for FLASH_GetReadOutProtectionStatus
    stm32f10x_flash.o(i.FLASH_EraseOptionBytes) refers to stm32f10x_flash.o(i.FLASH_WaitForLastOperation) for FLASH_WaitForLastOperation
    stm32f10x_flash.o(i.FLASH_ErasePage) refers to stm32f10x_flash.o(i.FLASH_WaitForLastOperation) for FLASH_WaitForLastOperation
    stm32f10x_flash.o(i.FLASH_ProgramHalfWord) refers to stm32f10x_flash.o(i.FLASH_WaitForLastOperation) for FLASH_WaitForLastOperation
    stm32f10x_flash.o(i.FLASH_ProgramOptionByteData) refers to stm32f10x_flash.o(i.FLASH_WaitForLastOperation) for FLASH_WaitForLastOperation
    stm32f10x_flash.o(i.FLASH_ProgramWord) refers to stm32f10x_flash.o(i.FLASH_WaitForLastOperation) for FLASH_WaitForLastOperation
    stm32f10x_flash.o(i.FLASH_ReadOutProtection) refers to stm32f10x_flash.o(i.FLASH_WaitForLastOperation) for FLASH_WaitForLastOperation
    stm32f10x_flash.o(i.FLASH_UserOptionByteConfig) refers to stm32f10x_flash.o(i.FLASH_WaitForLastOperation) for FLASH_WaitForLastOperation
    stm32f10x_flash.o(i.FLASH_WaitForLastBank1Operation) refers to stm32f10x_flash.o(i.FLASH_GetBank1Status) for FLASH_GetBank1Status
    stm32f10x_flash.o(i.FLASH_WaitForLastOperation) refers to stm32f10x_flash.o(i.FLASH_GetBank1Status) for FLASH_GetBank1Status
    stm32f10x_gpio.o(i.GPIO_AFIODeInit) refers to stm32f10x_rcc.o(i.RCC_APB2PeriphResetCmd) for RCC_APB2PeriphResetCmd
    stm32f10x_gpio.o(i.GPIO_DeInit) refers to stm32f10x_rcc.o(i.RCC_APB2PeriphResetCmd) for RCC_APB2PeriphResetCmd
    stm32f10x_i2c.o(i.I2C_DeInit) refers to stm32f10x_rcc.o(i.RCC_APB1PeriphResetCmd) for RCC_APB1PeriphResetCmd
    stm32f10x_i2c.o(i.I2C_Init) refers to stm32f10x_rcc.o(i.RCC_GetClocksFreq) for RCC_GetClocksFreq
    stm32f10x_pwr.o(i.PWR_DeInit) refers to stm32f10x_rcc.o(i.RCC_APB1PeriphResetCmd) for RCC_APB1PeriphResetCmd
    stm32f10x_rcc.o(i.RCC_GetClocksFreq) refers to stm32f10x_rcc.o(.data) for APBAHBPrescTable
    stm32f10x_rcc.o(i.RCC_WaitForHSEStartUp) refers to stm32f10x_rcc.o(i.RCC_GetFlagStatus) for RCC_GetFlagStatus
    stm32f10x_rtc.o(i.RTC_SetAlarm) refers to stm32f10x_rtc.o(i.RTC_EnterConfigMode) for RTC_EnterConfigMode
    stm32f10x_rtc.o(i.RTC_SetAlarm) refers to stm32f10x_rtc.o(i.RTC_ExitConfigMode) for RTC_ExitConfigMode
    stm32f10x_rtc.o(i.RTC_SetCounter) refers to stm32f10x_rtc.o(i.RTC_EnterConfigMode) for RTC_EnterConfigMode
    stm32f10x_rtc.o(i.RTC_SetCounter) refers to stm32f10x_rtc.o(i.RTC_ExitConfigMode) for RTC_ExitConfigMode
    stm32f10x_rtc.o(i.RTC_SetPrescaler) refers to stm32f10x_rtc.o(i.RTC_EnterConfigMode) for RTC_EnterConfigMode
    stm32f10x_rtc.o(i.RTC_SetPrescaler) refers to stm32f10x_rtc.o(i.RTC_ExitConfigMode) for RTC_ExitConfigMode
    stm32f10x_spi.o(i.I2S_Init) refers to stm32f10x_rcc.o(i.RCC_GetClocksFreq) for RCC_GetClocksFreq
    stm32f10x_spi.o(i.SPI_I2S_DeInit) refers to stm32f10x_rcc.o(i.RCC_APB2PeriphResetCmd) for RCC_APB2PeriphResetCmd
    stm32f10x_spi.o(i.SPI_I2S_DeInit) refers to stm32f10x_rcc.o(i.RCC_APB1PeriphResetCmd) for RCC_APB1PeriphResetCmd
    stm32f10x_tim.o(i.TIM_DeInit) refers to stm32f10x_rcc.o(i.RCC_APB2PeriphResetCmd) for RCC_APB2PeriphResetCmd
    stm32f10x_tim.o(i.TIM_DeInit) refers to stm32f10x_rcc.o(i.RCC_APB1PeriphResetCmd) for RCC_APB1PeriphResetCmd
    stm32f10x_tim.o(i.TIM_ETRClockMode1Config) refers to stm32f10x_tim.o(i.TIM_ETRConfig) for TIM_ETRConfig
    stm32f10x_tim.o(i.TIM_ETRClockMode2Config) refers to stm32f10x_tim.o(i.TIM_ETRConfig) for TIM_ETRConfig
    stm32f10x_tim.o(i.TIM_ICInit) refers to stm32f10x_tim.o(i.TI1_Config) for TI1_Config
    stm32f10x_tim.o(i.TIM_ICInit) refers to stm32f10x_tim.o(i.TIM_SetIC1Prescaler) for TIM_SetIC1Prescaler
    stm32f10x_tim.o(i.TIM_ICInit) refers to stm32f10x_tim.o(i.TI2_Config) for TI2_Config
    stm32f10x_tim.o(i.TIM_ICInit) refers to stm32f10x_tim.o(i.TIM_SetIC2Prescaler) for TIM_SetIC2Prescaler
    stm32f10x_tim.o(i.TIM_ICInit) refers to stm32f10x_tim.o(i.TI3_Config) for TI3_Config
    stm32f10x_tim.o(i.TIM_ICInit) refers to stm32f10x_tim.o(i.TIM_SetIC3Prescaler) for TIM_SetIC3Prescaler
    stm32f10x_tim.o(i.TIM_ICInit) refers to stm32f10x_tim.o(i.TI4_Config) for TI4_Config
    stm32f10x_tim.o(i.TIM_ICInit) refers to stm32f10x_tim.o(i.TIM_SetIC4Prescaler) for TIM_SetIC4Prescaler
    stm32f10x_tim.o(i.TIM_ITRxExternalClockConfig) refers to stm32f10x_tim.o(i.TIM_SelectInputTrigger) for TIM_SelectInputTrigger
    stm32f10x_tim.o(i.TIM_PWMIConfig) refers to stm32f10x_tim.o(i.TI1_Config) for TI1_Config
    stm32f10x_tim.o(i.TIM_PWMIConfig) refers to stm32f10x_tim.o(i.TIM_SetIC1Prescaler) for TIM_SetIC1Prescaler
    stm32f10x_tim.o(i.TIM_PWMIConfig) refers to stm32f10x_tim.o(i.TI2_Config) for TI2_Config
    stm32f10x_tim.o(i.TIM_PWMIConfig) refers to stm32f10x_tim.o(i.TIM_SetIC2Prescaler) for TIM_SetIC2Prescaler
    stm32f10x_tim.o(i.TIM_TIxExternalClockConfig) refers to stm32f10x_tim.o(i.TI2_Config) for TI2_Config
    stm32f10x_tim.o(i.TIM_TIxExternalClockConfig) refers to stm32f10x_tim.o(i.TI1_Config) for TI1_Config
    stm32f10x_tim.o(i.TIM_TIxExternalClockConfig) refers to stm32f10x_tim.o(i.TIM_SelectInputTrigger) for TIM_SelectInputTrigger
    stm32f10x_usart.o(i.USART_DeInit) refers to stm32f10x_rcc.o(i.RCC_APB2PeriphResetCmd) for RCC_APB2PeriphResetCmd
    stm32f10x_usart.o(i.USART_DeInit) refers to stm32f10x_rcc.o(i.RCC_APB1PeriphResetCmd) for RCC_APB1PeriphResetCmd
    stm32f10x_usart.o(i.USART_Init) refers to stm32f10x_rcc.o(i.RCC_GetClocksFreq) for RCC_GetClocksFreq
    stm32f10x_wwdg.o(i.WWDG_DeInit) refers to stm32f10x_rcc.o(i.RCC_APB1PeriphResetCmd) for RCC_APB1PeriphResetCmd
    entry.o(.ARM.Collect$$$$00000000) refers (Special) to entry10a.o(.ARM.Collect$$$$0000000D) for __rt_final_cpp
    entry.o(.ARM.Collect$$$$00000000) refers (Special) to entry11a.o(.ARM.Collect$$$$0000000F) for __rt_final_exit
    entry.o(.ARM.Collect$$$$00000000) refers (Special) to entry7b.o(.ARM.Collect$$$$00000008) for _main_clock
    entry.o(.ARM.Collect$$$$00000000) refers (Special) to entry8b.o(.ARM.Collect$$$$0000000A) for _main_cpp_init
    entry.o(.ARM.Collect$$$$00000000) refers (Special) to entry9a.o(.ARM.Collect$$$$0000000B) for _main_init
    entry.o(.ARM.Collect$$$$00000000) refers (Special) to entry5.o(.ARM.Collect$$$$00000004) for _main_scatterload
    entry.o(.ARM.Collect$$$$00000000) refers (Special) to entry2.o(.ARM.Collect$$$$00000001) for _main_stk
    rand.o(.text) refers to rand.o(.data) for .data
    printfb.o(i.__0fprintf$bare) refers to printfb.o(i._printf_core) for _printf_core
    printfb.o(i.__0fprintf$bare) refers to bsp_usart.o(i.fputc) for fputc
    printfb.o(i.__0printf$bare) refers to printfb.o(i._printf_core) for _printf_core
    printfb.o(i.__0printf$bare) refers to bsp_usart.o(i.fputc) for fputc
    printfb.o(i.__0printf$bare) refers to stdout.o(.data) for __stdout
    printfb.o(i.__0snprintf$bare) refers to printfb.o(i._printf_core) for _printf_core
    printfb.o(i.__0snprintf$bare) refers to printfb.o(i._snputc) for _snputc
    printfb.o(i.__0sprintf$bare) refers to printfb.o(i._printf_core) for _printf_core
    printfb.o(i.__0sprintf$bare) refers to printfb.o(i._sputc) for _sputc
    printfb.o(i.__0vfprintf$bare) refers to printfb.o(i._printf_core) for _printf_core
    printfb.o(i.__0vfprintf$bare) refers to bsp_usart.o(i.fputc) for fputc
    printfb.o(i.__0vprintf$bare) refers to printfb.o(i._printf_core) for _printf_core
    printfb.o(i.__0vprintf$bare) refers to bsp_usart.o(i.fputc) for fputc
    printfb.o(i.__0vprintf$bare) refers to stdout.o(.data) for __stdout
    printfb.o(i.__0vsnprintf$bare) refers to printfb.o(i._printf_core) for _printf_core
    printfb.o(i.__0vsnprintf$bare) refers to printfb.o(i._snputc) for _snputc
    printfb.o(i.__0vsprintf$bare) refers to printfb.o(i._printf_core) for _printf_core
    printfb.o(i.__0vsprintf$bare) refers to printfb.o(i._sputc) for _sputc
    printf0.o(i.__0fprintf$0) refers to printf0.o(i._printf_core) for _printf_core
    printf0.o(i.__0fprintf$0) refers to bsp_usart.o(i.fputc) for fputc
    printf0.o(i.__0printf$0) refers to printf0.o(i._printf_core) for _printf_core
    printf0.o(i.__0printf$0) refers to bsp_usart.o(i.fputc) for fputc
    printf0.o(i.__0printf$0) refers to stdout.o(.data) for __stdout
    printf0.o(i.__0snprintf$0) refers to printf0.o(i._printf_core) for _printf_core
    printf0.o(i.__0snprintf$0) refers to printf0.o(i._snputc) for _snputc
    printf0.o(i.__0sprintf$0) refers to printf0.o(i._printf_core) for _printf_core
    printf0.o(i.__0sprintf$0) refers to printf0.o(i._sputc) for _sputc
    printf0.o(i.__0vfprintf$0) refers to printf0.o(i._printf_core) for _printf_core
    printf0.o(i.__0vfprintf$0) refers to bsp_usart.o(i.fputc) for fputc
    printf0.o(i.__0vprintf$0) refers to printf0.o(i._printf_core) for _printf_core
    printf0.o(i.__0vprintf$0) refers to bsp_usart.o(i.fputc) for fputc
    printf0.o(i.__0vprintf$0) refers to stdout.o(.data) for __stdout
    printf0.o(i.__0vsnprintf$0) refers to printf0.o(i._printf_core) for _printf_core
    printf0.o(i.__0vsnprintf$0) refers to printf0.o(i._snputc) for _snputc
    printf0.o(i.__0vsprintf$0) refers to printf0.o(i._printf_core) for _printf_core
    printf0.o(i.__0vsprintf$0) refers to printf0.o(i._sputc) for _sputc
    printf1.o(i.__0fprintf$1) refers to printf1.o(i._printf_core) for _printf_core
    printf1.o(i.__0fprintf$1) refers to bsp_usart.o(i.fputc) for fputc
    printf1.o(i.__0printf$1) refers to printf1.o(i._printf_core) for _printf_core
    printf1.o(i.__0printf$1) refers to bsp_usart.o(i.fputc) for fputc
    printf1.o(i.__0printf$1) refers to stdout.o(.data) for __stdout
    printf1.o(i.__0snprintf$1) refers to printf1.o(i._printf_core) for _printf_core
    printf1.o(i.__0snprintf$1) refers to printf1.o(i._snputc) for _snputc
    printf1.o(i.__0sprintf$1) refers to printf1.o(i._printf_core) for _printf_core
    printf1.o(i.__0sprintf$1) refers to printf1.o(i._sputc) for _sputc
    printf1.o(i.__0vfprintf$1) refers to printf1.o(i._printf_core) for _printf_core
    printf1.o(i.__0vfprintf$1) refers to bsp_usart.o(i.fputc) for fputc
    printf1.o(i.__0vprintf$1) refers to printf1.o(i._printf_core) for _printf_core
    printf1.o(i.__0vprintf$1) refers to bsp_usart.o(i.fputc) for fputc
    printf1.o(i.__0vprintf$1) refers to stdout.o(.data) for __stdout
    printf1.o(i.__0vsnprintf$1) refers to printf1.o(i._printf_core) for _printf_core
    printf1.o(i.__0vsnprintf$1) refers to printf1.o(i._snputc) for _snputc
    printf1.o(i.__0vsprintf$1) refers to printf1.o(i._printf_core) for _printf_core
    printf1.o(i.__0vsprintf$1) refers to printf1.o(i._sputc) for _sputc
    printf1.o(i._printf_core) refers to uidiv.o(.text) for __aeabi_uidivmod
    printf2.o(i.__0fprintf$2) refers to printf2.o(i._printf_core) for _printf_core
    printf2.o(i.__0fprintf$2) refers to bsp_usart.o(i.fputc) for fputc
    printf2.o(i.__0printf$2) refers to printf2.o(i._printf_core) for _printf_core
    printf2.o(i.__0printf$2) refers to bsp_usart.o(i.fputc) for fputc
    printf2.o(i.__0printf$2) refers to stdout.o(.data) for __stdout
    printf2.o(i.__0snprintf$2) refers to printf2.o(i._printf_core) for _printf_core
    printf2.o(i.__0snprintf$2) refers to printf2.o(i._snputc) for _snputc
    printf2.o(i.__0sprintf$2) refers to printf2.o(i._printf_core) for _printf_core
    printf2.o(i.__0sprintf$2) refers to printf2.o(i._sputc) for _sputc
    printf2.o(i.__0vfprintf$2) refers to printf2.o(i._printf_core) for _printf_core
    printf2.o(i.__0vfprintf$2) refers to bsp_usart.o(i.fputc) for fputc
    printf2.o(i.__0vprintf$2) refers to printf2.o(i._printf_core) for _printf_core
    printf2.o(i.__0vprintf$2) refers to bsp_usart.o(i.fputc) for fputc
    printf2.o(i.__0vprintf$2) refers to stdout.o(.data) for __stdout
    printf2.o(i.__0vsnprintf$2) refers to printf2.o(i._printf_core) for _printf_core
    printf2.o(i.__0vsnprintf$2) refers to printf2.o(i._snputc) for _snputc
    printf2.o(i.__0vsprintf$2) refers to printf2.o(i._printf_core) for _printf_core
    printf2.o(i.__0vsprintf$2) refers to printf2.o(i._sputc) for _sputc
    printf3.o(i.__0fprintf$3) refers to printf3.o(i._printf_core) for _printf_core
    printf3.o(i.__0fprintf$3) refers to bsp_usart.o(i.fputc) for fputc
    printf3.o(i.__0printf$3) refers to printf3.o(i._printf_core) for _printf_core
    printf3.o(i.__0printf$3) refers to bsp_usart.o(i.fputc) for fputc
    printf3.o(i.__0printf$3) refers to stdout.o(.data) for __stdout
    printf3.o(i.__0snprintf$3) refers to printf3.o(i._printf_core) for _printf_core
    printf3.o(i.__0snprintf$3) refers to printf3.o(i._snputc) for _snputc
    printf3.o(i.__0sprintf$3) refers to printf3.o(i._printf_core) for _printf_core
    printf3.o(i.__0sprintf$3) refers to printf3.o(i._sputc) for _sputc
    printf3.o(i.__0vfprintf$3) refers to printf3.o(i._printf_core) for _printf_core
    printf3.o(i.__0vfprintf$3) refers to bsp_usart.o(i.fputc) for fputc
    printf3.o(i.__0vprintf$3) refers to printf3.o(i._printf_core) for _printf_core
    printf3.o(i.__0vprintf$3) refers to bsp_usart.o(i.fputc) for fputc
    printf3.o(i.__0vprintf$3) refers to stdout.o(.data) for __stdout
    printf3.o(i.__0vsnprintf$3) refers to printf3.o(i._printf_core) for _printf_core
    printf3.o(i.__0vsnprintf$3) refers to printf3.o(i._snputc) for _snputc
    printf3.o(i.__0vsprintf$3) refers to printf3.o(i._printf_core) for _printf_core
    printf3.o(i.__0vsprintf$3) refers to printf3.o(i._sputc) for _sputc
    printf3.o(i._printf_core) refers to uidiv.o(.text) for __aeabi_uidivmod
    printf4.o(i.__0fprintf$4) refers to printf4.o(i._printf_core) for _printf_core
    printf4.o(i.__0fprintf$4) refers to bsp_usart.o(i.fputc) for fputc
    printf4.o(i.__0printf$4) refers to printf4.o(i._printf_core) for _printf_core
    printf4.o(i.__0printf$4) refers to bsp_usart.o(i.fputc) for fputc
    printf4.o(i.__0printf$4) refers to stdout.o(.data) for __stdout
    printf4.o(i.__0snprintf$4) refers to printf4.o(i._printf_core) for _printf_core
    printf4.o(i.__0snprintf$4) refers to printf4.o(i._snputc) for _snputc
    printf4.o(i.__0sprintf$4) refers to printf4.o(i._printf_core) for _printf_core
    printf4.o(i.__0sprintf$4) refers to printf4.o(i._sputc) for _sputc
    printf4.o(i.__0vfprintf$4) refers to printf4.o(i._printf_core) for _printf_core
    printf4.o(i.__0vfprintf$4) refers to bsp_usart.o(i.fputc) for fputc
    printf4.o(i.__0vprintf$4) refers to printf4.o(i._printf_core) for _printf_core
    printf4.o(i.__0vprintf$4) refers to bsp_usart.o(i.fputc) for fputc
    printf4.o(i.__0vprintf$4) refers to stdout.o(.data) for __stdout
    printf4.o(i.__0vsnprintf$4) refers to printf4.o(i._printf_core) for _printf_core
    printf4.o(i.__0vsnprintf$4) refers to printf4.o(i._snputc) for _snputc
    printf4.o(i.__0vsprintf$4) refers to printf4.o(i._printf_core) for _printf_core
    printf4.o(i.__0vsprintf$4) refers to printf4.o(i._sputc) for _sputc
    printf4.o(i._printf_core) refers to uldiv.o(.text) for __aeabi_uldivmod
    printf5.o(i.__0fprintf$5) refers to printf5.o(i._printf_core) for _printf_core
    printf5.o(i.__0fprintf$5) refers to bsp_usart.o(i.fputc) for fputc
    printf5.o(i.__0printf$5) refers to printf5.o(i._printf_core) for _printf_core
    printf5.o(i.__0printf$5) refers to bsp_usart.o(i.fputc) for fputc
    printf5.o(i.__0printf$5) refers to stdout.o(.data) for __stdout
    printf5.o(i.__0snprintf$5) refers to printf5.o(i._printf_core) for _printf_core
    printf5.o(i.__0snprintf$5) refers to printf5.o(i._snputc) for _snputc
    printf5.o(i.__0sprintf$5) refers to printf5.o(i._printf_core) for _printf_core
    printf5.o(i.__0sprintf$5) refers to printf5.o(i._sputc) for _sputc
    printf5.o(i.__0vfprintf$5) refers to printf5.o(i._printf_core) for _printf_core
    printf5.o(i.__0vfprintf$5) refers to bsp_usart.o(i.fputc) for fputc
    printf5.o(i.__0vprintf$5) refers to printf5.o(i._printf_core) for _printf_core
    printf5.o(i.__0vprintf$5) refers to bsp_usart.o(i.fputc) for fputc
    printf5.o(i.__0vprintf$5) refers to stdout.o(.data) for __stdout
    printf5.o(i.__0vsnprintf$5) refers to printf5.o(i._printf_core) for _printf_core
    printf5.o(i.__0vsnprintf$5) refers to printf5.o(i._snputc) for _snputc
    printf5.o(i.__0vsprintf$5) refers to printf5.o(i._printf_core) for _printf_core
    printf5.o(i.__0vsprintf$5) refers to printf5.o(i._sputc) for _sputc
    printf5.o(i._printf_core) refers to uldiv.o(.text) for __aeabi_uldivmod
    printf6.o(i.__0fprintf$6) refers to printf6.o(i._printf_core) for _printf_core
    printf6.o(i.__0fprintf$6) refers to bsp_usart.o(i.fputc) for fputc
    printf6.o(i.__0printf$6) refers to printf6.o(i._printf_core) for _printf_core
    printf6.o(i.__0printf$6) refers to bsp_usart.o(i.fputc) for fputc
    printf6.o(i.__0printf$6) refers to stdout.o(.data) for __stdout
    printf6.o(i.__0snprintf$6) refers to printf6.o(i._printf_core) for _printf_core
    printf6.o(i.__0snprintf$6) refers to printf6.o(i._snputc) for _snputc
    printf6.o(i.__0sprintf$6) refers to printf6.o(i._printf_core) for _printf_core
    printf6.o(i.__0sprintf$6) refers to printf6.o(i._sputc) for _sputc
    printf6.o(i.__0vfprintf$6) refers to printf6.o(i._printf_core) for _printf_core
    printf6.o(i.__0vfprintf$6) refers to bsp_usart.o(i.fputc) for fputc
    printf6.o(i.__0vprintf$6) refers to printf6.o(i._printf_core) for _printf_core
    printf6.o(i.__0vprintf$6) refers to bsp_usart.o(i.fputc) for fputc
    printf6.o(i.__0vprintf$6) refers to stdout.o(.data) for __stdout
    printf6.o(i.__0vsnprintf$6) refers to printf6.o(i._printf_core) for _printf_core
    printf6.o(i.__0vsnprintf$6) refers to printf6.o(i._snputc) for _snputc
    printf6.o(i.__0vsprintf$6) refers to printf6.o(i._printf_core) for _printf_core
    printf6.o(i.__0vsprintf$6) refers to printf6.o(i._sputc) for _sputc
    printf6.o(i._printf_core) refers to printf6.o(i._printf_pre_padding) for _printf_pre_padding
    printf6.o(i._printf_core) refers to uidiv.o(.text) for __aeabi_uidivmod
    printf6.o(i._printf_core) refers to printf6.o(i._printf_post_padding) for _printf_post_padding
    printf7.o(i.__0fprintf$7) refers to printf7.o(i._printf_core) for _printf_core
    printf7.o(i.__0fprintf$7) refers to bsp_usart.o(i.fputc) for fputc
    printf7.o(i.__0printf$7) refers to printf7.o(i._printf_core) for _printf_core
    printf7.o(i.__0printf$7) refers to bsp_usart.o(i.fputc) for fputc
    printf7.o(i.__0printf$7) refers to stdout.o(.data) for __stdout
    printf7.o(i.__0snprintf$7) refers to printf7.o(i._printf_core) for _printf_core
    printf7.o(i.__0snprintf$7) refers to printf7.o(i._snputc) for _snputc
    printf7.o(i.__0sprintf$7) refers to printf7.o(i._printf_core) for _printf_core
    printf7.o(i.__0sprintf$7) refers to printf7.o(i._sputc) for _sputc
    printf7.o(i.__0vfprintf$7) refers to printf7.o(i._printf_core) for _printf_core
    printf7.o(i.__0vfprintf$7) refers to bsp_usart.o(i.fputc) for fputc
    printf7.o(i.__0vprintf$7) refers to printf7.o(i._printf_core) for _printf_core
    printf7.o(i.__0vprintf$7) refers to bsp_usart.o(i.fputc) for fputc
    printf7.o(i.__0vprintf$7) refers to stdout.o(.data) for __stdout
    printf7.o(i.__0vsnprintf$7) refers to printf7.o(i._printf_core) for _printf_core
    printf7.o(i.__0vsnprintf$7) refers to printf7.o(i._snputc) for _snputc
    printf7.o(i.__0vsprintf$7) refers to printf7.o(i._printf_core) for _printf_core
    printf7.o(i.__0vsprintf$7) refers to printf7.o(i._sputc) for _sputc
    printf7.o(i._printf_core) refers to printf7.o(i._printf_pre_padding) for _printf_pre_padding
    printf7.o(i._printf_core) refers to uldiv.o(.text) for __aeabi_uldivmod
    printf7.o(i._printf_core) refers to printf7.o(i._printf_post_padding) for _printf_post_padding
    printf8.o(i.__0fprintf$8) refers to printf8.o(i._printf_core) for _printf_core
    printf8.o(i.__0fprintf$8) refers to bsp_usart.o(i.fputc) for fputc
    printf8.o(i.__0printf$8) refers to printf8.o(i._printf_core) for _printf_core
    printf8.o(i.__0printf$8) refers to bsp_usart.o(i.fputc) for fputc
    printf8.o(i.__0printf$8) refers to stdout.o(.data) for __stdout
    printf8.o(i.__0snprintf$8) refers to printf8.o(i._printf_core) for _printf_core
    printf8.o(i.__0snprintf$8) refers to printf8.o(i._snputc) for _snputc
    printf8.o(i.__0sprintf$8) refers to printf8.o(i._printf_core) for _printf_core
    printf8.o(i.__0sprintf$8) refers to printf8.o(i._sputc) for _sputc
    printf8.o(i.__0vfprintf$8) refers to printf8.o(i._printf_core) for _printf_core
    printf8.o(i.__0vfprintf$8) refers to bsp_usart.o(i.fputc) for fputc
    printf8.o(i.__0vprintf$8) refers to printf8.o(i._printf_core) for _printf_core
    printf8.o(i.__0vprintf$8) refers to bsp_usart.o(i.fputc) for fputc
    printf8.o(i.__0vprintf$8) refers to stdout.o(.data) for __stdout
    printf8.o(i.__0vsnprintf$8) refers to printf8.o(i._printf_core) for _printf_core
    printf8.o(i.__0vsnprintf$8) refers to printf8.o(i._snputc) for _snputc
    printf8.o(i.__0vsprintf$8) refers to printf8.o(i._printf_core) for _printf_core
    printf8.o(i.__0vsprintf$8) refers to printf8.o(i._sputc) for _sputc
    printf8.o(i._printf_core) refers to printf8.o(i._printf_pre_padding) for _printf_pre_padding
    printf8.o(i._printf_core) refers to uldiv.o(.text) for __aeabi_uldivmod
    printf8.o(i._printf_core) refers to printf8.o(i._printf_post_padding) for _printf_post_padding
    printfa.o(i.__0fprintf) refers (Special) to iusefp.o(.text) for __I$use$fp
    printfa.o(i.__0fprintf) refers to printfa.o(i._printf_core) for _printf_core
    printfa.o(i.__0fprintf) refers to bsp_usart.o(i.fputc) for fputc
    printfa.o(i.__0printf) refers (Special) to iusefp.o(.text) for __I$use$fp
    printfa.o(i.__0printf) refers to printfa.o(i._printf_core) for _printf_core
    printfa.o(i.__0printf) refers to bsp_usart.o(i.fputc) for fputc
    printfa.o(i.__0printf) refers to stdout.o(.data) for __stdout
    printfa.o(i.__0snprintf) refers (Special) to iusefp.o(.text) for __I$use$fp
    printfa.o(i.__0snprintf) refers to printfa.o(i._printf_core) for _printf_core
    printfa.o(i.__0snprintf) refers to printfa.o(i._snputc) for _snputc
    printfa.o(i.__0sprintf) refers (Special) to iusefp.o(.text) for __I$use$fp
    printfa.o(i.__0sprintf) refers to printfa.o(i._printf_core) for _printf_core
    printfa.o(i.__0sprintf) refers to printfa.o(i._sputc) for _sputc
    printfa.o(i.__0vfprintf) refers (Special) to iusefp.o(.text) for __I$use$fp
    printfa.o(i.__0vfprintf) refers to printfa.o(i._printf_core) for _printf_core
    printfa.o(i.__0vfprintf) refers to bsp_usart.o(i.fputc) for fputc
    printfa.o(i.__0vprintf) refers (Special) to iusefp.o(.text) for __I$use$fp
    printfa.o(i.__0vprintf) refers to printfa.o(i._printf_core) for _printf_core
    printfa.o(i.__0vprintf) refers to bsp_usart.o(i.fputc) for fputc
    printfa.o(i.__0vprintf) refers to stdout.o(.data) for __stdout
    printfa.o(i.__0vsnprintf) refers (Special) to iusefp.o(.text) for __I$use$fp
    printfa.o(i.__0vsnprintf) refers to printfa.o(i._printf_core) for _printf_core
    printfa.o(i.__0vsnprintf) refers to printfa.o(i._snputc) for _snputc
    printfa.o(i.__0vsprintf) refers (Special) to iusefp.o(.text) for __I$use$fp
    printfa.o(i.__0vsprintf) refers to printfa.o(i._printf_core) for _printf_core
    printfa.o(i.__0vsprintf) refers to printfa.o(i._sputc) for _sputc
    printfa.o(i._fp_digits) refers (Special) to iusefp.o(.text) for __I$use$fp
    printfa.o(i._fp_digits) refers to dmul.o(.text) for __aeabi_dmul
    printfa.o(i._fp_digits) refers to ddiv.o(.text) for __aeabi_ddiv
    printfa.o(i._fp_digits) refers to cdrcmple.o(.text) for __aeabi_cdrcmple
    printfa.o(i._fp_digits) refers to dadd.o(.text) for __aeabi_dadd
    printfa.o(i._fp_digits) refers to dfixul.o(.text) for __aeabi_d2ulz
    printfa.o(i._fp_digits) refers to uldiv.o(.text) for __aeabi_uldivmod
    printfa.o(i._printf_core) refers (Special) to iusefp.o(.text) for __I$use$fp
    printfa.o(i._printf_core) refers to printfa.o(i._printf_pre_padding) for _printf_pre_padding
    printfa.o(i._printf_core) refers to uldiv.o(.text) for __aeabi_uldivmod
    printfa.o(i._printf_core) refers to printfa.o(i._printf_post_padding) for _printf_post_padding
    printfa.o(i._printf_core) refers to printfa.o(i._fp_digits) for _fp_digits
    printfa.o(i._printf_core) refers to uidiv.o(.text) for __aeabi_uidivmod
    printfa.o(i._printf_post_padding) refers (Special) to iusefp.o(.text) for __I$use$fp
    printfa.o(i._printf_pre_padding) refers (Special) to iusefp.o(.text) for __I$use$fp
    printfa.o(i._snputc) refers (Special) to iusefp.o(.text) for __I$use$fp
    printfa.o(i._sputc) refers (Special) to iusefp.o(.text) for __I$use$fp
    entry2.o(.ARM.Collect$$$$00000001) refers to entry2.o(.ARM.Collect$$$$00002712) for __lit__00000000
    entry2.o(.ARM.Collect$$$$00002712) refers to startup_stm32f10x_md.o(STACK) for __initial_sp
    entry2.o(__vectab_stack_and_reset_area) refers to startup_stm32f10x_md.o(STACK) for __initial_sp
    entry2.o(__vectab_stack_and_reset_area) refers to entry.o(.ARM.Collect$$$$00000000) for __main
    entry5.o(.ARM.Collect$$$$00000004) refers to init.o(.text) for __scatterload
    entry9a.o(.ARM.Collect$$$$0000000B) refers to main.o(i.main) for main
    entry9b.o(.ARM.Collect$$$$0000000C) refers to main.o(i.main) for main
    uldiv.o(.text) refers to llushr.o(.text) for __aeabi_llsr
    uldiv.o(.text) refers to llshl.o(.text) for __aeabi_llsl
    dadd.o(.text) refers to llshl.o(.text) for __aeabi_llsl
    dadd.o(.text) refers to llsshr.o(.text) for __aeabi_lasr
    dadd.o(.text) refers to depilogue.o(.text) for _double_epilogue
    dmul.o(.text) refers to depilogue.o(.text) for _double_epilogue
    ddiv.o(.text) refers to depilogue.o(.text) for _double_round
    dfixul.o(.text) refers to llushr.o(.text) for __aeabi_llsr
    dfixul.o(.text) refers to llshl.o(.text) for __aeabi_llsl
    init.o(.text) refers to entry5.o(.ARM.Collect$$$$00000004) for __main_after_scatterload
    depilogue.o(.text) refers to llshl.o(.text) for __aeabi_llsl
    depilogue.o(.text) refers to llushr.o(.text) for __aeabi_llsr

