Component: ARM Compiler 5.06 update 6 (build 750) Tool: armlink [4d35ed]

==============================================================================

Section Cross References

    startup_stm32f103xb.o(RESET) refers to startup_stm32f103xb.o(STACK) for __initial_sp
    startup_stm32f103xb.o(RESET) refers to startup_stm32f103xb.o(.text) for Reset_Handler
    startup_stm32f103xb.o(RESET) refers to stm32f1xx_it.o(i.NMI_Handler) for NMI_Handler
    startup_stm32f103xb.o(RESET) refers to stm32f1xx_it.o(i.HardFault_Handler) for HardFault_Handler
    startup_stm32f103xb.o(RESET) refers to stm32f1xx_it.o(i.MemManage_Handler) for MemManage_Handler
    startup_stm32f103xb.o(RESET) refers to stm32f1xx_it.o(i.BusFault_Handler) for BusFault_Handler
    startup_stm32f103xb.o(RESET) refers to stm32f1xx_it.o(i.UsageFault_Handler) for UsageFault_Handler
    startup_stm32f103xb.o(RESET) refers to stm32f1xx_it.o(i.SVC_Handler) for SVC_Handler
    startup_stm32f103xb.o(RESET) refers to stm32f1xx_it.o(i.DebugMon_Handler) for DebugMon_Handler
    startup_stm32f103xb.o(RESET) refers to stm32f1xx_it.o(i.PendSV_Handler) for PendSV_Handler
    startup_stm32f103xb.o(RESET) refers to stm32f1xx_it.o(i.SysTick_Handler) for SysTick_Handler
    startup_stm32f103xb.o(RESET) refers to stm32f1xx_it.o(i.DMA1_Channel1_IRQHandler) for DMA1_Channel1_IRQHandler
    startup_stm32f103xb.o(RESET) refers to stm32f1xx_it.o(i.DMA1_Channel3_IRQHandler) for DMA1_Channel3_IRQHandler
    startup_stm32f103xb.o(RESET) refers to stm32f1xx_it.o(i.DMA1_Channel5_IRQHandler) for DMA1_Channel5_IRQHandler
    startup_stm32f103xb.o(RESET) refers to stm32f1xx_it.o(i.TIM2_IRQHandler) for TIM2_IRQHandler
    startup_stm32f103xb.o(RESET) refers to stm32f1xx_it.o(i.USART1_IRQHandler) for USART1_IRQHandler
    startup_stm32f103xb.o(RESET) refers to stm32f1xx_it.o(i.USART3_IRQHandler) for USART3_IRQHandler
    startup_stm32f103xb.o(.text) refers to system_stm32f1xx.o(i.SystemInit) for SystemInit
    startup_stm32f103xb.o(.text) refers to entry.o(.ARM.Collect$$$$00000000) for __main
    main.o(i.HAL_TIM_PeriodElapsedCallback) refers to stm32f1xx_hal_gpio.o(i.HAL_GPIO_TogglePin) for HAL_GPIO_TogglePin
    main.o(i.HAL_TIM_PeriodElapsedCallback) refers to main.o(.data) for .data
    main.o(i.HAL_TIM_PeriodElapsedCallback) refers to main.o(.bss) for .bss
    main.o(i.MX_ADC1_Init) refers to stm32f1xx_hal_adc.o(i.HAL_ADC_Init) for HAL_ADC_Init
    main.o(i.MX_ADC1_Init) refers to main.o(i.Error_Handler) for Error_Handler
    main.o(i.MX_ADC1_Init) refers to stm32f1xx_hal_adc.o(i.HAL_ADC_ConfigChannel) for HAL_ADC_ConfigChannel
    main.o(i.MX_ADC1_Init) refers to main.o(.bss) for .bss
    main.o(i.MX_DMA_Init) refers to stm32f1xx_hal_cortex.o(i.HAL_NVIC_SetPriority) for HAL_NVIC_SetPriority
    main.o(i.MX_DMA_Init) refers to stm32f1xx_hal_cortex.o(i.HAL_NVIC_EnableIRQ) for HAL_NVIC_EnableIRQ
    main.o(i.MX_GPIO_Init) refers to stm32f1xx_hal_gpio.o(i.HAL_GPIO_WritePin) for HAL_GPIO_WritePin
    main.o(i.MX_GPIO_Init) refers to stm32f1xx_hal_gpio.o(i.HAL_GPIO_Init) for HAL_GPIO_Init
    main.o(i.MX_TIM2_Init) refers to stm32f1xx_hal_tim.o(i.HAL_TIM_Base_Init) for HAL_TIM_Base_Init
    main.o(i.MX_TIM2_Init) refers to main.o(i.Error_Handler) for Error_Handler
    main.o(i.MX_TIM2_Init) refers to stm32f1xx_hal_tim.o(i.HAL_TIM_ConfigClockSource) for HAL_TIM_ConfigClockSource
    main.o(i.MX_TIM2_Init) refers to stm32f1xx_hal_tim_ex.o(i.HAL_TIMEx_MasterConfigSynchronization) for HAL_TIMEx_MasterConfigSynchronization
    main.o(i.MX_TIM2_Init) refers to main.o(.bss) for .bss
    main.o(i.SystemClock_Config) refers to memseta.o(.text) for __aeabi_memclr4
    main.o(i.SystemClock_Config) refers to stm32f1xx_hal_rcc.o(i.HAL_RCC_OscConfig) for HAL_RCC_OscConfig
    main.o(i.SystemClock_Config) refers to main.o(i.Error_Handler) for Error_Handler
    main.o(i.SystemClock_Config) refers to stm32f1xx_hal_rcc.o(i.HAL_RCC_ClockConfig) for HAL_RCC_ClockConfig
    main.o(i.SystemClock_Config) refers to stm32f1xx_hal_rcc_ex.o(i.HAL_RCCEx_PeriphCLKConfig) for HAL_RCCEx_PeriphCLKConfig
    main.o(i.fputc) refers to stm32f1xx_hal_uart.o(i.HAL_UART_Transmit) for HAL_UART_Transmit
    main.o(i.fputc) refers to main.o(.bss) for .bss
    main.o(i.main) refers to stm32f1xx_hal.o(i.HAL_Init) for HAL_Init
    main.o(i.main) refers to main.o(i.SystemClock_Config) for SystemClock_Config
    main.o(i.main) refers to main.o(i.MX_GPIO_Init) for MX_GPIO_Init
    main.o(i.main) refers to main.o(i.MX_DMA_Init) for MX_DMA_Init
    main.o(i.main) refers to main.o(i.MX_ADC1_Init) for MX_ADC1_Init
    main.o(i.main) refers to main.o(i.MX_TIM2_Init) for MX_TIM2_Init
    main.o(i.main) refers to stm32f1xx_hal_tim.o(i.HAL_TIM_Base_Start_IT) for HAL_TIM_Base_Start_IT
    main.o(i.main) refers to save_info.o(i.read_xMacInfo_from_flash) for read_xMacInfo_from_flash
    main.o(i.main) refers to uart_task.o(i.init_uart1) for init_uart1
    main.o(i.main) refers to uart_task.o(i.init_uart3) for init_uart3
[...]
    ../Core/Src/stm32f1xx_hal_msp.c          0x00000000   Number         0  stm32f1xx_hal_msp.o ABSOLUTE
    ../Core/Src/stm32f1xx_it.c               0x00000000   Number         0  stm32f1xx_it.o ABSOLUTE
    ../Core/Src/system_stm32f1xx.c           0x00000000   Number         0  system_stm32f1xx.o ABSOLUTE
    ../Drivers/STM32F1xx_HAL_Driver/Src/stm32f1xx_hal.c 0x00000000   Number         0  stm32f1xx_hal.o ABSOLUTE
    ../Drivers/STM32F1xx_HAL_Driver/Src/stm32f1xx_hal_adc.c 0x00000000   Number         0  stm32f1xx_hal_adc.o ABSOLUTE
    ../Drivers/STM32F1xx_HAL_Driver/Src/stm32f1xx_hal_adc_ex.c 0x00000000   Number         0  stm32f1xx_hal_adc_ex.o ABSOLUTE
    ../Drivers/STM32F1xx_HAL_Driver/Src/stm32f1xx_hal_cortex.c 0x00000000   Number         0  stm32f1xx_hal_cortex.o ABSOLUTE
    ../Drivers/STM32F1xx_HAL_Driver/Src/stm32f1xx_hal_dma.c 0x00000000   Number         0  stm32f1xx_hal_dma.o ABSOLUTE
    ../Drivers/STM32F1xx_HAL_Driver/Src/stm32f1xx_hal_exti.c 0x00000000   Number         0  stm32f1xx_hal_exti.o ABSOLUTE
    ../Drivers/STM32F1xx_HAL_Driver/Src/stm32f1xx_hal_flash.c 0x00000000   Number         0  stm32f1xx_hal_flash.o ABSOLUTE
    ../Drivers/STM32F1xx_HAL_Driver/Src/stm32f1xx_hal_flash_ex.c 0x00000000   Number         0  stm32f1xx_hal_flash_ex.o ABSOLUTE
    ../Drivers/STM32F1xx_HAL_Driver/Src/stm32f1xx_hal_gpio.c 0x00000000   Number         0  stm32f1xx_hal_gpio.o ABSOLUTE
    ../Drivers/STM32F1xx_HAL_Driver/Src/stm32f1xx_hal_gpio_ex.c 0x00000000   Number         0  stm32f1xx_hal_gpio_ex.o ABSOLUTE
    ../Drivers/STM32F1xx_HAL_Driver/Src/stm32f1xx_hal_pwr.c 0x00000000   Number         0  stm32f1xx_hal_pwr.o ABSOLUTE
    ../Drivers/STM32F1xx_HAL_Driver/Src/stm32f1xx_hal_rcc.c 0x00000000   Number         0  stm32f1xx_hal_rcc.o ABSOLUTE
    ../Drivers/STM32F1xx_HAL_Driver/Src/stm32f1xx_hal_rcc_ex.c 0x00000000   Number         0  stm32f1xx_hal_rcc_ex.o ABSOLUTE
    ../Drivers/STM32F1xx_HAL_Driver/Src/stm32f1xx_hal_tim.c 0x00000000   Number         0  stm32f1xx_hal_tim.o ABSOLUTE
    ../Drivers/STM32F1xx_HAL_Driver/Src/stm32f1xx_hal_tim_ex.c 0x00000000   Number         0  stm32f1xx_hal_tim_ex.o ABSOLUTE
    ../Drivers/STM32F1xx_HAL_Driver/Src/stm32f1xx_hal_uart.c 0x00000000   Number         0  stm32f1xx_hal_uart.o ABSOLUTE
    ../clib/microlib/ctype/ctype.c           0x00000000   Number         0  isalnum_o.o ABSOLUTE
    ../clib/microlib/ctype/ctype.c           0x00000000   Number         0  ctype_o.o ABSOLUTE
    ../clib/microlib/ctype/ctype.c           0x00000000   Number         0  isspace_o.o ABSOLUTE
    ../clib/microlib/ctype/ctype.c           0x00000000   Number         0  ispunct_o.o ABSOLUTE
    ../clib/microlib/ctype/ctype.c           0x00000000   Number         0  isprint_o.o ABSOLUTE
    ../clib/microlib/ctype/ctype.c           0x00000000   Number         0  islower_o.o ABSOLUTE
    ../clib/microlib/ctype/ctype.c           0x00000000   Number         0  isxdigit_o.o ABSOLUTE
    ../clib/microlib/ctype/ctype.c           0x00000000   Number         0  isgraph_o.o ABSOLUTE
    ../clib/microlib/ctype/ctype.c           0x00000000   Number         0  isdigit_o.o ABSOLUTE
    ../clib/microlib/ctype/ctype.c           0x00000000   Number         0  iscntrl_o.o ABSOLUTE
    ../clib/microlib/ctype/ctype.c           0x00000000   Number         0  isblank_o.o ABSOLUTE
    ../clib/microlib/ctype/ctype.c           0x00000000   Number         0  isalpha_o.o ABSOLUTE
    ../clib/microlib/ctype/ctype.c           0x00000000   Number         0  isupper_o.o ABSOLUTE
    ../clib/microlib/division.c              0x00000000   Number         0  uldiv.o ABSOLUTE
    ../clib/microlib/division.c              0x00000000   Number         0  uidiv.o ABSOLUTE
    ../clib/microlib/errno.c                 0x00000000   Number         0  errno.o ABSOLUTE
    ../clib/microlib/init/entry.s            0x00000000   Number         0  entry.o ABSOLUTE
    ../clib/microlib/init/entry.s            0x00000000   Number         0  entry7b.o ABSOLUTE
    ../clib/microlib/init/entry.s            0x00000000   Number         0  entry7a.o ABSOLUTE
    ../clib/microlib/init/entry.s            0x00000000   Number         0  entry5.o ABSOLUTE
    ../clib/microlib/init/entry.s            0x00000000   Number         0  entry2.o ABSOLUTE
    ../clib/microlib/init/entry.s            0x00000000   Number         0  entry11b.o ABSOLUTE
    ../clib/microlib/init/entry.s            0x00000000   Number         0  entry11a.o ABSOLUTE
    ../clib/microlib/init/entry.s            0x00000000   Number         0  entry10b.o ABSOLUTE
    ../clib/microlib/init/entry.s            0x00000000   Number         0  entry10a.o ABSOLUTE
    ../clib/microlib/init/entry.s            0x00000000   Number         0  entry9b.o ABSOLUTE
    ../clib/microlib/init/entry.s            0x00000000   Number         0  entry9a.o ABSOLUTE
    ../clib/microlib/init/entry.s            0x00000000   Number         0  entry8b.o ABSOLUTE
    ../clib/microlib/init/entry.s            0x00000000   Number         0  entry8a.o ABSOLUTE
    ../clib/microlib/longlong.c              0x00000000   Number         0  llsshr.o ABSOLUTE
    ../clib/microlib/longlong.c              0x00000000   Number         0  llshl.o ABSOLUTE
    ../clib/microlib/longlong.c              0x00000000   Number         0  llushr.o ABSOLUTE
    ../clib/microlib/printf/printf.c         0x00000000   Number         0  printf0.o ABSOLUTE
    ../clib/microlib/printf/printf.c         0x00000000   Number         0  printf7.o ABSOLUTE
    ../clib/microlib/printf/printf.c         0x00000000   Number         0  printf6.o ABSOLUTE
    ../clib/microlib/printf/printf.c         0x00000000   Number         0  printf5.o ABSOLUTE
    ../clib/microlib/printf/printf.c         0x00000000   Number         0  printf4.o ABSOLUTE
    ../clib/microlib/printf/printf.c         0x00000000   Number         0  printf3.o ABSOLUTE
    ../clib/microlib/printf/printf.c         0x00000000   Number         0  printf2.o ABSOLUTE
    ../clib/microlib/printf/printf.c         0x00000000   Number         0  printf1.o ABSOLUTE
    ../clib/microlib/printf/printf.c         0x00000000   Number         0  printfb.o ABSOLUTE
    ../clib/microlib/printf/printf.c         0x00000000   Number         0  printf8.o ABSOLUTE
    ../clib/microlib/printf/printf.c         0x00000000   Number         0  printfa.o ABSOLUTE
    ../clib/microlib/printf/stubs.s          0x00000000   Number         0  stubs.o ABSOLUTE
    ../clib/microlib/string/memset.c         0x00000000   Number         0  memseta.o ABSOLUTE
    ../clib/microlib/string/strncmp.c        0x00000000   Number         0  strncmp.o ABSOLUTE
    ../clib/microlib/stubs.s                 0x00000000   Number         0  iusefp.o ABSOLUTE
    ../clib/microlib/stubs.s                 0x00000000   Number         0  useno.o ABSOLUTE
    ../clib/scanf.c                          0x00000000   Number         0  strtol.o ABSOLUTE
    ../clib/scanf.c                          0x00000000   Number         0  _chval.o ABSOLUTE
    ../clib/scanf.c                          0x00000000   Number         0  _strtoul.o ABSOLUTE
    ../clib/scanf.c                          0x00000000   Number         0  atoi.o ABSOLUTE
    ../fplib/microlib/f2d.c                  0x00000000   Number         0  f2d.o ABSOLUTE
    ../fplib/microlib/fpadd.c                0x00000000   Number         0  dadd.o ABSOLUTE
    ../fplib/microlib/fpdiv.c                0x00000000   Number         0  ddiv.o ABSOLUTE
    ../fplib/microlib/fpepilogue.c           0x00000000   Number         0  fepilogue.o ABSOLUTE
    ../fplib/microlib/fpepilogue.c           0x00000000   Number         0  depilogue.o ABSOLUTE
    ../fplib/microlib/fpfix.c                0x00000000   Number         0  dfixul.o ABSOLUTE
    ../fplib/microlib/fpflt.c                0x00000000   Number         0  ffltui.o ABSOLUTE
    ../fplib/microlib/fpmul.c                0x00000000   Number         0  dmul.o ABSOLUTE
    ..\Core\Src\main.c                       0x00000000   Number         0  main.o ABSOLUTE
    ..\Core\Src\stm32f1xx_hal_msp.c          0x00000000   Number         0  stm32f1xx_hal_msp.o ABSOLUTE
    ..\Core\Src\stm32f1xx_it.c               0x00000000   Number         0  stm32f1xx_it.o ABSOLUTE
    ..\Core\Src\system_stm32f1xx.c           0x00000000   Number         0  system_stm32f1xx.o ABSOLUTE
    ..\Drivers\STM32F1xx_HAL_Driver\Src\stm32f1xx_hal.c 0x00000000   Number         0  stm32f1xx_hal.o ABSOLUTE
    ..\Drivers\STM32F1xx_HAL_Driver\Src\stm32f1xx_hal_adc.c 0x00000000   Number         0  stm32f1xx_hal_adc.o ABSOLUTE
    ..\Drivers\STM32F1xx_HAL_Driver\Src\stm32f1xx_hal_adc_ex.c 0x00000000   Number         0  stm32f1xx_hal_adc_ex.o ABSOLUTE
    ..\Drivers\STM32F1xx_HAL_Driver\Src\stm32f1xx_hal_cortex.c 0x00000000   Number         0  stm32f1xx_hal_cortex.o ABSOLUTE
    ..\Drivers\STM32F1xx_HAL_Driver\Src\stm32f1xx_hal_dma.c 0x00000000   Number         0  stm32f1xx_hal_dma.o ABSOLUTE
    ..\Drivers\STM32F1xx_HAL_Driver\Src\stm32f1xx_hal_exti.c 0x00000000   Number         0  stm32f1xx_hal_exti.o ABSOLUTE
    ..\Drivers\STM32F1xx_HAL_Driver\Src\stm32f1xx_hal_flash.c 0x00000000   Number         0  stm32f1xx_hal_flash.o ABSOLUTE
    ..\Drivers\STM32F1xx_HAL_Driver\Src\stm32f1xx_hal_flash_ex.c 0x00000000   Number         0  stm32f1xx_hal_flash_ex.o ABSOLUTE
    ..\Drivers\STM32F1xx_HAL_Driver\Src\stm32f1xx_hal_gpio.c 0x00000000   Number         0  stm32f1xx_hal_gpio.o ABSOLUTE
    ..\Drivers\STM32F1xx_HAL_Driver\Src\stm32f1xx_hal_gpio_ex.c 0x00000000   Number         0  stm32f1xx_hal_gpio_ex.o ABSOLUTE
    ..\Drivers\STM32F1xx_HAL_Driver\Src\stm32f1xx_hal_pwr.c 0x00000000   Number         0  stm32f1xx_hal_pwr.o ABSOLUTE
    ..\Drivers\STM32F1xx_HAL_Driver\Src\stm32f1xx_hal_rcc.c 0x00000000   Number         0  stm32f1xx_hal_rcc.o ABSOLUTE
    ..\Drivers\STM32F1xx_HAL_Driver\Src\stm32f1xx_hal_rcc_ex.c 0x00000000   Number         0  stm32f1xx_hal_rcc_ex.o ABSOLUTE
    ..\Drivers\STM32F1xx_HAL_Driver\Src\stm32f1xx_hal_tim.c 0x00000000   Number         0  stm32f1xx_hal_tim.o ABSOLUTE
    ..\Drivers\STM32F1xx_HAL_Driver\Src\stm32f1xx_hal_tim_ex.c 0x00000000   Number         0  stm32f1xx_hal_tim_ex.o ABSOLUTE
    ..\Drivers\STM32F1xx_HAL_Driver\Src\stm32f1xx_hal_uart.c 0x00000000   Number         0  stm32f1xx_hal_uart.o ABSOLUTE
    ..\\app\\logic.c                         0x00000000   Number         0  logic.o ABSOLUTE
    ..\\app\\save_info.c                     0x00000000   Number         0  save_info.o ABSOLUTE
    ..\\app\\uart_task.c                     0x00000000   Number         0  uart_task.o ABSOLUTE
    ..\app\logic.c                           0x00000000   Number         0  logic.o ABSOLUTE
    ..\app\save_info.c                       0x00000000   Number         0  save_info.o ABSOLUTE
    ..\app\uart_task.c                       0x00000000   Number         0  uart_task.o ABSOLUTE
    cdrcmple.s                               0x00000000   Number         0  cdrcmple.o ABSOLUTE
    dc.s                                     0x00000000   Number         0  dc.o ABSOLUTE
    handlers.s                               0x00000000   Number         0  handlers.o ABSOLUTE
    init.s                                   0x00000000   Number         0  init.o ABSOLUTE
    startup_stm32f103xb.s                    0x00000000   Number         0  startup_stm32f103xb.o ABSOLUTE
    RESET                                    0x08000000   Section      236  startup_stm32f103xb.o(RESET)
    .ARM.Collect$$$$00000000                 0x080000ec   Section        0  entry.o(.ARM.Collect$$$$00000000)
    .ARM.Collect$$$$00000001                 0x080000ec   Section        4  entry2.o(.ARM.Collect$$$$00000001)
    .ARM.Collect$$$$00000004                 0x080000f0   Section        4  entry5.o(.ARM.Collect$$$$00000004)
    .ARM.Collect$$$$00000008                 0x080000f4   Section        0  entry7b.o(.ARM.Collect$$$$00000008)
    .ARM.Collect$$$$0000000A                 0x080000f4   Section        0  entry8b.o(.ARM.Collect$$$$0000000A)
    .ARM.Collect$$$$0000000B                 0x080000f4   Section        8  entry9a.o(.ARM.Collect$$$$0000000B)
    .ARM.Collect$$$$0000000D                 0x080000fc   Section        0  entry10a.o(.ARM.Collect$$$$0000000D)
    .ARM.Collect$$$$0000000F                 0x080000fc   Section        0  entry11a.o(.ARM.Collect$$$$0000000F)
    .ARM.Collect$$$$00002712                 0x080000fc   Section        4  entry2.o(.ARM.Collect$$$$00002712)
    __lit__00000000                          0x080000fc   Data           4  entry2.o(.ARM.Collect$$$$00002712)
    .text                                    0x08000100   Section       36  startup_stm32f103xb.o(.text)
    .text                                    0x08000124   Section        0  llushr.o(.text)
    .text                                    0x08000144   Section        0  memseta.o(.text)
    .text                                    0x08000168   Section        0  strncmp.o(.text)
    .text                                    0x08000186   Section        0  atoi.o(.text)
    .text                                    0x080001a0   Section        0  dmul.o(.text)
    .text                                    0x08000284   Section        0  ffltui.o(.text)
    .text                                    0x0800028e   Section        0  f2d.o(.text)
    .text                                    0x080002b4   Section        0  uidiv.o(.text)
    .text                                    0x080002e0   Section        0  uldiv.o(.text)
    .text                                    0x08000342   Section        0  strtol.o(.text)
    .text                                    0x080003b2   Section        0  fepilogue.o(.text)
    .text                                    0x080003b2   Section        0  iusefp.o(.text)
    .text                                    0x08000420   Section        0  depilogue.o(.text)
    .text                                    0x080004da   Section        0  dadd.o(.text)
    .text                                    0x08000628   Section        0  ddiv.o(.text)
    .text                                    0x08000706   Section        0  dfixul.o(.text)
    .text                                    0x08000738   Section       48  cdrcmple.o(.text)
    .text                                    0x08000768   Section       36  init.o(.text)
    .text                                    0x0800078c   Section        0  llshl.o(.text)
    .text                                    0x080007aa   Section        0  llsshr.o(.text)
    .text                                    0x080007d0   Section        0  ctype_o.o(.text)
    .text                                    0x080007d8   Section        0  _strtoul.o(.text)
    .text                                    0x08000876   Section        0  _chval.o(.text)
    i.ADC_ConversionStop_Disable             0x08000892   Section        0  stm32f1xx_hal_adc.o(i.ADC_ConversionStop_Disable)
    i.ADC_DMAConvCplt                        0x080008e6   Section        0  stm32f1xx_hal_adc.o(i.ADC_DMAConvCplt)
    i.ADC_DMAError                           0x08000934   Section        0  stm32f1xx_hal_adc.o(i.ADC_DMAError)
    i.ADC_DMAHalfConvCplt                    0x0800094e   Section        0  stm32f1xx_hal_adc.o(i.ADC_DMAHalfConvCplt)
    i.ADC_Enable                             0x08000958   Section        0  stm32f1xx_hal_adc.o(i.ADC_Enable)
    i.BusFault_Handler                       0x080009d8   Section        0  stm32f1xx_it.o(i.BusFault_Handler)
    i.DMA1_Channel1_IRQHandler               0x080009dc   Section        0  stm32f1xx_it.o(i.DMA1_Channel1_IRQHandler)
    i.DMA1_Channel3_IRQHandler               0x080009e8   Section        0  stm32f1xx_it.o(i.DMA1_Channel3_IRQHandler)
    i.DMA1_Channel5_IRQHandler               0x080009f4   Section        0  stm32f1xx_it.o(i.DMA1_Channel5_IRQHandler)
    i.DMA_SetConfig                          0x08000a00   Section        0  stm32f1xx_hal_dma.o(i.DMA_SetConfig)
    DMA_SetConfig                            0x08000a01   Thumb Code    44  stm32f1xx_hal_dma.o(i.DMA_SetConfig)
    i.DebugMon_Handler                       0x08000a2c   Section        0  stm32f1xx_it.o(i.DebugMon_Handler)
    i.Error_Handler                          0x08000a2e   Section        0  main.o(i.Error_Handler)
    i.FLASH_MassErase                        0x08000a34   Section        0  stm32f1xx_hal_flash_ex.o(i.FLASH_MassErase)
    FLASH_MassErase                          0x08000a35   Thumb Code    26  stm32f1xx_hal_flash_ex.o(i.FLASH_MassErase)
    i.FLASH_PageErase                        0x08000a58   Section        0  stm32f1xx_hal_flash_ex.o(i.FLASH_PageErase)
    i.FLASH_Program_HalfWord                 0x08000a7c   Section        0  stm32f1xx_hal_flash.o(i.FLASH_Program_HalfWord)
    FLASH_Program_HalfWord                   0x08000a7d   Thumb Code    20  stm32f1xx_hal_flash.o(i.FLASH_Program_HalfWord)
    i.FLASH_SetErrorCode                     0x08000a98   Section        0  stm32f1xx_hal_flash.o(i.FLASH_SetErrorCode)
    FLASH_SetErrorCode                       0x08000a99   Thumb Code    84  stm32f1xx_hal_flash.o(i.FLASH_SetErrorCode)
    i.FLASH_WaitForLastOperation             0x08000af4   Section        0  stm32f1xx_hal_flash.o(i.FLASH_WaitForLastOperation)
    i.HAL_ADCEx_Calibration_Start            0x08000b48   Section        0  stm32f1xx_hal_adc_ex.o(i.HAL_ADCEx_Calibration_Start)
    i.HAL_ADC_ConfigChannel                  0x08000c3c   Section        0  stm32f1xx_hal_adc.o(i.HAL_ADC_ConfigChannel)
    i.HAL_ADC_ConvCpltCallback               0x08000d44   Section        0  stm32f1xx_hal_adc.o(i.HAL_ADC_ConvCpltCallback)
    i.HAL_ADC_ConvHalfCpltCallback           0x08000d46   Section        0  stm32f1xx_hal_adc.o(i.HAL_ADC_ConvHalfCpltCallback)
    i.HAL_ADC_ErrorCallback                  0x08000d48   Section        0  stm32f1xx_hal_adc.o(i.HAL_ADC_ErrorCallback)
    i.HAL_ADC_Init                           0x08000d4c   Section        0  stm32f1xx_hal_adc.o(i.HAL_ADC_Init)
    i.HAL_ADC_MspInit                        0x08000e64   Section        0  stm32f1xx_hal_msp.o(i.HAL_ADC_MspInit)
    i.HAL_ADC_Start_DMA                      0x08000f14   Section        0  stm32f1xx_hal_adc.o(i.HAL_ADC_Start_DMA)
    i.HAL_DMA_Abort                          0x08001034   Section        0  stm32f1xx_hal_dma.o(i.HAL_DMA_Abort)
    i.HAL_DMA_Abort_IT                       0x0800107c   Section        0  stm32f1xx_hal_dma.o(i.HAL_DMA_Abort_IT)
    i.HAL_DMA_IRQHandler                     0x08001114   Section        0  stm32f1xx_hal_dma.o(i.HAL_DMA_IRQHandler)
    i.HAL_DMA_Init                           0x0800127c   Section        0  stm32f1xx_hal_dma.o(i.HAL_DMA_Init)
    i.HAL_DMA_Start_IT                       0x080012e0   Section        0  stm32f1xx_hal_dma.o(i.HAL_DMA_Start_IT)
    i.HAL_FLASHEx_Erase                      0x08001354   Section        0  stm32f1xx_hal_flash_ex.o(i.HAL_FLASHEx_Erase)
    i.HAL_FLASH_Lock                         0x080013fc   Section        0  stm32f1xx_hal_flash.o(i.HAL_FLASH_Lock)
    i.HAL_FLASH_Program                      0x08001410   Section        0  stm32f1xx_hal_flash.o(i.HAL_FLASH_Program)
    i.HAL_FLASH_Unlock                       0x0800149c   Section        0  stm32f1xx_hal_flash.o(i.HAL_FLASH_Unlock)
    i.HAL_GPIO_Init                          0x080014c4   Section        0  stm32f1xx_hal_gpio.o(i.HAL_GPIO_Init)
    i.HAL_GPIO_TogglePin                     0x080016b4   Section        0  stm32f1xx_hal_gpio.o(i.HAL_GPIO_TogglePin)
    i.HAL_GPIO_WritePin                      0x080016c4   Section        0  stm32f1xx_hal_gpio.o(i.HAL_GPIO_WritePin)
    i.HAL_GetTick                            0x080016d4   Section        0  stm32f1xx_hal.o(i.HAL_GetTick)
    i.HAL_IncTick                            0x080016e0   Section        0  stm32f1xx_hal.o(i.HAL_IncTick)
    i.HAL_Init                               0x080016f0   Section        0  stm32f1xx_hal.o(i.HAL_Init)
    i.HAL_InitTick                           0x08001714   Section        0  stm32f1xx_hal.o(i.HAL_InitTick)
    i.HAL_MspInit                            0x08001758   Section        0  stm32f1xx_hal_msp.o(i.HAL_MspInit)
    i.HAL_NVIC_EnableIRQ                     0x08001794   Section        0  stm32f1xx_hal_cortex.o(i.HAL_NVIC_EnableIRQ)
    i.HAL_NVIC_SetPriority                   0x080017b0   Section        0  stm32f1xx_hal_cortex.o(i.HAL_NVIC_SetPriority)
    i.HAL_NVIC_SetPriorityGrouping           0x080017f0   Section        0  stm32f1xx_hal_cortex.o(i.HAL_NVIC_SetPriorityGrouping)
    i.HAL_RCCEx_GetPeriphCLKFreq             0x08001814   Section        0  stm32f1xx_hal_rcc_ex.o(i.HAL_RCCEx_GetPeriphCLKFreq)
    i.HAL_RCCEx_PeriphCLKConfig              0x080018bc   Section        0  stm32f1xx_hal_rcc_ex.o(i.HAL_RCCEx_PeriphCLKConfig)
    i.HAL_RCC_ClockConfig                    0x080019c8   Section        0  stm32f1xx_hal_rcc.o(i.HAL_RCC_ClockConfig)
    i.HAL_RCC_GetHCLKFreq                    0x08001b1c   Section        0  stm32f1xx_hal_rcc.o(i.HAL_RCC_GetHCLKFreq)
    i.HAL_RCC_GetPCLK1Freq                   0x08001b28   Section        0  stm32f1xx_hal_rcc.o(i.HAL_RCC_GetPCLK1Freq)
    i.HAL_RCC_GetPCLK2Freq                   0x08001b48   Section        0  stm32f1xx_hal_rcc.o(i.HAL_RCC_GetPCLK2Freq)
    i.HAL_RCC_GetSysClockFreq                0x08001b68   Section        0  stm32f1xx_hal_rcc.o(i.HAL_RCC_GetSysClockFreq)
    i.HAL_RCC_OscConfig                      0x08001bb4   Section        0  stm32f1xx_hal_rcc.o(i.HAL_RCC_OscConfig)
    i.HAL_SYSTICK_Config                     0x08001f38   Section        0  stm32f1xx_hal_cortex.o(i.HAL_SYSTICK_Config)
    i.HAL_TIMEx_BreakCallback                0x08001f60   Section        0  stm32f1xx_hal_tim_ex.o(i.HAL_TIMEx_BreakCallback)
    i.HAL_TIMEx_CommutCallback               0x08001f62   Section        0  stm32f1xx_hal_tim_ex.o(i.HAL_TIMEx_CommutCallback)
    i.HAL_TIMEx_MasterConfigSynchronization  0x08001f64   Section        0  stm32f1xx_hal_tim_ex.o(i.HAL_TIMEx_MasterConfigSynchronization)
    i.HAL_TIM_Base_Init                      0x08001fcc   Section        0  stm32f1xx_hal_tim.o(i.HAL_TIM_Base_Init)
    i.HAL_TIM_Base_MspInit                   0x08002018   Section        0  stm32f1xx_hal_msp.o(i.HAL_TIM_Base_MspInit)
    i.HAL_TIM_Base_Start_IT                  0x08002050   Section        0  stm32f1xx_hal_tim.o(i.HAL_TIM_Base_Start_IT)
    i.HAL_TIM_ConfigClockSource              0x080020b4   Section        0  stm32f1xx_hal_tim.o(i.HAL_TIM_ConfigClockSource)
    i.HAL_TIM_IC_CaptureCallback             0x0800219c   Section        0  stm32f1xx_hal_tim.o(i.HAL_TIM_IC_CaptureCallback)
    i.HAL_TIM_IRQHandler                     0x0800219e   Section        0  stm32f1xx_hal_tim.o(i.HAL_TIM_IRQHandler)
    i.HAL_TIM_OC_DelayElapsedCallback        0x080022d6   Section        0  stm32f1xx_hal_tim.o(i.HAL_TIM_OC_DelayElapsedCallback)
    i.HAL_TIM_PWM_PulseFinishedCallback      0x080022d8   Section        0  stm32f1xx_hal_tim.o(i.HAL_TIM_PWM_PulseFinishedCallback)
    i.HAL_TIM_PeriodElapsedCallback          0x080022dc   Section        0  main.o(i.HAL_TIM_PeriodElapsedCallback)
    i.HAL_TIM_TriggerCallback                0x08002320   Section        0  stm32f1xx_hal_tim.o(i.HAL_TIM_TriggerCallback)
    i.HAL_UARTEx_RxEventCallback             0x08002322   Section        0  stm32f1xx_hal_uart.o(i.HAL_UARTEx_RxEventCallback)
    i.HAL_UART_DMAStop                       0x08002324   Section        0  stm32f1xx_hal_uart.o(i.HAL_UART_DMAStop)
    i.HAL_UART_ErrorCallback                 0x08002394   Section        0  stm32f1xx_hal_uart.o(i.HAL_UART_ErrorCallback)
    i.HAL_UART_IRQHandler                    0x08002398   Section        0  stm32f1xx_hal_uart.o(i.HAL_UART_IRQHandler)
    i.HAL_UART_Init                          0x080025c8   Section        0  stm32f1xx_hal_uart.o(i.HAL_UART_Init)
    i.HAL_UART_MspInit                       0x08002630   Section        0  stm32f1xx_hal_msp.o(i.HAL_UART_MspInit)
    i.HAL_UART_Receive_DMA                   0x08002774   Section        0  stm32f1xx_hal_uart.o(i.HAL_UART_Receive_DMA)
    i.HAL_UART_RxCpltCallback                0x08002790   Section        0  stm32f1xx_hal_uart.o(i.HAL_UART_RxCpltCallback)
    i.HAL_UART_RxHalfCpltCallback            0x08002792   Section        0  stm32f1xx_hal_uart.o(i.HAL_UART_RxHalfCpltCallback)
    i.HAL_UART_Transmit                      0x08002794   Section        0  stm32f1xx_hal_uart.o(i.HAL_UART_Transmit)
    i.HAL_UART_TxCpltCallback                0x08002842   Section        0  stm32f1xx_hal_uart.o(i.HAL_UART_TxCpltCallback)
    i.HardFault_Handler                      0x08002844   Section        0  stm32f1xx_it.o(i.HardFault_Handler)
    i.MX_ADC1_Init                           0x08002848   Section        0  main.o(i.MX_ADC1_Init)
    MX_ADC1_Init                             0x08002849   Thumb Code   250  main.o(i.MX_ADC1_Init)
    i.MX_DMA_Init                            0x0800294c   Section        0  main.o(i.MX_DMA_Init)
    MX_DMA_Init                              0x0800294d   Thumb Code    72  main.o(i.MX_DMA_Init)
    i.MX_GPIO_Init                           0x08002998   Section        0  main.o(i.MX_GPIO_Init)
    MX_GPIO_Init                             0x08002999   Thumb Code    88  main.o(i.MX_GPIO_Init)
    i.MX_TIM2_Init                           0x080029f8   Section        0  main.o(i.MX_TIM2_Init)
    MX_TIM2_Init                             0x080029f9   Thumb Code    96  main.o(i.MX_TIM2_Init)
    i.MemManage_Handler                      0x08002a5c   Section        0  stm32f1xx_it.o(i.MemManage_Handler)
    i.NMI_Handler                            0x08002a5e   Section        0  stm32f1xx_it.o(i.NMI_Handler)
    i.PendSV_Handler                         0x08002a60   Section        0  stm32f1xx_it.o(i.PendSV_Handler)
    i.RCC_Delay                              0x08002a64   Section        0  stm32f1xx_hal_rcc.o(i.RCC_Delay)
    RCC_Delay                                0x08002a65   Thumb Code    30  stm32f1xx_hal_rcc.o(i.RCC_Delay)
    i.SVC_Handler                            0x08002a88   Section        0  stm32f1xx_it.o(i.SVC_Handler)
    i.SysTick_Handler                        0x08002a8a   Section        0  stm32f1xx_it.o(i.SysTick_Handler)
    i.SystemClock_Config                     0x08002a8e   Section        0  main.o(i.SystemClock_Config)
    i.SystemInit                             0x08002b06   Section        0  system_stm32f1xx.o(i.SystemInit)
    i.TIM2_IRQHandler                        0x08002b08   Section        0  stm32f1xx_it.o(i.TIM2_IRQHandler)
    i.TIM_Base_SetConfig                     0x08002b14   Section        0  stm32f1xx_hal_tim.o(i.TIM_Base_SetConfig)
    i.TIM_ETR_SetConfig                      0x08002b8c   Section        0  stm32f1xx_hal_tim.o(i.TIM_ETR_SetConfig)
    i.TIM_ITRx_SetConfig                     0x08002ba0   Section        0  stm32f1xx_hal_tim.o(i.TIM_ITRx_SetConfig)
    TIM_ITRx_SetConfig                       0x08002ba1   Thumb Code    16  stm32f1xx_hal_tim.o(i.TIM_ITRx_SetConfig)
    i.TIM_TI1_ConfigInputStage               0x08002bb0   Section        0  stm32f1xx_hal_tim.o(i.TIM_TI1_ConfigInputStage)
    TIM_TI1_ConfigInputStage                 0x08002bb1   Thumb Code    34  stm32f1xx_hal_tim.o(i.TIM_TI1_ConfigInputStage)
    i.TIM_TI2_ConfigInputStage               0x08002bd2   Section        0  stm32f1xx_hal_tim.o(i.TIM_TI2_ConfigInputStage)
    TIM_TI2_ConfigInputStage                 0x08002bd3   Thumb Code    36  stm32f1xx_hal_tim.o(i.TIM_TI2_ConfigInputStage)
    i.UART1_IDLE_Callback                    0x08002bf8   Section        0  uart_task.o(i.UART1_IDLE_Callback)
    i.UART3_IDLE_Callback                    0x08002c5c   Section        0  uart_task.o(i.UART3_IDLE_Callback)
    i.UART_DMAAbortOnError                   0x08002cb8   Section        0  stm32f1xx_hal_uart.o(i.UART_DMAAbortOnError)
    UART_DMAAbortOnError                     0x08002cb9   Thumb Code    16  stm32f1xx_hal_uart.o(i.UART_DMAAbortOnError)
    i.UART_DMAError                          0x08002cc8   Section        0  stm32f1xx_hal_uart.o(i.UART_DMAError)
    UART_DMAError                            0x08002cc9   Thumb Code    74  stm32f1xx_hal_uart.o(i.UART_DMAError)
    i.UART_DMAReceiveCplt                    0x08002d12   Section        0  stm32f1xx_hal_uart.o(i.UART_DMAReceiveCplt)
    UART_DMAReceiveCplt                      0x08002d13   Thumb Code   134  stm32f1xx_hal_uart.o(i.UART_DMAReceiveCplt)
    i.UART_DMARxHalfCplt                     0x08002d98   Section        0  stm32f1xx_hal_uart.o(i.UART_DMARxHalfCplt)
    UART_DMARxHalfCplt                       0x08002d99   Thumb Code    30  stm32f1xx_hal_uart.o(i.UART_DMARxHalfCplt)
    i.UART_EndRxTransfer                     0x08002db6   Section        0  stm32f1xx_hal_uart.o(i.UART_EndRxTransfer)
    UART_EndRxTransfer                       0x08002db7   Thumb Code    78  stm32f1xx_hal_uart.o(i.UART_EndRxTransfer)
    i.UART_EndTransmit_IT                    0x08002e04   Section        0  stm32f1xx_hal_uart.o(i.UART_EndTransmit_IT)
    UART_EndTransmit_IT                      0x08002e05   Thumb Code    26  stm32f1xx_hal_uart.o(i.UART_EndTransmit_IT)
    i.UART_EndTxTransfer                     0x08002e1e   Section        0  stm32f1xx_hal_uart.o(i.UART_EndTxTransfer)
    UART_EndTxTransfer                       0x08002e1f   Thumb Code    28  stm32f1xx_hal_uart.o(i.UART_EndTxTransfer)
    i.UART_Receive_IT                        0x08002e3a   Section        0  stm32f1xx_hal_uart.o(i.UART_Receive_IT)
    UART_Receive_IT                          0x08002e3b   Thumb Code   200  stm32f1xx_hal_uart.o(i.UART_Receive_IT)
    i.UART_SetConfig                         0x08002f04   Section        0  stm32f1xx_hal_uart.o(i.UART_SetConfig)
    UART_SetConfig                           0x08002f05   Thumb Code   178  stm32f1xx_hal_uart.o(i.UART_SetConfig)
    i.UART_Start_Receive_DMA                 0x08002fbc   Section        0  stm32f1xx_hal_uart.o(i.UART_Start_Receive_DMA)
    i.UART_Transmit_IT                       0x08003050   Section        0  stm32f1xx_hal_uart.o(i.UART_Transmit_IT)
    UART_Transmit_IT                         0x08003051   Thumb Code    94  stm32f1xx_hal_uart.o(i.UART_Transmit_IT)
    i.UART_WaitOnFlagUntilTimeout            0x080030ae   Section        0  stm32f1xx_hal_uart.o(i.UART_WaitOnFlagUntilTimeout)
    UART_WaitOnFlagUntilTimeout              0x080030af   Thumb Code   116  stm32f1xx_hal_uart.o(i.UART_WaitOnFlagUntilTimeout)
    i.USART1_IRQHandler                      0x08003124   Section        0  stm32f1xx_it.o(i.USART1_IRQHandler)
    i.USART3_IRQHandler                      0x0800313c   Section        0  stm32f1xx_it.o(i.USART3_IRQHandler)
    i.UsageFault_Handler                     0x08003154   Section        0  stm32f1xx_it.o(i.UsageFault_Handler)
    i.__0printf                              0x08003158   Section        0  printfa.o(i.__0printf)
    i.__NVIC_SetPriority                     0x08003178   Section        0  stm32f1xx_hal_cortex.o(i.__NVIC_SetPriority)
    __NVIC_SetPriority                       0x08003179   Thumb Code    32  stm32f1xx_hal_cortex.o(i.__NVIC_SetPriority)
    i.__aeabi_errno_addr                     0x08003198   Section        0  errno.o(i.__aeabi_errno_addr)
    i.__scatterload_copy                     0x080031a0   Section       14  handlers.o(i.__scatterload_copy)
    i.__scatterload_null                     0x080031ae   Section        2  handlers.o(i.__scatterload_null)
    i.__scatterload_zeroinit                 0x080031b0   Section       14  handlers.o(i.__scatterload_zeroinit)
    i._fp_digits                             0x080031c0   Section        0  printfa.o(i._fp_digits)
    _fp_digits                               0x080031c1   Thumb Code   366  printfa.o(i._fp_digits)
    i._printf_core                           0x08003344   Section        0  printfa.o(i._printf_core)
    _printf_core                             0x08003345   Thumb Code  1744  printfa.o(i._printf_core)
    i._printf_post_padding                   0x08003a20   Section        0  printfa.o(i._printf_post_padding)
    _printf_post_padding                     0x08003a21   Thumb Code    36  printfa.o(i._printf_post_padding)
    i._printf_pre_padding                    0x08003a44   Section        0  printfa.o(i._printf_pre_padding)
    _printf_pre_padding                      0x08003a45   Thumb Code    46  printfa.o(i._printf_pre_padding)
    i.delay5ms                               0x08003a72   Section        0  save_info.o(i.delay5ms)
    i.fputc                                  0x08003a94   Section        0  main.o(i.fputc)
    i.init_uart1                             0x08003ab8   Section        0  uart_task.o(i.init_uart1)
    i.init_uart3                             0x08003af0   Section        0  uart_task.o(i.init_uart3)
    i.main                                   0x08003b28   Section        0  main.o(i.main)
    i.protocol_analysis                      0x08003c30   Section        0  uart_task.o(i.protocol_analysis)
    i.read_xMacInfo_from_flash               0x08003dc8   Section        0  save_info.o(i.read_xMacInfo_from_flash)
    i.save_xMacInfo_to_flash                 0x08003e0c   Section        0  save_info.o(i.save_xMacInfo_to_flash)
    i.send_mode1                             0x08003e64   Section        0  logic.o(i.send_mode1)
    i.send_mode1_ch                          0x08003ff4   Section        0  logic.o(i.send_mode1_ch)
    i.send_mode2                             0x08004034   Section        0  logic.o(i.send_mode2)
    i.send_mode2_ch                          0x08004254   Section        0  logic.o(i.send_mode2_ch)
    .constdata                               0x0800429c   Section       18  stm32f1xx_hal_rcc.o(.constdata)
    aPredivFactorTable                       0x0800429c   Data           2  stm32f1xx_hal_rcc.o(.constdata)
    aPLLMULFactorTable                       0x0800429e   Data          16  stm32f1xx_hal_rcc.o(.constdata)
    .constdata                               0x080042ae   Section       18  stm32f1xx_hal_rcc_ex.o(.constdata)
    aPredivFactorTable                       0x080042ae   Data           2  stm32f1xx_hal_rcc_ex.o(.constdata)
    aPLLMULFactorTable                       0x080042b0   Data          16  stm32f1xx_hal_rcc_ex.o(.constdata)
    .constdata                               0x080042c0   Section       16  system_stm32f1xx.o(.constdata)
    .constdata                               0x080042d0   Section        8  system_stm32f1xx.o(.constdata)
    .constdata                               0x080042d8   Section      129  ctype_o.o(.constdata)
    .constdata                               0x0800435c   Section        4  ctype_o.o(.constdata)
    table                                    0x0800435c   Data           4  ctype_o.o(.constdata)
    .data                                    0x20000000   Section       12  main.o(.data)
    .data                                    0x2000000c   Section        4  main.o(.data)
    .data                                    0x20000010   Section        2  uart_task.o(.data)
    .data                                    0x20000014   Section       12  stm32f1xx_hal.o(.data)
    .data                                    0x20000020   Section        4  system_stm32f1xx.o(.data)
    .data                                    0x20000024   Section        4  errno.o(.data)
    _errno                                   0x20000024   Data           4  errno.o(.data)
    .bss                                     0x20000028   Section      520  main.o(.bss)
    .bss                                     0x20000230   Section       68  main.o(.bss)
    .bss                                     0x20000274   Section       68  main.o(.bss)
    .bss                                     0x200002b8   Section       68  main.o(.bss)
    .bss                                     0x20000300   Section       32  stm32f1xx_hal_flash.o(.bss)
    STACK                                    0x20000320   Section     1024  startup_stm32f103xb.o(STACK)

    Global Symbols

    Symbol Name                              Value     Ov Type        Size  Object(Section)

    BuildAttributes$$THM_ISAv4$P$D$K$B$S$PE$A:L22UL41UL21$X:L11$S22US41US21$IEEE1$IW$USESV6$~STKCKD$USESV7$~SHL$OTIME$ROPI$EBA8$MICROLIB$REQ8$PRES8$EABIv2 0x00000000   Number         0  anon$$obj.o ABSOLUTE
    __ARM_use_no_argv                        0x00000000   Number         0  main.o ABSOLUTE
    __use_no_errno                           0x00000000   Number         0  useno.o ABSOLUTE
    __use_no_exception_handling              0x00000000   Number         0  useno.o ABSOLUTE
    __use_no_fp                              0x00000000   Number         0  useno.o ABSOLUTE
    __use_no_heap                            0x00000000   Number         0  useno.o ABSOLUTE
    __use_no_heap_region                     0x00000000   Number         0  useno.o ABSOLUTE
    __use_no_semihosting                     0x00000000   Number         0  useno.o ABSOLUTE
    __use_no_semihosting_swi                 0x00000000   Number         0  useno.o ABSOLUTE
    __use_no_signal_handling                 0x00000000   Number         0  useno.o ABSOLUTE
    _printf_a                                0x00000000   Number         0  stubs.o ABSOLUTE
    _printf_c                                0x00000000   Number         0  stubs.o ABSOLUTE
    _printf_charcount                        0x00000000   Number         0  stubs.o ABSOLUTE
    _printf_d                                0x00000000   Number         0  stubs.o ABSOLUTE
    _printf_e                                0x00000000   Number         0  stubs.o ABSOLUTE
    _printf_f                                0x00000000   Number         0  stubs.o ABSOLUTE
    _printf_flags                            0x00000000   Number         0  stubs.o ABSOLUTE
    _printf_fp_dec                           0x00000000   Number         0  stubs.o ABSOLUTE
    _printf_fp_hex                           0x00000000   Number         0  stubs.o ABSOLUTE
    _printf_g                                0x00000000   Number         0  stubs.o ABSOLUTE
    _printf_i                                0x00000000   Number         0  stubs.o ABSOLUTE
    _printf_int_dec                          0x00000000   Number         0  stubs.o ABSOLUTE
    _printf_l                                0x00000000   Number         0  stubs.o ABSOLUTE
    _printf_lc                               0x00000000   Number         0  stubs.o ABSOLUTE
    _printf_ll                               0x00000000   Number         0  stubs.o ABSOLUTE
    _printf_lld                              0x00000000   Number         0  stubs.o ABSOLUTE
    _printf_lli                              0x00000000   Number         0  stubs.o ABSOLUTE
    _printf_llo                              0x00000000   Number         0  stubs.o ABSOLUTE
    _printf_llu                              0x00000000   Number         0  stubs.o ABSOLUTE
    _printf_llx                              0x00000000   Number         0  stubs.o ABSOLUTE
    _printf_longlong_dec                     0x00000000   Number         0  stubs.o ABSOLUTE
    _printf_longlong_hex                     0x00000000   Number         0  stubs.o ABSOLUTE
    _printf_longlong_oct                     0x00000000   Number         0  stubs.o ABSOLUTE
    _printf_ls                               0x00000000   Number         0  stubs.o ABSOLUTE
    _printf_mbtowc                           0x00000000   Number         0  stubs.o ABSOLUTE
    _printf_n                                0x00000000   Number         0  stubs.o ABSOLUTE
    _printf_o                                0x00000000   Number         0  stubs.o ABSOLUTE
    _printf_p                                0x00000000   Number         0  stubs.o ABSOLUTE
    _printf_percent                          0x00000000   Number         0  stubs.o ABSOLUTE
    _printf_pre_padding                      0x00000000   Number         0  stubs.o ABSOLUTE
    _printf_return_value                     0x00000000   Number         0  stubs.o ABSOLUTE
    _printf_s                                0x00000000   Number         0  stubs.o ABSOLUTE
    _printf_sizespec                         0x00000000   Number         0  stubs.o ABSOLUTE
    _printf_str                              0x00000000   Number         0  stubs.o ABSOLUTE
    _printf_truncate_signed                  0x00000000   Number         0  stubs.o ABSOLUTE
    _printf_truncate_unsigned                0x00000000   Number         0  stubs.o ABSOLUTE
    _printf_u                                0x00000000   Number         0  stubs.o ABSOLUTE
    _printf_wc                               0x00000000   Number         0  stubs.o ABSOLUTE
    _printf_wctomb                           0x00000000   Number         0  stubs.o ABSOLUTE
    _printf_widthprec                        0x00000000   Number         0  stubs.o ABSOLUTE
    _printf_x                                0x00000000   Number         0  stubs.o ABSOLUTE
    __cpp_initialize__aeabi_                  - Undefined Weak Reference
    __cxa_finalize                            - Undefined Weak Reference
    __decompress                              - Undefined Weak Reference
    _clock_init                               - Undefined Weak Reference
    _microlib_exit                            - Undefined Weak Reference
    __Vectors_Size                           0x000000ec   Number         0  startup_stm32f103xb.o ABSOLUTE
    __Vectors                                0x08000000   Data           4  startup_stm32f103xb.o(RESET)
    __Vectors_End                            0x080000ec   Data           0  startup_stm32f103xb.o(RESET)
    __main                                   0x080000ed   Thumb Code     0  entry.o(.ARM.Collect$$$$00000000)
    _main_stk                                0x080000ed   Thumb Code     0  entry2.o(.ARM.Collect$$$$00000001)
    _main_scatterload                        0x080000f1   Thumb Code     0  entry5.o(.ARM.Collect$$$$00000004)
    __main_after_scatterload                 0x080000f5   Thumb Code     0  entry5.o(.ARM.Collect$$$$00000004)
    _main_clock                              0x080000f5   Thumb Code     0  entry7b.o(.ARM.Collect$$$$00000008)
    _main_cpp_init                           0x080000f5   Thumb Code     0  entry8b.o(.ARM.Collect$$$$0000000A)
    _main_init                               0x080000f5   Thumb Code     0  entry9a.o(.ARM.Collect$$$$0000000B)
    __rt_final_cpp                           0x080000fd   Thumb Code     0  entry10a.o(.ARM.Collect$$$$0000000D)
    __rt_final_exit                          0x080000fd   Thumb Code     0  entry11a.o(.ARM.Collect$$$$0000000F)
    Reset_Handler                            0x08000101   Thumb Code     8  startup_stm32f103xb.o(.text)
    ADC1_2_IRQHandler                        0x0800011b   Thumb Code     0  startup_stm32f103xb.o(.text)
    CAN1_RX1_IRQHandler                      0x0800011b   Thumb Code     0  startup_stm32f103xb.o(.text)
    CAN1_SCE_IRQHandler                      0x0800011b   Thumb Code     0  startup_stm32f103xb.o(.text)
    DMA1_Channel2_IRQHandler                 0x0800011b   Thumb Code     0  startup_stm32f103xb.o(.text)
    DMA1_Channel4_IRQHandler                 0x0800011b   Thumb Code     0  startup_stm32f103xb.o(.text)
    DMA1_Channel6_IRQHandler                 0x0800011b   Thumb Code     0  startup_stm32f103xb.o(.text)
    DMA1_Channel7_IRQHandler                 0x0800011b   Thumb Code     0  startup_stm32f103xb.o(.text)
    EXTI0_IRQHandler                         0x0800011b   Thumb Code     0  startup_stm32f103xb.o(.text)
    EXTI15_10_IRQHandler                     0x0800011b   Thumb Code     0  startup_stm32f103xb.o(.text)
    EXTI1_IRQHandler                         0x0800011b   Thumb Code     0  startup_stm32f103xb.o(.text)
    EXTI2_IRQHandler                         0x0800011b   Thumb Code     0  startup_stm32f103xb.o(.text)
    EXTI3_IRQHandler                         0x0800011b   Thumb Code     0  startup_stm32f103xb.o(.text)
    EXTI4_IRQHandler                         0x0800011b   Thumb Code     0  startup_stm32f103xb.o(.text)
    EXTI9_5_IRQHandler                       0x0800011b   Thumb Code     0  startup_stm32f103xb.o(.text)
    FLASH_IRQHandler                         0x0800011b   Thumb Code     0  startup_stm32f103xb.o(.text)
    I2C1_ER_IRQHandler                       0x0800011b   Thumb Code     0  startup_stm32f103xb.o(.text)
    I2C1_EV_IRQHandler                       0x0800011b   Thumb Code     0  startup_stm32f103xb.o(.text)
    I2C2_ER_IRQHandler                       0x0800011b   Thumb Code     0  startup_stm32f103xb.o(.text)
    I2C2_EV_IRQHandler                       0x0800011b   Thumb Code     0  startup_stm32f103xb.o(.text)
    PVD_IRQHandler                           0x0800011b   Thumb Code     0  startup_stm32f103xb.o(.text)
    RCC_IRQHandler                           0x0800011b   Thumb Code     0  startup_stm32f103xb.o(.text)
    RTC_Alarm_IRQHandler                     0x0800011b   Thumb Code     0  startup_stm32f103xb.o(.text)
    RTC_IRQHandler                           0x0800011b   Thumb Code     0  startup_stm32f103xb.o(.text)
    SPI1_IRQHandler                          0x0800011b   Thumb Code     0  startup_stm32f103xb.o(.text)
    SPI2_IRQHandler                          0x0800011b   Thumb Code     0  startup_stm32f103xb.o(.text)
    TAMPER_IRQHandler                        0x0800011b   Thumb Code     0  startup_stm32f103xb.o(.text)
    TIM1_BRK_IRQHandler                      0x0800011b   Thumb Code     0  startup_stm32f103xb.o(.text)
    TIM1_CC_IRQHandler                       0x0800011b   Thumb Code     0  startup_stm32f103xb.o(.text)
    TIM1_TRG_COM_IRQHandler                  0x0800011b   Thumb Code     0  startup_stm32f103xb.o(.text)
    TIM1_UP_IRQHandler                       0x0800011b   Thumb Code     0  startup_stm32f103xb.o(.text)
    TIM3_IRQHandler                          0x0800011b   Thumb Code     0  startup_stm32f103xb.o(.text)
    TIM4_IRQHandler                          0x0800011b   Thumb Code     0  startup_stm32f103xb.o(.text)
    USART2_IRQHandler                        0x0800011b   Thumb Code     0  startup_stm32f103xb.o(.text)
    USBWakeUp_IRQHandler                     0x0800011b   Thumb Code     0  startup_stm32f103xb.o(.text)
    USB_HP_CAN1_TX_IRQHandler                0x0800011b   Thumb Code     0  startup_stm32f103xb.o(.text)
    USB_LP_CAN1_RX0_IRQHandler               0x0800011b   Thumb Code     0  startup_stm32f103xb.o(.text)
    WWDG_IRQHandler                          0x0800011b   Thumb Code     0  startup_stm32f103xb.o(.text)
    __aeabi_llsr                             0x08000125   Thumb Code    32  llushr.o(.text)
    _ll_ushift_r                             0x08000125   Thumb Code     0  llushr.o(.text)
    __aeabi_memset                           0x08000145   Thumb Code    14  memseta.o(.text)
    __aeabi_memset4                          0x08000145   Thumb Code     0  memseta.o(.text)
    __aeabi_memset8                          0x08000145   Thumb Code     0  memseta.o(.text)
    __aeabi_memclr                           0x08000153   Thumb Code     4  memseta.o(.text)
    __aeabi_memclr4                          0x08000153   Thumb Code     0  memseta.o(.text)
    __aeabi_memclr8                          0x08000153   Thumb Code     0  memseta.o(.text)
    _memset$wrapper                          0x08000157   Thumb Code    18  memseta.o(.text)
    strncmp                                  0x08000169   Thumb Code    30  strncmp.o(.text)
    atoi                                     0x08000187   Thumb Code    26  atoi.o(.text)
    __aeabi_dmul                             0x080001a1   Thumb Code   228  dmul.o(.text)
    __aeabi_ui2f                             0x08000285   Thumb Code    10  ffltui.o(.text)
    __aeabi_f2d                              0x0800028f   Thumb Code    38  f2d.o(.text)
    __aeabi_uidiv                            0x080002b5   Thumb Code     0  uidiv.o(.text)
    __aeabi_uidivmod                         0x080002b5   Thumb Code    44  uidiv.o(.text)
    __aeabi_uldivmod                         0x080002e1   Thumb Code    98  uldiv.o(.text)
    strtol                                   0x08000343   Thumb Code   112  strtol.o(.text)
    __I$use$fp                               0x080003b3   Thumb Code     0  iusefp.o(.text)
    _float_round                             0x080003b3   Thumb Code    18  fepilogue.o(.text)
    _float_epilogue                          0x080003c5   Thumb Code    92  fepilogue.o(.text)
    _double_round                            0x08000421   Thumb Code    30  depilogue.o(.text)
    _double_epilogue                         0x0800043f   Thumb Code   156  depilogue.o(.text)
    __aeabi_dadd                             0x080004db   Thumb Code   322  dadd.o(.text)
    __aeabi_dsub                             0x0800061d   Thumb Code     6  dadd.o(.text)
    __aeabi_drsub                            0x08000623   Thumb Code     6  dadd.o(.text)
    __aeabi_ddiv                             0x08000629   Thumb Code   222  ddiv.o(.text)
    __aeabi_d2ulz                            0x08000707   Thumb Code    48  dfixul.o(.text)
    __aeabi_cdrcmple                         0x08000739   Thumb Code    48  cdrcmple.o(.text)
    __scatterload                            0x08000769   Thumb Code    28  init.o(.text)
    __scatterload_rt2                        0x08000769   Thumb Code     0  init.o(.text)
    __aeabi_llsl                             0x0800078d   Thumb Code    30  llshl.o(.text)
    _ll_shift_l                              0x0800078d   Thumb Code     0  llshl.o(.text)
    __aeabi_lasr                             0x080007ab   Thumb Code    36  llsshr.o(.text)
    _ll_sshift_r                             0x080007ab   Thumb Code     0  llsshr.o(.text)
    __rt_ctype_table                         0x080007d1   Thumb Code     4  ctype_o.o(.text)
    _strtoul                                 0x080007d9   Thumb Code   158  _strtoul.o(.text)
    _chval                                   0x08000877   Thumb Code    28  _chval.o(.text)
    ADC_ConversionStop_Disable               0x08000893   Thumb Code    84  stm32f1xx_hal_adc.o(i.ADC_ConversionStop_Disable)
    ADC_DMAConvCplt                          0x080008e7   Thumb Code    78  stm32f1xx_hal_adc.o(i.ADC_DMAConvCplt)
    ADC_DMAError                             0x08000935   Thumb Code    26  stm32f1xx_hal_adc.o(i.ADC_DMAError)
    ADC_DMAHalfConvCplt                      0x0800094f   Thumb Code    10  stm32f1xx_hal_adc.o(i.ADC_DMAHalfConvCplt)
    ADC_Enable                               0x08000959   Thumb Code   118  stm32f1xx_hal_adc.o(i.ADC_Enable)
    BusFault_Handler                         0x080009d9   Thumb Code     2  stm32f1xx_it.o(i.BusFault_Handler)
    DMA1_Channel1_IRQHandler                 0x080009dd   Thumb Code     6  stm32f1xx_it.o(i.DMA1_Channel1_IRQHandler)
    DMA1_Channel3_IRQHandler                 0x080009e9   Thumb Code     6  stm32f1xx_it.o(i.DMA1_Channel3_IRQHandler)
    DMA1_Channel5_IRQHandler                 0x080009f5   Thumb Code     6  stm32f1xx_it.o(i.DMA1_Channel5_IRQHandler)
    DebugMon_Handler                         0x08000a2d   Thumb Code     2  stm32f1xx_it.o(i.DebugMon_Handler)
    Error_Handler                            0x08000a2f   Thumb Code     4  main.o(i.Error_Handler)
    FLASH_PageErase                          0x08000a59   Thumb Code    28  stm32f1xx_hal_flash_ex.o(i.FLASH_PageErase)
    FLASH_WaitForLastOperation               0x08000af5   Thumb Code    80  stm32f1xx_hal_flash.o(i.FLASH_WaitForLastOperation)
    HAL_ADCEx_Calibration_Start              0x08000b49   Thumb Code   238  stm32f1xx_hal_adc_ex.o(i.HAL_ADCEx_Calibration_Start)
    HAL_ADC_ConfigChannel                    0x08000c3d   Thumb Code   250  stm32f1xx_hal_adc.o(i.HAL_ADC_ConfigChannel)
    HAL_ADC_ConvCpltCallback                 0x08000d45   Thumb Code     2  stm32f1xx_hal_adc.o(i.HAL_ADC_ConvCpltCallback)
    HAL_ADC_ConvHalfCpltCallback             0x08000d47   Thumb Code     2  stm32f1xx_hal_adc.o(i.HAL_ADC_ConvHalfCpltCallback)
    HAL_ADC_ErrorCallback                    0x08000d49   Thumb Code     2  stm32f1xx_hal_adc.o(i.HAL_ADC_ErrorCallback)
    HAL_ADC_Init                             0x08000d4d   Thumb Code   272  stm32f1xx_hal_adc.o(i.HAL_ADC_Init)
    HAL_ADC_MspInit                          0x08000e65   Thumb Code   150  stm32f1xx_hal_msp.o(i.HAL_ADC_MspInit)
    HAL_ADC_Start_DMA                        0x08000f15   Thumb Code   268  stm32f1xx_hal_adc.o(i.HAL_ADC_Start_DMA)
    HAL_DMA_Abort                            0x08001035   Thumb Code    70  stm32f1xx_hal_dma.o(i.HAL_DMA_Abort)
    HAL_DMA_Abort_IT                         0x0800107d   Thumb Code   148  stm32f1xx_hal_dma.o(i.HAL_DMA_Abort_IT)
    HAL_DMA_IRQHandler                       0x08001115   Thumb Code   336  stm32f1xx_hal_dma.o(i.HAL_DMA_IRQHandler)
    HAL_DMA_Init                             0x0800127d   Thumb Code    90  stm32f1xx_hal_dma.o(i.HAL_DMA_Init)
    HAL_DMA_Start_IT                         0x080012e1   Thumb Code   116  stm32f1xx_hal_dma.o(i.HAL_DMA_Start_IT)
    HAL_FLASHEx_Erase                        0x08001355   Thumb Code   158  stm32f1xx_hal_flash_ex.o(i.HAL_FLASHEx_Erase)
    HAL_FLASH_Lock                           0x080013fd   Thumb Code    14  stm32f1xx_hal_flash.o(i.HAL_FLASH_Lock)
    HAL_FLASH_Program                        0x08001411   Thumb Code   132  stm32f1xx_hal_flash.o(i.HAL_FLASH_Program)
    HAL_FLASH_Unlock                         0x0800149d   Thumb Code    28  stm32f1xx_hal_flash.o(i.HAL_FLASH_Unlock)
    HAL_GPIO_Init                            0x080014c5   Thumb Code   464  stm32f1xx_hal_gpio.o(i.HAL_GPIO_Init)
    HAL_GPIO_TogglePin                       0x080016b5   Thumb Code    16  stm32f1xx_hal_gpio.o(i.HAL_GPIO_TogglePin)
    HAL_GPIO_WritePin                        0x080016c5   Thumb Code    14  stm32f1xx_hal_gpio.o(i.HAL_GPIO_WritePin)
    HAL_GetTick                              0x080016d5   Thumb Code     6  stm32f1xx_hal.o(i.HAL_GetTick)
    HAL_IncTick                              0x080016e1   Thumb Code    12  stm32f1xx_hal.o(i.HAL_IncTick)
    HAL_Init                                 0x080016f1   Thumb Code    32  stm32f1xx_hal.o(i.HAL_Init)
    HAL_InitTick                             0x08001715   Thumb Code    58  stm32f1xx_hal.o(i.HAL_InitTick)
    HAL_MspInit                              0x08001759   Thumb Code    52  stm32f1xx_hal_msp.o(i.HAL_MspInit)
    HAL_NVIC_EnableIRQ                       0x08001795   Thumb Code    26  stm32f1xx_hal_cortex.o(i.HAL_NVIC_EnableIRQ)
    HAL_NVIC_SetPriority                     0x080017b1   Thumb Code    60  stm32f1xx_hal_cortex.o(i.HAL_NVIC_SetPriority)
    HAL_NVIC_SetPriorityGrouping             0x080017f1   Thumb Code    26  stm32f1xx_hal_cortex.o(i.HAL_NVIC_SetPriorityGrouping)
    HAL_RCCEx_GetPeriphCLKFreq               0x08001815   Thumb Code   152  stm32f1xx_hal_rcc_ex.o(i.HAL_RCCEx_GetPeriphCLKFreq)
    HAL_RCCEx_PeriphCLKConfig                0x080018bd   Thumb Code   256  stm32f1xx_hal_rcc_ex.o(i.HAL_RCCEx_PeriphCLKConfig)
    HAL_RCC_ClockConfig                      0x080019c9   Thumb Code   318  stm32f1xx_hal_rcc.o(i.HAL_RCC_ClockConfig)
    HAL_RCC_GetHCLKFreq                      0x08001b1d   Thumb Code     6  stm32f1xx_hal_rcc.o(i.HAL_RCC_GetHCLKFreq)
    HAL_RCC_GetPCLK1Freq                     0x08001b29   Thumb Code    22  stm32f1xx_hal_rcc.o(i.HAL_RCC_GetPCLK1Freq)
    HAL_RCC_GetPCLK2Freq                     0x08001b49   Thumb Code    22  stm32f1xx_hal_rcc.o(i.HAL_RCC_GetPCLK2Freq)
    HAL_RCC_GetSysClockFreq                  0x08001b69   Thumb Code    58  stm32f1xx_hal_rcc.o(i.HAL_RCC_GetSysClockFreq)
    HAL_RCC_OscConfig                        0x08001bb5   Thumb Code   882  stm32f1xx_hal_rcc.o(i.HAL_RCC_OscConfig)
    HAL_SYSTICK_Config                       0x08001f39   Thumb Code    40  stm32f1xx_hal_cortex.o(i.HAL_SYSTICK_Config)
    HAL_TIMEx_BreakCallback                  0x08001f61   Thumb Code     2  stm32f1xx_hal_tim_ex.o(i.HAL_TIMEx_BreakCallback)
    HAL_TIMEx_CommutCallback                 0x08001f63   Thumb Code     2  stm32f1xx_hal_tim_ex.o(i.HAL_TIMEx_CommutCallback)
    HAL_TIMEx_MasterConfigSynchronization    0x08001f65   Thumb Code    90  stm32f1xx_hal_tim_ex.o(i.HAL_TIMEx_MasterConfigSynchronization)
    HAL_TIM_Base_Init                        0x08001fcd   Thumb Code    74  stm32f1xx_hal_tim.o(i.HAL_TIM_Base_Init)
    HAL_TIM_Base_MspInit                     0x08002019   Thumb Code    50  stm32f1xx_hal_msp.o(i.HAL_TIM_Base_MspInit)
    HAL_TIM_Base_Start_IT                    0x08002051   Thumb Code    86  stm32f1xx_hal_tim.o(i.HAL_TIM_Base_Start_IT)
    HAL_TIM_ConfigClockSource                0x080020b5   Thumb Code   232  stm32f1xx_hal_tim.o(i.HAL_TIM_ConfigClockSource)
    HAL_TIM_IC_CaptureCallback               0x0800219d   Thumb Code     2  stm32f1xx_hal_tim.o(i.HAL_TIM_IC_CaptureCallback)
    HAL_TIM_IRQHandler                       0x0800219f   Thumb Code   312  stm32f1xx_hal_tim.o(i.HAL_TIM_IRQHandler)
    HAL_TIM_OC_DelayElapsedCallback          0x080022d7   Thumb Code     2  stm32f1xx_hal_tim.o(i.HAL_TIM_OC_DelayElapsedCallback)
    HAL_TIM_PWM_PulseFinishedCallback        0x080022d9   Thumb Code     2  stm32f1xx_hal_tim.o(i.HAL_TIM_PWM_PulseFinishedCallback)
    HAL_TIM_PeriodElapsedCallback            0x080022dd   Thumb Code    56  main.o(i.HAL_TIM_PeriodElapsedCallback)
    HAL_TIM_TriggerCallback                  0x08002321   Thumb Code     2  stm32f1xx_hal_tim.o(i.HAL_TIM_TriggerCallback)
    HAL_UARTEx_RxEventCallback               0x08002323   Thumb Code     2  stm32f1xx_hal_uart.o(i.HAL_UARTEx_RxEventCallback)
    HAL_UART_DMAStop                         0x08002325   Thumb Code   112  stm32f1xx_hal_uart.o(i.HAL_UART_DMAStop)
    HAL_UART_ErrorCallback                   0x08002395   Thumb Code     2  stm32f1xx_hal_uart.o(i.HAL_UART_ErrorCallback)
    HAL_UART_IRQHandler                      0x08002399   Thumb Code   554  stm32f1xx_hal_uart.o(i.HAL_UART_IRQHandler)
    HAL_UART_Init                            0x080025c9   Thumb Code   102  stm32f1xx_hal_uart.o(i.HAL_UART_Init)
    HAL_UART_MspInit                         0x08002631   Thumb Code   290  stm32f1xx_hal_msp.o(i.HAL_UART_MspInit)
    HAL_UART_Receive_DMA                     0x08002775   Thumb Code    28  stm32f1xx_hal_uart.o(i.HAL_UART_Receive_DMA)
    HAL_UART_RxCpltCallback                  0x08002791   Thumb Code     2  stm32f1xx_hal_uart.o(i.HAL_UART_RxCpltCallback)
    HAL_UART_RxHalfCpltCallback              0x08002793   Thumb Code     2  stm32f1xx_hal_uart.o(i.HAL_UART_RxHalfCpltCallback)
    HAL_UART_Transmit                        0x08002795   Thumb Code   174  stm32f1xx_hal_uart.o(i.HAL_UART_Transmit)
    HAL_UART_TxCpltCallback                  0x08002843   Thumb Code     2  stm32f1xx_hal_uart.o(i.HAL_UART_TxCpltCallback)
    HardFault_Handler                        0x08002845   Thumb Code     2  stm32f1xx_it.o(i.HardFault_Handler)
    MemManage_Handler                        0x08002a5d   Thumb Code     2  stm32f1xx_it.o(i.MemManage_Handler)
    NMI_Handler                              0x08002a5f   Thumb Code     2  stm32f1xx_it.o(i.NMI_Handler)
    PendSV_Handler                           0x08002a61   Thumb Code     2  stm32f1xx_it.o(i.PendSV_Handler)
    SVC_Handler                              0x08002a89   Thumb Code     2  stm32f1xx_it.o(i.SVC_Handler)
    SysTick_Handler                          0x08002a8b   Thumb Code     4  stm32f1xx_it.o(i.SysTick_Handler)
    SystemClock_Config                       0x08002a8f   Thumb Code   120  main.o(i.SystemClock_Config)
    SystemInit                               0x08002b07   Thumb Code     2  system_stm32f1xx.o(i.SystemInit)
    TIM2_IRQHandler                          0x08002b09   Thumb Code     6  stm32f1xx_it.o(i.TIM2_IRQHandler)
    TIM_Base_SetConfig                       0x08002b15   Thumb Code   108  stm32f1xx_hal_tim.o(i.TIM_Base_SetConfig)
    TIM_ETR_SetConfig                        0x08002b8d   Thumb Code    20  stm32f1xx_hal_tim.o(i.TIM_ETR_SetConfig)
    UART1_IDLE_Callback                      0x08002bf9   Thumb Code    84  uart_task.o(i.UART1_IDLE_Callback)
    UART3_IDLE_Callback                      0x08002c5d   Thumb Code    76  uart_task.o(i.UART3_IDLE_Callback)
    UART_Start_Receive_DMA                   0x08002fbd   Thumb Code   134  stm32f1xx_hal_uart.o(i.UART_Start_Receive_DMA)
    USART1_IRQHandler                        0x08003125   Thumb Code    18  stm32f1xx_it.o(i.USART1_IRQHandler)
    USART3_IRQHandler                        0x0800313d   Thumb Code    18  stm32f1xx_it.o(i.USART3_IRQHandler)
    UsageFault_Handler                       0x08003155   Thumb Code     2  stm32f1xx_it.o(i.UsageFault_Handler)
    __0printf                                0x08003159   Thumb Code    22  printfa.o(i.__0printf)
    __1printf                                0x08003159   Thumb Code     0  printfa.o(i.__0printf)
    __2printf                                0x08003159   Thumb Code     0  printfa.o(i.__0printf)
    __c89printf                              0x08003159   Thumb Code     0  printfa.o(i.__0printf)
    printf                                   0x08003159   Thumb Code     0  printfa.o(i.__0printf)
    __aeabi_errno_addr                       0x08003199   Thumb Code     4  errno.o(i.__aeabi_errno_addr)
    __rt_errno_addr                          0x08003199   Thumb Code     0  errno.o(i.__aeabi_errno_addr)
    __scatterload_copy                       0x080031a1   Thumb Code    14  handlers.o(i.__scatterload_copy)
    __scatterload_null                       0x080031af   Thumb Code     2  handlers.o(i.__scatterload_null)
    __scatterload_zeroinit                   0x080031b1   Thumb Code    14  handlers.o(i.__scatterload_zeroinit)
    delay5ms                                 0x08003a73   Thumb Code    32  save_info.o(i.delay5ms)
    fputc                                    0x08003a95   Thumb Code    32  main.o(i.fputc)
    init_uart1                               0x08003ab9   Thumb Code    46  uart_task.o(i.init_uart1)
    init_uart3                               0x08003af1   Thumb Code    46  uart_task.o(i.init_uart3)
    main                                     0x08003b29   Thumb Code   246  main.o(i.main)
    protocol_analysis                        0x08003c31   Thumb Code   324  uart_task.o(i.protocol_analysis)
    read_xMacInfo_from_flash                 0x08003dc9   Thumb Code    58  save_info.o(i.read_xMacInfo_from_flash)
    save_xMacInfo_to_flash                   0x08003e0d   Thumb Code    78  save_info.o(i.save_xMacInfo_to_flash)
    send_mode1                               0x08003e65   Thumb Code   334  logic.o(i.send_mode1)
    send_mode1_ch                            0x08003ff5   Thumb Code    44  logic.o(i.send_mode1_ch)
    send_mode2                               0x08004035   Thumb Code   336  logic.o(i.send_mode2)
    send_mode2_ch                            0x08004255   Thumb Code    46  logic.o(i.send_mode2_ch)
    AHBPrescTable                            0x080042c0   Data          16  system_stm32f1xx.o(.constdata)
    APBPrescTable                            0x080042d0   Data           8  system_stm32f1xx.o(.constdata)
    __ctype_table                            0x080042d8   Data         129  ctype_o.o(.constdata)
    Region$$Table$$Base                      0x08004360   Number         0  anon$$obj.o(Region$$Table)
    Region$$Table$$Limit                     0x08004380   Number         0  anon$$obj.o(Region$$Table)
    SEND_RATE_FLAG                           0x20000000   Data           1  main.o(.data)
    mill_tick                                0x20000004   Data           4  main.o(.data)
    send_rate_tick                           0x20000008   Data           4  main.o(.data)
    __stdout                                 0x2000000c   Data           4  main.o(.data)
    uart1_analysis_flag                      0x20000010   Data           1  uart_task.o(.data)
    uart3_analysis_flag                      0x20000011   Data           1  uart_task.o(.data)
    uwTickFreq                               0x20000014   Data           1  stm32f1xx_hal.o(.data)
    uwTickPrio                               0x20000018   Data           4  stm32f1xx_hal.o(.data)
    uwTick                                   0x2000001c   Data           4  stm32f1xx_hal.o(.data)
    SystemCoreClock                          0x20000020   Data           4  system_stm32f1xx.o(.data)
    xSerial1                                 0x20000028   Data         102  main.o(.bss)
    xSerial3                                 0x2000008e   Data         102  main.o(.bss)
    ADC_BUF                                  0x200000f4   Data          40  main.o(.bss)
    xMacInfo                                 0x2000011c   Data          12  main.o(.bss)
    hadc1                                    0x20000128   Data          48  main.o(.bss)
    htim2                                    0x20000158   Data          72  main.o(.bss)
    huart1                                   0x200001a0   Data          72  main.o(.bss)
    huart3                                   0x200001e8   Data          72  main.o(.bss)
    hdma_adc1                                0x20000230   Data          68  main.o(.bss)
    hdma_usart1_rx                           0x20000274   Data          68  main.o(.bss)
    hdma_usart3_rx                           0x200002b8   Data          68  main.o(.bss)
    pFlash                                   0x20000300   Data          32  stm32f1xx_hal_flash.o(.bss)
    __initial_sp                             0x20000720   Data           0  startup_stm32f103xb.o(STACK)



==============================================================================

Memory Map of the image

  Image Entry point : 0x080000ed

  Load Region LR_IROM1 (Base: 0x08000000, Size: 0x000043a8, Max: 0x00010000, ABSOLUTE)

    Execution Region ER_IROM1 (Exec base: 0x08000000, Load base: 0x08000000, Size: 0x00004380, Max: 0x00010000, ABSOLUTE)

    Exec Addr    Load Addr    Size         Type   Attr      Idx    E Section Name        Object

    0x08000000   0x08000000   0x000000ec   Data   RO            3    RESET               startup_stm32f103xb.o
    0x080000ec   0x080000ec   0x00000000   Code   RO         3250  * .ARM.Collect$$$$00000000  mc_w.l(entry.o)
    0x080000ec   0x080000ec   0x00000004   Code   RO         3528    .ARM.Collect$$$$00000001  mc_w.l(entry2.o)
    0x080000f0   0x080000f0   0x00000004   Code   RO         3531    .ARM.Collect$$$$00000004  mc_w.l(entry5.o)
    0x080000f4   0x080000f4   0x00000000   Code   RO         3533    .ARM.Collect$$$$00000008  mc_w.l(entry7b.o)
    0x080000f4   0x080000f4   0x00000000   Code   RO         3535    .ARM.Collect$$$$0000000A  mc_w.l(entry8b.o)
    0x080000f4   0x080000f4   0x00000008   Code   RO         3536    .ARM.Collect$$$$0000000B  mc_w.l(entry9a.o)
    0x080000fc   0x080000fc   0x00000000   Code   RO         3538    .ARM.Collect$$$$0000000D  mc_w.l(entry10a.o)
    0x080000fc   0x080000fc   0x00000000   Code   RO         3540    .ARM.Collect$$$$0000000F  mc_w.l(entry11a.o)
    0x080000fc   0x080000fc   0x00000004   Code   RO         3529    .ARM.Collect$$$$00002712  mc_w.l(entry2.o)
    0x08000100   0x08000100   0x00000024   Code   RO            4    .text               startup_stm32f103xb.o
    0x08000124   0x08000124   0x00000020   Code   RO         3253    .text               mc_w.l(llushr.o)
    0x08000144   0x08000144   0x00000024   Code   RO         3255    .text               mc_w.l(memseta.o)
    0x08000168   0x08000168   0x0000001e   Code   RO         3257    .text               mc_w.l(strncmp.o)
    0x08000186   0x08000186   0x0000001a   Code   RO         3520    .text               mc_w.l(atoi.o)
    0x080001a0   0x080001a0   0x000000e4   Code   RO         3522    .text               mf_w.l(dmul.o)
    0x08000284   0x08000284   0x0000000a   Code   RO         3524    .text               mf_w.l(ffltui.o)
    0x0800028e   0x0800028e   0x00000026   Code   RO         3526    .text               mf_w.l(f2d.o)
    0x080002b4   0x080002b4   0x0000002c   Code   RO         3542    .text               mc_w.l(uidiv.o)
    0x080002e0   0x080002e0   0x00000062   Code   RO         3544    .text               mc_w.l(uldiv.o)
    0x08000342   0x08000342   0x00000070   Code   RO         3553    .text               mc_w.l(strtol.o)
    0x080003b2   0x080003b2   0x00000000   Code   RO         3555    .text               mc_w.l(iusefp.o)
    0x080003b2   0x080003b2   0x0000006e   Code   RO         3556    .text               mf_w.l(fepilogue.o)
    0x08000420   0x08000420   0x000000ba   Code   RO         3558    .text               mf_w.l(depilogue.o)
    0x080004da   0x080004da   0x0000014e   Code   RO         3560    .text               mf_w.l(dadd.o)
    0x08000628   0x08000628   0x000000de   Code   RO         3562    .text               mf_w.l(ddiv.o)
    0x08000706   0x08000706   0x00000030   Code   RO         3564    .text               mf_w.l(dfixul.o)
    0x08000736   0x08000736   0x00000002   PAD
    0x08000738   0x08000738   0x00000030   Code   RO         3566    .text               mf_w.l(cdrcmple.o)
    0x08000768   0x08000768   0x00000024   Code   RO         3568    .text               mc_w.l(init.o)
    0x0800078c   0x0800078c   0x0000001e   Code   RO         3570    .text               mc_w.l(llshl.o)
    0x080007aa   0x080007aa   0x00000024   Code   RO         3572    .text               mc_w.l(llsshr.o)
    0x080007ce   0x080007ce   0x00000002   PAD
    0x080007d0   0x080007d0   0x00000008   Code   RO         3574    .text               mc_w.l(ctype_o.o)
    0x080007d8   0x080007d8   0x0000009e   Code   RO         3602    .text               mc_w.l(_strtoul.o)
    0x08000876   0x08000876   0x0000001c   Code   RO         3604    .text               mc_w.l(_chval.o)
    0x08000892   0x08000892   0x00000054   Code   RO          579    i.ADC_ConversionStop_Disable  stm32f1xx_hal_adc.o
    0x080008e6   0x080008e6   0x0000004e   Code   RO          580    i.ADC_DMAConvCplt   stm32f1xx_hal_adc.o
    0x08000934   0x08000934   0x0000001a   Code   RO          581    i.ADC_DMAError      stm32f1xx_hal_adc.o
    0x0800094e   0x0800094e   0x0000000a   Code   RO          582    i.ADC_DMAHalfConvCplt  stm32f1xx_hal_adc.o
    0x08000958   0x08000958   0x00000080   Code   RO          583    i.ADC_Enable        stm32f1xx_hal_adc.o
    0x080009d8   0x080009d8   0x00000002   Code   RO          213    i.BusFault_Handler  stm32f1xx_it.o
    0x080009da   0x080009da   0x00000002   PAD
    0x080009dc   0x080009dc   0x0000000c   Code   RO          214    i.DMA1_Channel1_IRQHandler  stm32f1xx_it.o
    0x080009e8   0x080009e8   0x0000000c   Code   RO          215    i.DMA1_Channel3_IRQHandler  stm32f1xx_it.o
    0x080009f4   0x080009f4   0x0000000c   Code   RO          216    i.DMA1_Channel5_IRQHandler  stm32f1xx_it.o
    0x08000a00   0x08000a00   0x0000002c   Code   RO         1240    i.DMA_SetConfig     stm32f1xx_hal_dma.o
    0x08000a2c   0x08000a2c   0x00000002   Code   RO          217    i.DebugMon_Handler  stm32f1xx_it.o
    0x08000a2e   0x08000a2e   0x00000004   Code   RO           13    i.Error_Handler     main.o
    0x08000a32   0x08000a32   0x00000002   PAD
    0x08000a34   0x08000a34   0x00000024   Code   RO         1680    i.FLASH_MassErase   stm32f1xx_hal_flash_ex.o
    0x08000a58   0x08000a58   0x00000024   Code   RO         1689    i.FLASH_PageErase   stm32f1xx_hal_flash_ex.o
    0x08000a7c   0x08000a7c   0x0000001c   Code   RO         1577    i.FLASH_Program_HalfWord  stm32f1xx_hal_flash.o
    0x08000a98   0x08000a98   0x0000005c   Code   RO         1578    i.FLASH_SetErrorCode  stm32f1xx_hal_flash.o
    0x08000af4   0x08000af4   0x00000054   Code   RO         1579    i.FLASH_WaitForLastOperation  stm32f1xx_hal_flash.o
    0x08000b48   0x08000b48   0x000000f4   Code   RO          759    i.HAL_ADCEx_Calibration_Start  stm32f1xx_hal_adc_ex.o
    0x08000c3c   0x08000c3c   0x00000108   Code   RO          585    i.HAL_ADC_ConfigChannel  stm32f1xx_hal_adc.o
    0x08000d44   0x08000d44   0x00000002   Code   RO          586    i.HAL_ADC_ConvCpltCallback  stm32f1xx_hal_adc.o
    0x08000d46   0x08000d46   0x00000002   Code   RO          587    i.HAL_ADC_ConvHalfCpltCallback  stm32f1xx_hal_adc.o
    0x08000d48   0x08000d48   0x00000002   Code   RO          589    i.HAL_ADC_ErrorCallback  stm32f1xx_hal_adc.o
    0x08000d4a   0x08000d4a   0x00000002   PAD
    0x08000d4c   0x08000d4c   0x00000118   Code   RO          594    i.HAL_ADC_Init      stm32f1xx_hal_adc.o
    0x08000e64   0x08000e64   0x000000b0   Code   RO          326    i.HAL_ADC_MspInit   stm32f1xx_hal_msp.o
    0x08000f14   0x08000f14   0x00000120   Code   RO          601    i.HAL_ADC_Start_DMA  stm32f1xx_hal_adc.o
    0x08001034   0x08001034   0x00000046   Code   RO         1241    i.HAL_DMA_Abort     stm32f1xx_hal_dma.o
    0x0800107a   0x0800107a   0x00000002   PAD
    0x0800107c   0x0800107c   0x00000098   Code   RO         1242    i.HAL_DMA_Abort_IT  stm32f1xx_hal_dma.o
    0x08001114   0x08001114   0x00000168   Code   RO         1246    i.HAL_DMA_IRQHandler  stm32f1xx_hal_dma.o
    0x0800127c   0x0800127c   0x00000064   Code   RO         1247    i.HAL_DMA_Init      stm32f1xx_hal_dma.o
    0x080012e0   0x080012e0   0x00000074   Code   RO         1251    i.HAL_DMA_Start_IT  stm32f1xx_hal_dma.o
    0x08001354   0x08001354   0x000000a8   Code   RO         1690    i.HAL_FLASHEx_Erase  stm32f1xx_hal_flash_ex.o
    0x080013fc   0x080013fc   0x00000014   Code   RO         1583    i.HAL_FLASH_Lock    stm32f1xx_hal_flash.o
    0x08001410   0x08001410   0x0000008c   Code   RO         1588    i.HAL_FLASH_Program  stm32f1xx_hal_flash.o
    0x0800149c   0x0800149c   0x00000028   Code   RO         1590    i.HAL_FLASH_Unlock  stm32f1xx_hal_flash.o
    0x080014c4   0x080014c4   0x000001f0   Code   RO         1177    i.HAL_GPIO_Init     stm32f1xx_hal_gpio.o
    0x080016b4   0x080016b4   0x00000010   Code   RO         1180    i.HAL_GPIO_TogglePin  stm32f1xx_hal_gpio.o
    0x080016c4   0x080016c4   0x0000000e   Code   RO         1181    i.HAL_GPIO_WritePin  stm32f1xx_hal_gpio.o
    0x080016d2   0x080016d2   0x00000002   PAD
    0x080016d4   0x080016d4   0x0000000c   Code   RO          866    i.HAL_GetTick       stm32f1xx_hal.o
    0x080016e0   0x080016e0   0x00000010   Code   RO          872    i.HAL_IncTick       stm32f1xx_hal.o
    0x080016f0   0x080016f0   0x00000024   Code   RO          873    i.HAL_Init          stm32f1xx_hal.o
    0x08001714   0x08001714   0x00000044   Code   RO          874    i.HAL_InitTick      stm32f1xx_hal.o
    0x08001758   0x08001758   0x0000003c   Code   RO          327    i.HAL_MspInit       stm32f1xx_hal_msp.o
    0x08001794   0x08001794   0x0000001a   Code   RO         1337    i.HAL_NVIC_EnableIRQ  stm32f1xx_hal_cortex.o
    0x080017ae   0x080017ae   0x00000002   PAD
    0x080017b0   0x080017b0   0x00000040   Code   RO         1343    i.HAL_NVIC_SetPriority  stm32f1xx_hal_cortex.o
    0x080017f0   0x080017f0   0x00000024   Code   RO         1344    i.HAL_NVIC_SetPriorityGrouping  stm32f1xx_hal_cortex.o
    0x08001814   0x08001814   0x000000a8   Code   RO         1138    i.HAL_RCCEx_GetPeriphCLKFreq  stm32f1xx_hal_rcc_ex.o
    0x080018bc   0x080018bc   0x0000010c   Code   RO         1139    i.HAL_RCCEx_PeriphCLKConfig  stm32f1xx_hal_rcc_ex.o
    0x080019c8   0x080019c8   0x00000154   Code   RO         1030    i.HAL_RCC_ClockConfig  stm32f1xx_hal_rcc.o
    0x08001b1c   0x08001b1c   0x0000000c   Code   RO         1035    i.HAL_RCC_GetHCLKFreq  stm32f1xx_hal_rcc.o
    0x08001b28   0x08001b28   0x00000020   Code   RO         1037    i.HAL_RCC_GetPCLK1Freq  stm32f1xx_hal_rcc.o
    0x08001b48   0x08001b48   0x00000020   Code   RO         1038    i.HAL_RCC_GetPCLK2Freq  stm32f1xx_hal_rcc.o
    0x08001b68   0x08001b68   0x0000004c   Code   RO         1039    i.HAL_RCC_GetSysClockFreq  stm32f1xx_hal_rcc.o
    0x08001bb4   0x08001bb4   0x00000384   Code   RO         1042    i.HAL_RCC_OscConfig  stm32f1xx_hal_rcc.o
    0x08001f38   0x08001f38   0x00000028   Code   RO         1348    i.HAL_SYSTICK_Config  stm32f1xx_hal_cortex.o
    0x08001f60   0x08001f60   0x00000002   Code   RO         2575    i.HAL_TIMEx_BreakCallback  stm32f1xx_hal_tim_ex.o
    0x08001f62   0x08001f62   0x00000002   Code   RO         2576    i.HAL_TIMEx_CommutCallback  stm32f1xx_hal_tim_ex.o
    0x08001f64   0x08001f64   0x00000068   Code   RO         2594    i.HAL_TIMEx_MasterConfigSynchronization  stm32f1xx_hal_tim_ex.o
    0x08001fcc   0x08001fcc   0x0000004a   Code   RO         1860    i.HAL_TIM_Base_Init  stm32f1xx_hal_tim.o
    0x08002016   0x08002016   0x00000002   PAD
    0x08002018   0x08002018   0x00000038   Code   RO          329    i.HAL_TIM_Base_MspInit  stm32f1xx_hal_msp.o
    0x08002050   0x08002050   0x00000064   Code   RO         1865    i.HAL_TIM_Base_Start_IT  stm32f1xx_hal_tim.o
    0x080020b4   0x080020b4   0x000000e8   Code   RO         1869    i.HAL_TIM_ConfigClockSource  stm32f1xx_hal_tim.o
    0x0800219c   0x0800219c   0x00000002   Code   RO         1894    i.HAL_TIM_IC_CaptureCallback  stm32f1xx_hal_tim.o
    0x0800219e   0x0800219e   0x00000138   Code   RO         1908    i.HAL_TIM_IRQHandler  stm32f1xx_hal_tim.o
    0x080022d6   0x080022d6   0x00000002   Code   RO         1911    i.HAL_TIM_OC_DelayElapsedCallback  stm32f1xx_hal_tim.o
    0x080022d8   0x080022d8   0x00000002   Code   RO         1938    i.HAL_TIM_PWM_PulseFinishedCallback  stm32f1xx_hal_tim.o
    0x080022da   0x080022da   0x00000002   PAD
    0x080022dc   0x080022dc   0x00000044   Code   RO           14    i.HAL_TIM_PeriodElapsedCallback  main.o
    0x08002320   0x08002320   0x00000002   Code   RO         1951    i.HAL_TIM_TriggerCallback  stm32f1xx_hal_tim.o
    0x08002322   0x08002322   0x00000002   Code   RO         2854    i.HAL_UARTEx_RxEventCallback  stm32f1xx_hal_uart.o
    0x08002324   0x08002324   0x00000070   Code   RO         2866    i.HAL_UART_DMAStop  stm32f1xx_hal_uart.o
    0x08002394   0x08002394   0x00000002   Code   RO         2868    i.HAL_UART_ErrorCallback  stm32f1xx_hal_uart.o
    0x08002396   0x08002396   0x00000002   PAD
    0x08002398   0x08002398   0x00000230   Code   RO         2871    i.HAL_UART_IRQHandler  stm32f1xx_hal_uart.o
    0x080025c8   0x080025c8   0x00000066   Code   RO         2872    i.HAL_UART_Init     stm32f1xx_hal_uart.o
    0x0800262e   0x0800262e   0x00000002   PAD
    0x08002630   0x08002630   0x00000144   Code   RO          331    i.HAL_UART_MspInit  stm32f1xx_hal_msp.o
    0x08002774   0x08002774   0x0000001c   Code   RO         2876    i.HAL_UART_Receive_DMA  stm32f1xx_hal_uart.o
    0x08002790   0x08002790   0x00000002   Code   RO         2878    i.HAL_UART_RxCpltCallback  stm32f1xx_hal_uart.o
    0x08002792   0x08002792   0x00000002   Code   RO         2879    i.HAL_UART_RxHalfCpltCallback  stm32f1xx_hal_uart.o
    0x08002794   0x08002794   0x000000ae   Code   RO         2880    i.HAL_UART_Transmit  stm32f1xx_hal_uart.o
    0x08002842   0x08002842   0x00000002   Code   RO         2883    i.HAL_UART_TxCpltCallback  stm32f1xx_hal_uart.o
    0x08002844   0x08002844   0x00000002   Code   RO          218    i.HardFault_Handler  stm32f1xx_it.o
    0x08002846   0x08002846   0x00000002   PAD
    0x08002848   0x08002848   0x00000104   Code   RO           15    i.MX_ADC1_Init      main.o
    0x0800294c   0x0800294c   0x0000004c   Code   RO           16    i.MX_DMA_Init       main.o
    0x08002998   0x08002998   0x00000060   Code   RO           17    i.MX_GPIO_Init      main.o
    0x080029f8   0x080029f8   0x00000064   Code   RO           18    i.MX_TIM2_Init      main.o
    0x08002a5c   0x08002a5c   0x00000002   Code   RO          219    i.MemManage_Handler  stm32f1xx_it.o
    0x08002a5e   0x08002a5e   0x00000002   Code   RO          220    i.NMI_Handler       stm32f1xx_it.o
    0x08002a60   0x08002a60   0x00000002   Code   RO          221    i.PendSV_Handler    stm32f1xx_it.o
    0x08002a62   0x08002a62   0x00000002   PAD
    0x08002a64   0x08002a64   0x00000024   Code   RO         1043    i.RCC_Delay         stm32f1xx_hal_rcc.o
    0x08002a88   0x08002a88   0x00000002   Code   RO          222    i.SVC_Handler       stm32f1xx_it.o
    0x08002a8a   0x08002a8a   0x00000004   Code   RO          223    i.SysTick_Handler   stm32f1xx_it.o
    0x08002a8e   0x08002a8e   0x00000078   Code   RO           19    i.SystemClock_Config  main.o
    0x08002b06   0x08002b06   0x00000002   Code   RO         3216    i.SystemInit        system_stm32f1xx.o
    0x08002b08   0x08002b08   0x0000000c   Code   RO          224    i.TIM2_IRQHandler   stm32f1xx_it.o
    0x08002b14   0x08002b14   0x00000078   Code   RO         1953    i.TIM_Base_SetConfig  stm32f1xx_hal_tim.o
    0x08002b8c   0x08002b8c   0x00000014   Code   RO         1964    i.TIM_ETR_SetConfig  stm32f1xx_hal_tim.o
    0x08002ba0   0x08002ba0   0x00000010   Code   RO         1965    i.TIM_ITRx_SetConfig  stm32f1xx_hal_tim.o
    0x08002bb0   0x08002bb0   0x00000022   Code   RO         1971    i.TIM_TI1_ConfigInputStage  stm32f1xx_hal_tim.o
    0x08002bd2   0x08002bd2   0x00000024   Code   RO         1973    i.TIM_TI2_ConfigInputStage  stm32f1xx_hal_tim.o
    0x08002bf6   0x08002bf6   0x00000002   PAD
    0x08002bf8   0x08002bf8   0x00000064   Code   RO          452    i.UART1_IDLE_Callback  uart_task.o
    0x08002c5c   0x08002c5c   0x0000005c   Code   RO          453    i.UART3_IDLE_Callback  uart_task.o
    0x08002cb8   0x08002cb8   0x00000010   Code   RO         2885    i.UART_DMAAbortOnError  stm32f1xx_hal_uart.o
    0x08002cc8   0x08002cc8   0x0000004a   Code   RO         2886    i.UART_DMAError     stm32f1xx_hal_uart.o
    0x08002d12   0x08002d12   0x00000086   Code   RO         2887    i.UART_DMAReceiveCplt  stm32f1xx_hal_uart.o
    0x08002d98   0x08002d98   0x0000001e   Code   RO         2889    i.UART_DMARxHalfCplt  stm32f1xx_hal_uart.o
    0x08002db6   0x08002db6   0x0000004e   Code   RO         2895    i.UART_EndRxTransfer  stm32f1xx_hal_uart.o
    0x08002e04   0x08002e04   0x0000001a   Code   RO         2896    i.UART_EndTransmit_IT  stm32f1xx_hal_uart.o
    0x08002e1e   0x08002e1e   0x0000001c   Code   RO         2897    i.UART_EndTxTransfer  stm32f1xx_hal_uart.o
    0x08002e3a   0x08002e3a   0x000000c8   Code   RO         2898    i.UART_Receive_IT   stm32f1xx_hal_uart.o
    0x08002f02   0x08002f02   0x00000002   PAD
    0x08002f04   0x08002f04   0x000000b8   Code   RO         2899    i.UART_SetConfig    stm32f1xx_hal_uart.o
    0x08002fbc   0x08002fbc   0x00000094   Code   RO         2900    i.UART_Start_Receive_DMA  stm32f1xx_hal_uart.o
    0x08003050   0x08003050   0x0000005e   Code   RO         2902    i.UART_Transmit_IT  stm32f1xx_hal_uart.o
    0x080030ae   0x080030ae   0x00000074   Code   RO         2903    i.UART_WaitOnFlagUntilTimeout  stm32f1xx_hal_uart.o
    0x08003122   0x08003122   0x00000002   PAD
    0x08003124   0x08003124   0x00000018   Code   RO          225    i.USART1_IRQHandler  stm32f1xx_it.o
    0x0800313c   0x0800313c   0x00000018   Code   RO          226    i.USART3_IRQHandler  stm32f1xx_it.o
    0x08003154   0x08003154   0x00000002   Code   RO          227    i.UsageFault_Handler  stm32f1xx_it.o
    0x08003156   0x08003156   0x00000002   PAD
    0x08003158   0x08003158   0x00000020   Code   RO         3492    i.__0printf         mc_w.l(printfa.o)
    0x08003178   0x08003178   0x00000020   Code   RO         1350    i.__NVIC_SetPriority  stm32f1xx_hal_cortex.o
    0x08003198   0x08003198   0x00000008   Code   RO         3546    i.__aeabi_errno_addr  mc_w.l(errno.o)
    0x080031a0   0x080031a0   0x0000000e   Code   RO         3608    i.__scatterload_copy  mc_w.l(handlers.o)
    0x080031ae   0x080031ae   0x00000002   Code   RO         3609    i.__scatterload_null  mc_w.l(handlers.o)
    0x080031b0   0x080031b0   0x0000000e   Code   RO         3610    i.__scatterload_zeroinit  mc_w.l(handlers.o)
    0x080031be   0x080031be   0x00000002   PAD
    0x080031c0   0x080031c0   0x00000184   Code   RO         3499    i._fp_digits        mc_w.l(printfa.o)
    0x08003344   0x08003344   0x000006dc   Code   RO         3500    i._printf_core      mc_w.l(printfa.o)
    0x08003a20   0x08003a20   0x00000024   Code   RO         3501    i._printf_post_padding  mc_w.l(printfa.o)
    0x08003a44   0x08003a44   0x0000002e   Code   RO         3502    i._printf_pre_padding  mc_w.l(printfa.o)
    0x08003a72   0x08003a72   0x00000020   Code   RO          507    i.delay5ms          save_info.o
    0x08003a92   0x08003a92   0x00000002   PAD
    0x08003a94   0x08003a94   0x00000024   Code   RO           21    i.fputc             main.o
    0x08003ab8   0x08003ab8   0x00000038   Code   RO          454    i.init_uart1        uart_task.o
    0x08003af0   0x08003af0   0x00000038   Code   RO          455    i.init_uart3        uart_task.o
    0x08003b28   0x08003b28   0x00000108   Code   RO           22    i.main              main.o
    0x08003c30   0x08003c30   0x00000198   Code   RO          456    i.protocol_analysis  uart_task.o
    0x08003dc8   0x08003dc8   0x00000044   Code   RO          508    i.read_xMacInfo_from_flash  save_info.o
    0x08003e0c   0x08003e0c   0x00000058   Code   RO          509    i.save_xMacInfo_to_flash  save_info.o
    0x08003e64   0x08003e64   0x00000190   Code   RO          386    i.send_mode1        logic.o
    0x08003ff4   0x08003ff4   0x00000040   Code   RO          387    i.send_mode1_ch     logic.o
    0x08004034   0x08004034   0x00000220   Code   RO          388    i.send_mode2        logic.o
    0x08004254   0x08004254   0x00000048   Code   RO          389    i.send_mode2_ch     logic.o
    0x0800429c   0x0800429c   0x00000012   Data   RO         1044    .constdata          stm32f1xx_hal_rcc.o
    0x080042ae   0x080042ae   0x00000012   Data   RO         1140    .constdata          stm32f1xx_hal_rcc_ex.o
    0x080042c0   0x080042c0   0x00000010   Data   RO         3217    .constdata          system_stm32f1xx.o
    0x080042d0   0x080042d0   0x00000008   Data   RO         3218    .constdata          system_stm32f1xx.o
    0x080042d8   0x080042d8   0x00000081   Data   RO         3575    .constdata          mc_w.l(ctype_o.o)
    0x08004359   0x08004359   0x00000003   PAD
    0x0800435c   0x0800435c   0x00000004   Data   RO         3576    .constdata          mc_w.l(ctype_o.o)
    0x08004360   0x08004360   0x00000020   Data   RO         3606    Region$$Table       anon$$obj.o


    Execution Region RW_IRAM1 (Exec base: 0x20000000, Load base: 0x08004380, Size: 0x00000720, Max: 0x00005000, ABSOLUTE)

    Exec Addr    Load Addr    Size         Type   Attr      Idx    E Section Name        Object

    0x20000000   0x08004380   0x0000000c   Data   RW           27    .data               main.o
    0x2000000c   0x0800438c   0x00000004   Data   RW           29    .data               main.o
    0x20000010   0x08004390   0x00000002   Data   RW          457    .data               uart_task.o
    0x20000012   0x08004392   0x00000002   PAD
    0x20000014   0x08004394   0x0000000c   Data   RW          880    .data               stm32f1xx_hal.o
    0x20000020   0x080043a0   0x00000004   Data   RW         3219    .data               system_stm32f1xx.o
    0x20000024   0x080043a4   0x00000004   Data   RW         3549    .data               mc_w.l(errno.o)
    0x20000028        -       0x00000208   Zero   RW           23    .bss                main.o
    0x20000230        -       0x00000044   Zero   RW           24    .bss                main.o
    0x20000274        -       0x00000044   Zero   RW           25    .bss                main.o
    0x200002b8        -       0x00000044   Zero   RW           26    .bss                main.o
    0x200002fc   0x080043a8   0x00000004   PAD
    0x20000300        -       0x00000020   Zero   RW         1591    .bss                stm32f1xx_hal_flash.o
    0x20000320        -       0x00000400   Zero   RW            1    STACK               startup_stm32f103xb.o


==============================================================================

Image component sizes


      Code (inc. data)   RO Data    RW Data    ZI Data      Debug   Object Name

      1080        320          0          0          0       1890   logic.o
      1024         60          0         16        724     461460   main.o
       188         20          0          0          0       2083   save_info.o
        36          8        236          0       1024        788   startup_stm32f103xb.o
       132         24          0         12          0       5205   stm32f1xx_hal.o
      1164         52          0          0          0       8386   stm32f1xx_hal_adc.o
       244          6          0          0          0       1466   stm32f1xx_hal_adc_ex.o
       198         14          0          0          0      28963   stm32f1xx_hal_cortex.o
       842         38          0          0          0       4954   stm32f1xx_hal_dma.o
       404         46          0          0         32       4218   stm32f1xx_hal_flash.o
       240         28          0          0          0       2535   stm32f1xx_hal_flash_ex.o
       526         32          0          0          0       3357   stm32f1xx_hal_gpio.o
       616         74          0          0          0       3252   stm32f1xx_hal_msp.o
      1428         90         18          0          0       6484   stm32f1xx_hal_rcc.o
       436         28         18          0          0       2577   stm32f1xx_hal_rcc_ex.o
       952         26          0          0          0       9379   stm32f1xx_hal_tim.o
       108         14          0          0          0       2401   stm32f1xx_hal_tim_ex.o
      2114         26          0          0          0      16493   stm32f1xx_hal_uart.o
       116         36          0          0          0       6405   stm32f1xx_it.o
         2          0         24          4          0       1071   system_stm32f1xx.o
       712        136          0          2          0       4482   uart_task.o

    ----------------------------------------------------------------------
     12596       1078        328         36       1784     577849   Object Totals
         0          0         32          0          0          0   (incl. Generated)
        34          0          0          2          4          0   (incl. Padding)

    ----------------------------------------------------------------------

      Code (inc. data)   RO Data    RW Data    ZI Data      Debug   Library Member Name

        28          0          0          0          0         68   _chval.o
       158          0          0          0          0         92   _strtoul.o
        26          0          0          0          0         80   atoi.o
         8          4        133          0          0         68   ctype_o.o
         0          0          0          0          0          0   entry.o
         0          0          0          0          0          0   entry10a.o
         0          0          0          0          0          0   entry11a.o
         8          4          0          0          0          0   entry2.o
         4          0          0          0          0          0   entry5.o
         0          0          0          0          0          0   entry7b.o
         0          0          0          0          0          0   entry8b.o
         8          4          0          0          0          0   entry9a.o
         8          4          0          4          0         68   errno.o
        30          0          0          0          0          0   handlers.o
        36          8          0          0          0         68   init.o
         0          0          0          0          0          0   iusefp.o
        30          0          0          0          0         68   llshl.o
        36          0          0          0          0         68   llsshr.o
        32          0          0          0          0         68   llushr.o
        36          0          0          0          0        108   memseta.o
      2258         90          0          0          0        452   printfa.o
        30          0          0          0          0         80   strncmp.o
       112          0          0          0          0         88   strtol.o
        44          0          0          0          0         80   uidiv.o
        98          0          0          0          0         92   uldiv.o
        48          0          0          0          0         68   cdrcmple.o
       334          0          0          0          0        148   dadd.o
       222          0          0          0          0        100   ddiv.o
       186          0          0          0          0        176   depilogue.o
        48          0          0          0          0         68   dfixul.o
       228          0          0          0          0         96   dmul.o
        38          0          0          0          0         68   f2d.o
       110          0          0          0          0        168   fepilogue.o
        10          0          0          0          0         68   ffltui.o

    ----------------------------------------------------------------------
      4220        114        136          4          0       2508   Library Totals
         6          0          3          0          0          0   (incl. Padding)

    ----------------------------------------------------------------------

      Code (inc. data)   RO Data    RW Data    ZI Data      Debug   Library Name

      2990        114        133          4          0       1548   mc_w.l
      1224          0          0          0          0        960   mf_w.l

    ----------------------------------------------------------------------
      4220        114        136          4          0       2508   Library Totals

    ----------------------------------------------------------------------

==============================================================================


      Code (inc. data)   RO Data    RW Data    ZI Data      Debug   

     16816       1192        464         40       1784     572917   Grand Totals
     16816       1192        464         40       1784     572917   ELF Image Totals
     16816       1192        464         40          0          0   ROM Totals

==============================================================================

    Total RO  Size (Code + RO Data)                17280 (  16.88kB)
    Total RW  Size (RW Data + ZI Data)              1824 (   1.78kB)
    Total ROM Size (Code + RO Data + RW Data)      17320 (  16.91kB)

==============================================================================

